Archive member included to satisfy reference by file (symbol)

C:/devkitPro/libctru/lib\libcitro3d.a(base.o)
                              main.o (C3D_Init)
C:/devkitPro/libctru/lib\libcitro3d.a(renderqueue.o)
                              C:/devkitPro/libctru/lib\libcitro3d.a(base.o) (C3Di_RenderQueueEnableVBlank)
C:/devkitPro/libctru/lib\libcitro3d.a(texture.o)
                              main.o (C3D_TexBind)
C:/devkitPro/libctru/lib\libcitro3d.a(tex3ds.o)
                              main.o (Tex3DS_TextureImport)
C:/devkitPro/libctru/lib\libcitro3d.a(framebuffer.o)
                              C:/devkitPro/libctru/lib\libcitro3d.a(renderqueue.o) (C3D_CalcColorBufSize)
C:/devkitPro/libctru/lib\libcitro3d.a(texenv.o)
                              main.o (C3D_GetTexEnv)
C:/devkitPro/libctru/lib\libcitro3d.a(buffers.o)
                              main.o (BufInfo_Init)
C:/devkitPro/libctru/lib\libcitro3d.a(drawArrays.o)
                              main.o (C3D_DrawArrays)
C:/devkitPro/libctru/lib\libcitro3d.a(effect.o)
                              C:/devkitPro/libctru/lib\libcitro3d.a(base.o) (C3D_DepthMap)
C:/devkitPro/libctru/lib\libcitro3d.a(attribs.o)
                              main.o (AttrInfo_Init)
C:/devkitPro/libctru/lib\libcitro3d.a(immediate.o)
                              C:/devkitPro/libctru/lib\libcitro3d.a(base.o) (C3D_ImmSendAttrib)
C:/devkitPro/libctru/lib\libcitro3d.a(uniforms.o)
                              C:/devkitPro/libctru/lib\libcitro3d.a(base.o) (C3D_UpdateUniforms)
C:/devkitPro/libctru/lib\libcitro3d.a(mtx_rotatex.o)
                              main.o (Mtx_RotateX)
C:/devkitPro/libctru/lib\libcitro3d.a(mtx_persptilt.o)
                              main.o (Mtx_PerspTilt)
C:/devkitPro/libctru/lib\libcitro3d.a(mtx_translate.o)
                              main.o (Mtx_Translate)
C:/devkitPro/libctru/lib\libcitro3d.a(mtx_rotatey.o)
                              main.o (Mtx_RotateY)
C:/devkitPro/libctru/lib\libctru.a(vram.o)
                              C:/devkitPro/libctru/lib\libcitro3d.a(renderqueue.o) (vramAlloc)
C:/devkitPro/libctru/lib\libctru.a(linear.o)
                              main.o (linearAlloc)
C:/devkitPro/libctru/lib\libctru.a(mem_pool.o)
                              C:/devkitPro/libctru/lib\libctru.a(vram.o) (MemPool::Allocate(MemChunk&, unsigned long, int))
C:/devkitPro/libctru/lib\libctru.a(romfs_dev.o)
                              main.o (romfsMountSelf)
C:/devkitPro/libctru/lib\libctru.a(os.o)
                              C:/devkitPro/libctru/lib\libcitro3d.a(texture.o) (osConvertVirtToPhys)
C:/devkitPro/libctru/lib\libctru.a(console.o)
                              main.o (consoleSelect)
C:/devkitPro/libctru/lib\libctru.a(path_buf.o)
                              C:/devkitPro/libctru/lib\libctru.a(romfs_dev.o) (__ctru_dev_utf16_buf)
C:/devkitPro/libctru/lib\libctru.a(gfx.o)
                              C:/devkitPro/libctru/lib\libctru.a(console.o) (gfxIsWide)
C:/devkitPro/libctru/lib\libctru.a(shaderProgram.o)
                              main.o (shaderInstanceGetUniformLocation)
C:/devkitPro/libctru/lib\libctru.a(shbin.o)
                              main.o (DVLB_ParseFile)
C:/devkitPro/libctru/lib\libctru.a(gx.o)
                              C:/devkitPro/libctru/lib\libcitro3d.a(renderqueue.o) (GX_BindQueue)
C:/devkitPro/libctru/lib\libctru.a(gxqueue.o)
                              C:/devkitPro/libctru/lib\libcitro3d.a(renderqueue.o) (gxCmdQueueClear)
C:/devkitPro/libctru/lib\libctru.a(gpu.o)
                              C:/devkitPro/libctru/lib\libcitro3d.a(base.o) (gpuCmdBufOffset)
C:/devkitPro/libctru/lib\libctru.a(gspgpu.o)
                              C:/devkitPro/libctru/lib\libctru.a(gfx.o) (gspInit)
C:/devkitPro/libctru/lib\libctru.a(apt.o)
                              C:/devkitPro/libctru/lib\libcitro3d.a(base.o) (aptHook)
C:/devkitPro/libctru/lib\libctru.a(hid.o)
                              main.o (hidScanInput)
C:/devkitPro/libctru/lib\libctru.a(ptmsysm.o)
                              C:/devkitPro/libctru/lib\libctru.a(os.o) (ptmSysmInit)
C:/devkitPro/libctru/lib\libctru.a(fs.o)
                              C:/devkitPro/libctru/lib\libctru.a(romfs_dev.o) (FSUSER_OpenFileDirectly)
C:/devkitPro/libctru/lib\libctru.a(decompress.o)
                              C:/devkitPro/libctru/lib\libcitro3d.a(tex3ds.o) (decompressCallback_FD)
C:/devkitPro/libctru/lib\libctru.a(rbtree_init.o)
                              C:/devkitPro/libctru/lib\libctru.a(vram.o) (rbtree_init)
C:/devkitPro/libctru/lib\libctru.a(rbtree_insert.o)
                              C:/devkitPro/libctru/lib\libctru.a(vram.o) (rbtree_insert)
C:/devkitPro/libctru/lib\libctru.a(rbtree_rotate.o)
                              C:/devkitPro/libctru/lib\libctru.a(rbtree_insert.o) (rbtree_rotate)
C:/devkitPro/libctru/lib\libctru.a(rbtree_remove.o)
[...]
Memory Configuration

Name             Origin             Length             Attributes
*default*        0x0000000000000000 0xffffffffffffffff

Linker script and memory map

                0x0000000000100000                PROVIDE (__start__ = 0x100000)
                0x0000000000100000                . = __start__

.text           0x0000000000100000    0x2c568
 *(.crt0)
 .crt0          0x0000000000100000       0x94 c:/devkitpro/devkitarm/bin/../lib/gcc/arm-none-eabi/12.1.0/../../../../arm-none-eabi/lib/armv6k/fpu/3dsx_crt0.o
                0x0000000000100000                _start
                0x0000000000100008                __service_ptr
                0x000000000010000c                __apt_appid
                0x0000000000100010                __heap_size
                0x0000000000100014                __linear_heap_size
                0x0000000000100018                __system_arglist
                0x000000000010001c                __system_runflags
 *(.init)
 .init          0x0000000000100094        0xc c:/devkitpro/devkitarm/bin/../lib/gcc/arm-none-eabi/12.1.0/armv6k/fpu/crti.o
                0x0000000000100094                _init
 .init          0x00000000001000a0        0xc c:/devkitpro/devkitarm/bin/../lib/gcc/arm-none-eabi/12.1.0/armv6k/fpu/crtn.o
                0x00000000001000ac                . = ALIGN (0x4)
 *(.text)
 .text          0x00000000001000ac      0x20c c:/devkitpro/devkitarm/bin/../lib/gcc/arm-none-eabi/12.1.0/armv6k/fpu\libgcc.a(_udivsi3.o)
                0x00000000001000ac                __aeabi_uidiv
                0x00000000001000ac                __udivsi3
                0x0000000000100298                __aeabi_uidivmod
 .text          0x00000000001002b8      0x240 c:/devkitpro/devkitarm/bin/../lib/gcc/arm-none-eabi/12.1.0/armv6k/fpu\libgcc.a(_divsi3.o)
                0x00000000001002b8                __divsi3
                0x00000000001002b8                __aeabi_idiv
                0x00000000001004d8                __aeabi_idivmod
 .text          0x00000000001004f8        0x4 c:/devkitpro/devkitarm/bin/../lib/gcc/arm-none-eabi/12.1.0/armv6k/fpu\libgcc.a(_dvmd_tls.o)
                0x00000000001004f8                __aeabi_idiv0
                0x00000000001004f8                __aeabi_ldiv0
 .text          0x00000000001004fc      0x3c0 c:/devkitpro/devkitarm/bin/../lib/gcc/arm-none-eabi/12.1.0/armv6k/fpu\libgcc.a(_arm_addsubdf3.o)
                0x00000000001004fc                __aeabi_drsub
                0x0000000000100504                __aeabi_dsub
                0x0000000000100504                __subdf3
                0x0000000000100508                __aeabi_dadd
                0x0000000000100508                __adddf3
                0x00000000001007b4                __floatunsidf
                0x00000000001007b4                __aeabi_ui2d
                0x00000000001007d8                __floatsidf
                0x00000000001007d8                __aeabi_i2d
                0x0000000000100800                __aeabi_f2d
                0x0000000000100800                __extendsfdf2
                0x0000000000100848                __floatundidf
                0x0000000000100848                __aeabi_ul2d
                0x000000000010085c                __floatdidf
                0x000000000010085c                __aeabi_l2d
 .text          0x00000000001008bc       0xd4 c:/devkitpro/devkitarm/bin/../lib/gcc/arm-none-eabi/12.1.0/armv6k/fpu\libgcc.a(_aeabi_ldivmod.o)
                0x00000000001008bc                __aeabi_ldivmod
 .text          0x0000000000100990       0x3c c:/devkitpro/devkitarm/bin/../lib/gcc/arm-none-eabi/12.1.0/armv6k/fpu\libgcc.a(_aeabi_uldivmod.o)
                0x0000000000100990                __aeabi_uldivmod
 .text          0x00000000001009cc      0x1a8 c:/devkitpro/devkitarm/bin/../lib/gcc/arm-none-eabi/12.1.0/armv6k/fpu\libgcc.a(libunwind.o)
                0x00000000001009cc                __restore_core_regs
                0x00000000001009cc                restore_core_regs
                0x00000000001009e0                __gnu_Unwind_Restore_VFP
                0x00000000001009e8                __gnu_Unwind_Save_VFP
                0x00000000001009f0                __gnu_Unwind_Restore_VFP_D
                0x00000000001009f8                __gnu_Unwind_Save_VFP_D
                0x0000000000100a00                __gnu_Unwind_Restore_VFP_D_16_to_31
                0x0000000000100a08                __gnu_Unwind_Save_VFP_D_16_to_31
                0x0000000000100a10                __gnu_Unwind_Restore_WMMXD
                0x0000000000100a54                __gnu_Unwind_Save_WMMXD
                0x0000000000100a98                __gnu_Unwind_Restore_WMMXC
                0x0000000000100aac                __gnu_Unwind_Save_WMMXC
                0x0000000000100ac0                ___Unwind_RaiseException
                0x0000000000100ac0                _Unwind_RaiseException
                0x0000000000100ae4                _Unwind_Resume
                0x0000000000100ae4                ___Unwind_Resume
                0x0000000000100b08                _Unwind_Resume_or_Rethrow
                0x0000000000100b08                ___Unwind_Resume_or_Rethrow
                0x0000000000100b2c                _Unwind_ForcedUnwind
                0x0000000000100b2c                ___Unwind_ForcedUnwind
                0x0000000000100b50                ___Unwind_Backtrace
                0x0000000000100b50                _Unwind_Backtrace
 *fill*         0x0000000000100b74        0xc 
 .text          0x0000000000100b80      0x390 c:/devkitpro/devkitarm/bin/../lib/gcc/arm-none-eabi/12.1.0/../../../../arm-none-eabi/lib/armv6k/fpu\libg.a(lib_a-strcmp.o)
                0x0000000000100b88                strcmp
 *(.text.*)
 .text.__do_global_dtors_aux
                0x0000000000100f10       0x40 c:/devkitpro/devkitarm/bin/../lib/gcc/arm-none-eabi/12.1.0/armv6k/fpu/crtbegin.o
 .text.frame_dummy
                0x0000000000100f50       0x2c c:/devkitpro/devkitarm/bin/../lib/gcc/arm-none-eabi/12.1.0/armv6k/fpu/crtbegin.o
 .text._Z13multiplyMat4s4Mat4S_
                0x0000000000100f7c      0x1fc main.o
                0x0000000000100f7c                multiplyMat4s(Mat4, Mat4)
 .text._Z11getQuatMat44Quat
                0x0000000000101178       0xb8 main.o
                0x0000000000101178                getQuatMat4(Quat)
 .text._Z20getAngleRotationMat44Vec3
                0x0000000000101230       0xf4 main.o
                0x0000000000101230                getAngleRotationMat4(Vec3)
 .text._Z12initGraphicsv
                0x0000000000101324      0x158 main.o
                0x0000000000101324                initGraphics()
 .text._Z14updateUniformsP7C3D_Mtx
                0x000000000010147c      0x12c main.o
                0x000000000010147c                updateUniforms(C3D_Mtx*)
 .text._ZN4Mesh14updateVertDataE4Mat4
                0x00000000001015a8      0x1fc main.o
                0x00000000001015a8                Mesh::updateVertData(Mat4)
 .text._ZN4Node4drawE4Mat4PS_P7C3D_TexP4MeshP4AnimP11AnimChannelii
                0x00000000001017a4      0x5ec main.o
                0x00000000001017a4                Node::draw(Mat4, Node*, C3D_Tex*, Mesh*, Anim*, AnimChannel*, int, int)
 .text._Z8loadVec3Ph
                0x0000000000101d90       0x24 main.o
                0x0000000000101d90                loadVec3(unsigned char*)
 .text._Z8loadQuatPh
                0x0000000000101db4       0x2c main.o
                0x0000000000101db4                loadQuat(unsigned char*)
 .text._Z7loadMatPh
                0x0000000000101de0       0x84 main.o
                0x0000000000101de0                loadMat(unsigned char*)
 .text._ZN10GameObject4drawEv
                0x0000000000101e64      0x280 main.o
                0x0000000000101e64                GameObject::draw()
 *fill*         0x00000000001020e4        0x4 
 .text._Z9sceneInitv
                0x00000000001020e8     0x1520 main.o
                0x00000000001020e8                sceneInit()
 .text._Z11sceneRenderv
                0x0000000000103608      0x188 main.o
                0x0000000000103608                sceneRender()
 .text._Z9sceneExitv
                0x0000000000103790       0x20 main.o
                0x0000000000103790                sceneExit()
 .text.startup.main
                0x00000000001037b0      0x278 main.o
                0x00000000001037b0                main
 .text.C3Di_LightEnvUpdate
                0x0000000000103a28        0x4 C:/devkitPro/libctru/lib\libcitro3d.a(base.o)
                0x0000000000103a28                C3Di_LightEnvUpdate
 .text.C3Di_LightEnvDirty
                0x0000000000103a2c        0x4 C:/devkitPro/libctru/lib\libcitro3d.a(base.o)
                0x0000000000103a2c                C3Di_LightEnvDirty
 .text.C3Di_ProcTexUpdate
                0x0000000000103a30        0x4 C:/devkitPro/libctru/lib\libcitro3d.a(base.o)
                0x0000000000103a30                C3Di_ProcTexUpdate
 .text.C3Di_ProcTexDirty
                0x0000000000103a34        0x4 C:/devkitPro/libctru/lib\libcitro3d.a(base.o)
                0x0000000000103a34                C3Di_ProcTexDirty
 .text.C3Di_AptEventHook
                0x0000000000103a38       0xb4 C:/devkitPro/libctru/lib\libcitro3d.a(base.o)
 .text.C3Di_GasUpdate
                0x0000000000103aec        0x4 C:/devkitPro/libctru/lib\libcitro3d.a(base.o)
                0x0000000000103aec                C3Di_GasUpdate
 .text.C3D_Init
                0x0000000000103af0      0x1e0 C:/devkitPro/libctru/lib\libcitro3d.a(base.o)
                0x0000000000103af0                C3D_Init
 .text.C3D_SetViewport
                0x0000000000103cd0       0x98 C:/devkitPro/libctru/lib\libcitro3d.a(base.o)
                0x0000000000103cd0                C3D_SetViewport
 .text.C3Di_UpdateContext
                0x0000000000103d68      0x4e8 C:/devkitPro/libctru/lib\libcitro3d.a(base.o)
                0x0000000000103d68                C3Di_UpdateContext
 .text.C3Di_SplitFrame
                0x0000000000104250       0xe0 C:/devkitPro/libctru/lib\libcitro3d.a(base.o)
                0x0000000000104250                C3Di_SplitFrame
 .text.C3D_Fini
                0x0000000000104330       0x44 C:/devkitPro/libctru/lib\libcitro3d.a(base.o)
                0x0000000000104330                C3D_Fini
 .text.C3D_BindProgram
                0x0000000000104374      0x114 C:/devkitPro/libctru/lib\libcitro3d.a(base.o)
                0x0000000000104374                C3D_BindProgram
 .text.onVBlank0
                0x0000000000104488       0x4c C:/devkitPro/libctru/lib\libcitro3d.a(renderqueue.o)
 .text.onVBlank1
                0x00000000001044d4       0x4c C:/devkitPro/libctru/lib\libcitro3d.a(renderqueue.o)
 .text.C3Di_RenderTargetDestroy
                0x0000000000104520       0x80 C:/devkitPro/libctru/lib\libcitro3d.a(renderqueue.o)
 .text.onQueueFinish
                0x00000000001045a0       0xf4 C:/devkitPro/libctru/lib\libcitro3d.a(renderqueue.o)
 .text.C3Di_RenderQueueEnableVBlank
                0x0000000000104694       0x38 C:/devkitPro/libctru/lib\libcitro3d.a(renderqueue.o)
                0x0000000000104694                C3Di_RenderQueueEnableVBlank
 .text.C3Di_RenderQueueDisableVBlank
                0x00000000001046cc       0x30 C:/devkitPro/libctru/lib\libcitro3d.a(renderqueue.o)
                0x00000000001046cc                C3Di_RenderQueueDisableVBlank
 .text.C3Di_RenderQueueInit
                0x00000000001046fc       0x60 C:/devkitPro/libctru/lib\libcitro3d.a(renderqueue.o)
                0x00000000001046fc                C3Di_RenderQueueInit
 .text.C3Di_RenderQueueExit
                0x000000000010475c       0xb0 C:/devkitPro/libctru/lib\libcitro3d.a(renderqueue.o)
                0x000000000010475c                C3Di_RenderQueueExit
 .text.C3Di_RenderQueueWaitDone
                0x000000000010480c       0x34 C:/devkitPro/libctru/lib\libcitro3d.a(renderqueue.o)
                0x000000000010480c                C3Di_RenderQueueWaitDone
 .text.C3D_FrameBegin
                0x0000000000104840       0xe4 C:/devkitPro/libctru/lib\libcitro3d.a(renderqueue.o)
                0x0000000000104840                C3D_FrameBegin
 .text.C3D_FrameDrawOn
                0x0000000000104924       0x48 C:/devkitPro/libctru/lib\libcitro3d.a(renderqueue.o)
                0x0000000000104924                C3D_FrameDrawOn
 .text.C3D_FrameEnd
                0x000000000010496c      0x1d8 C:/devkitPro/libctru/lib\libcitro3d.a(renderqueue.o)
                0x000000000010496c                C3D_FrameEnd
 .text.C3D_RenderTargetCreate
                0x0000000000104b44      0x184 C:/devkitPro/libctru/lib\libcitro3d.a(renderqueue.o)
                0x0000000000104b44                C3D_RenderTargetCreate
 .text.C3D_RenderTargetSetOutput
                0x0000000000104cc8       0xa8 C:/devkitPro/libctru/lib\libcitro3d.a(renderqueue.o)
                0x0000000000104cc8                C3D_RenderTargetSetOutput
 .text.C3D_SyncTextureCopy
                0x0000000000104d70       0xfc C:/devkitPro/libctru/lib\libcitro3d.a(renderqueue.o)
                0x0000000000104d70                C3D_SyncTextureCopy
 .text.C3D_TexInitWithParams
                0x0000000000104e6c      0x294 C:/devkitPro/libctru/lib\libcitro3d.a(texture.o)
                0x0000000000104e6c                C3D_TexInitWithParams
 .text.C3D_TexLoadImage
                0x0000000000105100       0xc8 C:/devkitPro/libctru/lib\libcitro3d.a(texture.o)
                0x0000000000105100                C3D_TexLoadImage
 .text.C3D_TexBind
                0x00000000001051c8       0x44 C:/devkitPro/libctru/lib\libcitro3d.a(texture.o)
                0x00000000001051c8                C3D_TexBind
 .text.C3D_TexDelete
                0x000000000010520c       0x74 C:/devkitPro/libctru/lib\libcitro3d.a(texture.o)
                0x000000000010520c                C3D_TexDelete
 .text.C3Di_SetTex
                0x0000000000105280      0x16c C:/devkitPro/libctru/lib\libcitro3d.a(texture.o)
                0x0000000000105280                C3Di_SetTex
 .text.Tex3DSi_ImportCommon
                0x00000000001053ec      0x3f4 C:/devkitPro/libctru/lib\libcitro3d.a(tex3ds.o)
 .text.Tex3DS_TextureImport
                0x00000000001057e0       0x34 C:/devkitPro/libctru/lib\libcitro3d.a(tex3ds.o)
                0x00000000001057e0                Tex3DS_TextureImport
 .text.Tex3DS_TextureFree
                0x0000000000105814        0x4 C:/devkitPro/libctru/lib\libcitro3d.a(tex3ds.o)
                0x0000000000105814                Tex3DS_TextureFree
 .text.C3D_CalcColorBufSize
                0x0000000000105818       0x1c C:/devkitPro/libctru/lib\libcitro3d.a(framebuffer.o)
                0x0000000000105818                C3D_CalcColorBufSize
 .text.C3D_CalcDepthBufSize
                0x0000000000105834       0x1c C:/devkitPro/libctru/lib\libcitro3d.a(framebuffer.o)
                0x0000000000105834                C3D_CalcDepthBufSize
 .text.C3D_SetFrameBuf
                0x0000000000105850       0x44 C:/devkitPro/libctru/lib\libcitro3d.a(framebuffer.o)
                0x0000000000105850                C3D_SetFrameBuf
 .text.C3Di_FrameBufBind
                0x0000000000105894      0x16c C:/devkitPro/libctru/lib\libcitro3d.a(framebuffer.o)
                0x0000000000105894                C3Di_FrameBufBind
 .text.C3D_FrameBufClear
                0x0000000000105a00       0xc8 C:/devkitPro/libctru/lib\libcitro3d.a(framebuffer.o)
                0x0000000000105a00                C3D_FrameBufClear
 .text.C3D_FrameBufTransfer
                0x0000000000105ac8       0x44 C:/devkitPro/libctru/lib\libcitro3d.a(framebuffer.o)
                0x0000000000105ac8                C3D_FrameBufTransfer
 .text.C3D_GetTexEnv
                0x0000000000105b0c       0x34 C:/devkitPro/libctru/lib\libcitro3d.a(texenv.o)
                0x0000000000105b0c                C3D_GetTexEnv
 .text.C3Di_TexEnvBind
                0x0000000000105b40       0x24 C:/devkitPro/libctru/lib\libcitro3d.a(texenv.o)
                0x0000000000105b40                C3Di_TexEnvBind
 .text.BufInfo_Init
                0x0000000000105b64       0x24 C:/devkitPro/libctru/lib\libcitro3d.a(buffers.o)
                0x0000000000105b64                BufInfo_Init
 .text.BufInfo_Add
                0x0000000000105b88       0x80 C:/devkitPro/libctru/lib\libcitro3d.a(buffers.o)
                0x0000000000105b88                BufInfo_Add
 .text.C3D_SetBufInfo
                0x0000000000105c08       0x40 C:/devkitPro/libctru/lib\libcitro3d.a(buffers.o)
                0x0000000000105c08                C3D_SetBufInfo
 .text.C3Di_BufInfoBind
                0x0000000000105c48       0x48 C:/devkitPro/libctru/lib\libcitro3d.a(buffers.o)
                0x0000000000105c48                C3Di_BufInfoBind
 .text.C3D_DrawArrays
                0x0000000000105c90      0x148 C:/devkitPro/libctru/lib\libcitro3d.a(drawArrays.o)
                0x0000000000105c90                C3D_DrawArrays
 .text.C3D_DepthMap
                0x0000000000105dd8       0x40 C:/devkitPro/libctru/lib\libcitro3d.a(effect.o)
                0x0000000000105dd8                C3D_DepthMap
 .text.C3D_CullFace
                0x0000000000105e18       0x1c C:/devkitPro/libctru/lib\libcitro3d.a(effect.o)
                0x0000000000105e18                C3D_CullFace
 .text.C3D_StencilTest
                0x0000000000105e34       0x40 C:/devkitPro/libctru/lib\libcitro3d.a(effect.o)
                0x0000000000105e34                C3D_StencilTest
 .text.C3D_StencilOp
                0x0000000000105e74       0x24 C:/devkitPro/libctru/lib\libcitro3d.a(effect.o)
                0x0000000000105e74                C3D_StencilOp
 .text.C3D_BlendingColor
                0x0000000000105e98       0x1c C:/devkitPro/libctru/lib\libcitro3d.a(effect.o)
                0x0000000000105e98                C3D_BlendingColor
 .text.C3D_EarlyDepthTest
                0x0000000000105eb4       0x24 C:/devkitPro/libctru/lib\libcitro3d.a(effect.o)
                0x0000000000105eb4                C3D_EarlyDepthTest
 .text.C3D_DepthTest
                0x0000000000105ed8       0x2c C:/devkitPro/libctru/lib\libcitro3d.a(effect.o)
                0x0000000000105ed8                C3D_DepthTest
 .text.C3D_AlphaTest
                0x0000000000105f04       0x2c C:/devkitPro/libctru/lib\libcitro3d.a(effect.o)
                0x0000000000105f04                C3D_AlphaTest
 .text.C3D_AlphaBlend
                0x0000000000105f30       0x50 C:/devkitPro/libctru/lib\libcitro3d.a(effect.o)
                0x0000000000105f30                C3D_AlphaBlend
 .text.C3D_FragOpMode
                0x0000000000105f80       0x30 C:/devkitPro/libctru/lib\libcitro3d.a(effect.o)
                0x0000000000105f80                C3D_FragOpMode
 .text.C3D_FragOpShadow
                0x0000000000105fb0       0x44 C:/devkitPro/libctru/lib\libcitro3d.a(effect.o)
                0x0000000000105fb0                C3D_FragOpShadow
 .text.C3Di_EffectBind
                0x0000000000105ff4      0x1ac C:/devkitPro/libctru/lib\libcitro3d.a(effect.o)
                0x0000000000105ff4                C3Di_EffectBind
 .text.AttrInfo_Init
                0x00000000001061a0       0x28 C:/devkitPro/libctru/lib\libcitro3d.a(attribs.o)
                0x00000000001061a0                AttrInfo_Init
 .text.AttrInfo_AddLoader
                0x00000000001061c8       0x94 C:/devkitPro/libctru/lib\libcitro3d.a(attribs.o)
                0x00000000001061c8                AttrInfo_AddLoader
 .text.C3D_GetAttrInfo
                0x000000000010625c       0x20 C:/devkitPro/libctru/lib\libcitro3d.a(attribs.o)
                0x000000000010625c                C3D_GetAttrInfo
 .text.C3Di_AttrInfoBind
                0x000000000010627c       0x80 C:/devkitPro/libctru/lib\libcitro3d.a(attribs.o)
                0x000000000010627c                C3Di_AttrInfoBind
 .text.C3D_ImmSendAttrib
                0x00000000001062fc       0xa8 C:/devkitPro/libctru/lib\libcitro3d.a(immediate.o)
                0x00000000001062fc                C3D_ImmSendAttrib
 .text.C3D_UpdateUniforms
                0x00000000001063a4      0x280 C:/devkitPro/libctru/lib\libcitro3d.a(uniforms.o)
                0x00000000001063a4                C3D_UpdateUniforms
 .text.C3Di_DirtyUniforms
                0x0000000000106624       0xc0 C:/devkitPro/libctru/lib\libcitro3d.a(uniforms.o)
                0x0000000000106624                C3Di_DirtyUniforms
 .text.C3Di_LoadShaderUniforms
                0x00000000001066e4       0xd8 C:/devkitPro/libctru/lib\libcitro3d.a(uniforms.o)
                0x00000000001066e4                C3Di_LoadShaderUniforms
 .text.C3Di_ClearShaderUniforms
                0x00000000001067bc       0x28 C:/devkitPro/libctru/lib\libcitro3d.a(uniforms.o)
                0x00000000001067bc                C3Di_ClearShaderUniforms
 .text.Mtx_RotateX
                0x00000000001067e4       0xa4 C:/devkitPro/libctru/lib\libcitro3d.a(mtx_rotatex.o)
                0x00000000001067e4                Mtx_RotateX
 .text.Mtx_PerspTilt
                0x0000000000106888       0x94 C:/devkitPro/libctru/lib\libcitro3d.a(mtx_persptilt.o)
                0x0000000000106888                Mtx_PerspTilt
 .text.Mtx_Translate
                0x000000000010691c       0xa0 C:/devkitPro/libctru/lib\libcitro3d.a(mtx_translate.o)
                0x000000000010691c                Mtx_Translate
 .text.Mtx_RotateY
                0x00000000001069bc       0xa0 C:/devkitPro/libctru/lib\libcitro3d.a(mtx_rotatey.o)
                0x00000000001069bc                Mtx_RotateY
 .text._ZL21addrMapNodeComparatorPK11rbtree_nodeS1_
                0x0000000000106a5c       0x24 C:/devkitPro/libctru/lib\libctru.a(vram.o)
 .text._ZL21addrMapNodeDestructorP11rbtree_node
                0x0000000000106a80        0x4 C:/devkitPro/libctru/lib\libctru.a(vram.o)
 .text.vramMemAlignAt
                0x0000000000106a84      0x250 C:/devkitPro/libctru/lib\libctru.a(vram.o)
                0x0000000000106a84                vramMemAlignAt
 .text.vramAlloc
                0x0000000000106cd4        0xc C:/devkitPro/libctru/lib\libctru.a(vram.o)
                0x0000000000106cd4                vramAlloc
 .text.vramAllocAt
                0x0000000000106ce0        0xc C:/devkitPro/libctru/lib\libctru.a(vram.o)
                0x0000000000106ce0                vramAllocAt
 .text.vramFree
                0x0000000000106cec       0x90 C:/devkitPro/libctru/lib\libctru.a(vram.o)
                0x0000000000106cec                vramFree
 .text._ZL21addrMapNodeComparatorPK11rbtree_nodeS1_
                0x0000000000106d7c       0x24 C:/devkitPro/libctru/lib\libctru.a(linear.o)
 .text._ZL21addrMapNodeDestructorP11rbtree_node
                0x0000000000106da0        0x4 C:/devkitPro/libctru/lib\libctru.a(linear.o)
 .text.linearMemAlign
                0x0000000000106da4      0x120 C:/devkitPro/libctru/lib\libctru.a(linear.o)
                0x0000000000106da4                linearMemAlign
 .text.linearAlloc
                0x0000000000106ec4        0x8 C:/devkitPro/libctru/lib\libctru.a(linear.o)
                0x0000000000106ec4                linearAlloc
 .text.linearFree
                0x0000000000106ecc       0x5c C:/devkitPro/libctru/lib\libctru.a(linear.o)
                0x0000000000106ecc                linearFree
 .text._ZN7MemPool13CoalesceRightEP8MemBlock
                0x0000000000106f28       0x80 C:/devkitPro/libctru/lib\libctru.a(mem_pool.o)
                0x0000000000106f28                MemPool::CoalesceRight(MemBlock*)
 .text._ZN7MemPool8AllocateER8MemChunkmi
                0x0000000000106fa8      0x16c C:/devkitPro/libctru/lib\libctru.a(mem_pool.o)
                0x0000000000106fa8                MemPool::Allocate(MemChunk&, unsigned long, int)
 .text._ZN7MemPool10DeallocateERK8MemChunk
                0x0000000000107114       0xfc C:/devkitPro/libctru/lib\libctru.a(mem_pool.o)
                0x0000000000107114                MemPool::Deallocate(MemChunk const&)
 .text._ZN7MemPool12GetFreeSpaceEv
                0x0000000000107210       0x30 C:/devkitPro/libctru/lib\libctru.a(mem_pool.o)
                0x0000000000107210                MemPool::GetFreeSpace()
 .text.romfs_close
                0x0000000000107240        0x8 C:/devkitPro/libctru/lib\libctru.a(romfs_dev.o)
 .text.romfs_seek
                0x0000000000107248       0xc0 C:/devkitPro/libctru/lib\libctru.a(romfs_dev.o)
 .text.romfs_dirreset
                0x0000000000107308       0x24 C:/devkitPro/libctru/lib\libctru.a(romfs_dev.o)
 .text.fill_dir
                0x000000000010732c       0xc8 C:/devkitPro/libctru/lib\libctru.a(romfs_dev.o)
 .text.romfs_dirnext
                0x00000000001073f4      0x28c C:/devkitPro/libctru/lib\libctru.a(romfs_dev.o)
 .text.romfs_free
                0x0000000000107680       0x84 C:/devkitPro/libctru/lib\libctru.a(romfs_dev.o)
 .text.searchForFile.constprop.0
                0x0000000000107704       0xd4 C:/devkitPro/libctru/lib\libctru.a(romfs_dev.o)
 .text.searchForDir.constprop.0
                0x00000000001077d8       0xd8 C:/devkitPro/libctru/lib\libctru.a(romfs_dev.o)
 .text.navigateToDir.constprop.0
                0x00000000001078b0      0x1c0 C:/devkitPro/libctru/lib\libctru.a(romfs_dev.o)
 .text.romfs_open
                0x0000000000107a70      0x10c C:/devkitPro/libctru/lib\libctru.a(romfs_dev.o)
 .text.romfs_chdir
                0x0000000000107b7c       0x4c C:/devkitPro/libctru/lib\libctru.a(romfs_dev.o)
 .text.romfs_diropen
                0x0000000000107bc8       0x70 C:/devkitPro/libctru/lib\libctru.a(romfs_dev.o)
 .text.romfs_stat
                0x0000000000107c38      0x174 C:/devkitPro/libctru/lib\libctru.a(romfs_dev.o)
 .text.romfs_dirclose
                0x0000000000107dac        0x8 C:/devkitPro/libctru/lib\libctru.a(romfs_dev.o)
 *fill*         0x0000000000107db4        0x4 
 .text.romfs_fstat
                0x0000000000107db8       0x84 C:/devkitPro/libctru/lib\libctru.a(romfs_dev.o)
 .text.romfs_read
                0x0000000000107e3c       0xd0 C:/devkitPro/libctru/lib\libctru.a(romfs_dev.o)
 .text.romfsMountFromFile
                0x0000000000107f0c      0x28c C:/devkitPro/libctru/lib\libctru.a(romfs_dev.o)
                0x0000000000107f0c                romfsMountFromFile
 .text.romfsMountFromCurrentProcess
                0x0000000000108198       0x98 C:/devkitPro/libctru/lib\libctru.a(romfs_dev.o)
                0x0000000000108198                romfsMountFromCurrentProcess
 .text.romfsMountSelf
                0x0000000000108230      0x260 C:/devkitPro/libctru/lib\libctru.a(romfs_dev.o)
                0x0000000000108230                romfsMountSelf
 .text.osConvertVirtToPhys
                0x0000000000108490       0x74 C:/devkitPro/libctru/lib\libctru.a(os.o)
                0x0000000000108490                osConvertVirtToPhys
 .text.osGetTimeRef
                0x0000000000108504       0x54 C:/devkitPro/libctru/lib\libctru.a(os.o)
                0x0000000000108504                osGetTimeRef
 .text.osGetTime
                0x0000000000108558       0xec C:/devkitPro/libctru/lib\libctru.a(os.o)
                0x0000000000108558                osGetTime
 .text.__ctru_speedup_config
                0x0000000000108644       0x34 C:/devkitPro/libctru/lib\libctru.a(os.o)
                0x0000000000108644                __ctru_speedup_config
 .text.parseColor
                0x0000000000108678      0x1e8 C:/devkitPro/libctru/lib\libctru.a(console.o)
 .text.consoleSelect
                0x0000000000108860       0x18 C:/devkitPro/libctru/lib\libctru.a(console.o)
                0x0000000000108860                consoleSelect
 .text.consoleDrawChar
                0x0000000000108878      0x1ac C:/devkitPro/libctru/lib\libctru.a(console.o)
                0x0000000000108878                consoleDrawChar
 .text.consolePrintChar
                0x0000000000108a24      0x124 C:/devkitPro/libctru/lib\libctru.a(console.o)
                0x0000000000108a24                consolePrintChar
 .text.con_write
                0x0000000000108b48      0xb94 C:/devkitPro/libctru/lib\libctru.a(console.o)
                0x0000000000108b48                con_write
 .text.newRow   0x00000000001096dc       0xfc C:/devkitPro/libctru/lib\libctru.a(console.o)
 .text.consoleInit
                0x00000000001097d8      0x168 C:/devkitPro/libctru/lib\libctru.a(console.o)
                0x00000000001097d8                consoleInit
 .text.gfxPresentFramebuffer
                0x0000000000109940       0xd0 C:/devkitPro/libctru/lib\libctru.a(gfx.o)
 .text.gfxIsWide
                0x0000000000109a10       0x1c C:/devkitPro/libctru/lib\libctru.a(gfx.o)
                0x0000000000109a10                gfxIsWide
 .text.gfxSetScreenFormat
                0x0000000000109a2c       0xec C:/devkitPro/libctru/lib\libctru.a(gfx.o)
                0x0000000000109a2c                gfxSetScreenFormat
 .text.gfxSetDoubleBuffering
                0x0000000000109b18       0x10 C:/devkitPro/libctru/lib\libctru.a(gfx.o)
                0x0000000000109b18                gfxSetDoubleBuffering
 .text.gfxInit  0x0000000000109b28       0xe0 C:/devkitPro/libctru/lib\libctru.a(gfx.o)
                0x0000000000109b28                gfxInit
 .text.gfxInitDefault
                0x0000000000109c08       0x10 C:/devkitPro/libctru/lib\libctru.a(gfx.o)
                0x0000000000109c08                gfxInitDefault
 .text.gfxExit  0x0000000000109c18       0xb4 C:/devkitPro/libctru/lib\libctru.a(gfx.o)
                0x0000000000109c18                gfxExit
 .text.gfxGetFramebuffer
                0x0000000000109ccc       0xa0 C:/devkitPro/libctru/lib\libctru.a(gfx.o)
                0x0000000000109ccc                gfxGetFramebuffer
 .text.gfxFlushBuffers
                0x0000000000109d6c      0x104 C:/devkitPro/libctru/lib\libctru.a(gfx.o)
                0x0000000000109d6c                gfxFlushBuffers
 .text.gfxScreenSwapBuffers
                0x0000000000109e70       0x30 C:/devkitPro/libctru/lib\libctru.a(gfx.o)
                0x0000000000109e70                gfxScreenSwapBuffers
 .text.gfxSwapBuffersGpu
                0x0000000000109ea0       0x50 C:/devkitPro/libctru/lib\libctru.a(gfx.o)
                0x0000000000109ea0                gfxSwapBuffersGpu
 .text.shaderInstanceInit
                0x0000000000109ef0      0x1d4 C:/devkitPro/libctru/lib\libctru.a(shaderProgram.o)
                0x0000000000109ef0                shaderInstanceInit
 .text.shaderInstanceGetUniformLocation
                0x000000000010a0c4       0x18 C:/devkitPro/libctru/lib\libctru.a(shaderProgram.o)
                0x000000000010a0c4                shaderInstanceGetUniformLocation
 .text.shaderProgramInit
                0x000000000010a0dc       0x1c C:/devkitPro/libctru/lib\libctru.a(shaderProgram.o)
                0x000000000010a0dc                shaderProgramInit
 .text.shaderProgramFree
                0x000000000010a0f8       0x64 C:/devkitPro/libctru/lib\libctru.a(shaderProgram.o)
                0x000000000010a0f8                shaderProgramFree
 .text.shaderProgramSetVsh
                0x000000000010a15c       0x80 C:/devkitPro/libctru/lib\libctru.a(shaderProgram.o)
                0x000000000010a15c                shaderProgramSetVsh
 .text.shaderProgramConfigure
                0x000000000010a1dc      0x8e0 C:/devkitPro/libctru/lib\libctru.a(shaderProgram.o)
                0x000000000010a1dc                shaderProgramConfigure
 .text.DVLE_GenerateOutmap.part.0
                0x000000000010aabc      0x1cc C:/devkitPro/libctru/lib\libctru.a(shbin.o)
 .text.DVLB_ParseFile
                0x000000000010ac88      0x1b4 C:/devkitPro/libctru/lib\libctru.a(shbin.o)
                0x000000000010ac88                DVLB_ParseFile
 .text.DVLB_Free
                0x000000000010ae3c       0x38 C:/devkitPro/libctru/lib\libctru.a(shbin.o)
                0x000000000010ae3c                DVLB_Free
 .text.DVLE_GetUniformRegister
                0x000000000010ae74       0x74 C:/devkitPro/libctru/lib\libctru.a(shbin.o)
                0x000000000010ae74                DVLE_GetUniformRegister
 .text.GX_BindQueue
                0x000000000010aee8       0x10 C:/devkitPro/libctru/lib\libctru.a(gx.o)
                0x000000000010aee8                GX_BindQueue
 .text.GX_ProcessCommandList
                0x000000000010aef8       0x78 C:/devkitPro/libctru/lib\libctru.a(gx.o)
                0x000000000010aef8                GX_ProcessCommandList
 .text.GX_MemoryFill
                0x000000000010af70       0x74 C:/devkitPro/libctru/lib\libctru.a(gx.o)
                0x000000000010af70                GX_MemoryFill
 .text.GX_DisplayTransfer
                0x000000000010afe4       0x70 C:/devkitPro/libctru/lib\libctru.a(gx.o)
                0x000000000010afe4                GX_DisplayTransfer
 .text.GX_TextureCopy
                0x000000000010b054       0x74 C:/devkitPro/libctru/lib\libctru.a(gx.o)
                0x000000000010b054                GX_TextureCopy
 .text.gxCmdQueueDoCommands.part.0
                0x000000000010b0c8       0x68 C:/devkitPro/libctru/lib\libctru.a(gxqueue.o)
 .text.gxCmdQueueInterrupt
                0x000000000010b130       0xc8 C:/devkitPro/libctru/lib\libctru.a(gxqueue.o)
                0x000000000010b130                gxCmdQueueInterrupt
 .text.gxCmdQueueClear
                0x000000000010b1f8       0x4c C:/devkitPro/libctru/lib\libctru.a(gxqueue.o)
                0x000000000010b1f8                gxCmdQueueClear
 .text.gxCmdQueueAdd
                0x000000000010b244       0xf8 C:/devkitPro/libctru/lib\libctru.a(gxqueue.o)
                0x000000000010b244                gxCmdQueueAdd
 .text.gxCmdQueueRun
                0x000000000010b33c       0x80 C:/devkitPro/libctru/lib\libctru.a(gxqueue.o)
                0x000000000010b33c                gxCmdQueueRun
 .text.gxCmdQueueStop
                0x000000000010b3bc       0x60 C:/devkitPro/libctru/lib\libctru.a(gxqueue.o)
                0x000000000010b3bc                gxCmdQueueStop
 .text.gxCmdQueueWait
                0x000000000010b41c       0x74 C:/devkitPro/libctru/lib\libctru.a(gxqueue.o)
                0x000000000010b41c                gxCmdQueueWait
 .text.GPUCMD_Add
                0x000000000010b490      0x13c C:/devkitPro/libctru/lib\libctru.a(gpu.o)
                0x000000000010b490                GPUCMD_Add
 .text.GPUCMD_Split
                0x000000000010b5cc       0xb0 C:/devkitPro/libctru/lib\libctru.a(gpu.o)
                0x000000000010b5cc                GPUCMD_Split
 .text.f32tof16
                0x000000000010b67c       0x34 C:/devkitPro/libctru/lib\libctru.a(gpu.o)
                0x000000000010b67c                f32tof16
 .text.f32tof24
                0x000000000010b6b0       0x34 C:/devkitPro/libctru/lib\libctru.a(gpu.o)
                0x000000000010b6b0                f32tof24
 .text.f32tof31
                0x000000000010b6e4       0x38 C:/devkitPro/libctru/lib\libctru.a(gpu.o)
                0x000000000010b6e4                f32tof31
 .text.gspHardwareInit
                0x000000000010b71c      0xc58 C:/devkitPro/libctru/lib\libctru.a(gspgpu.o)
 .text.gspInit  0x000000000010c374      0x248 C:/devkitPro/libctru/lib\libctru.a(gspgpu.o)
                0x000000000010c374                gspInit
 .text.gspExit  0x000000000010c5bc       0xf0 C:/devkitPro/libctru/lib\libctru.a(gspgpu.o)
                0x000000000010c5bc                gspExit
 .text.gspHasGpuRight
                0x000000000010c6ac       0x10 C:/devkitPro/libctru/lib\libctru.a(gspgpu.o)
                0x000000000010c6ac                gspHasGpuRight
 .text.gspPresentBuffer
                0x000000000010c6bc       0xa0 C:/devkitPro/libctru/lib\libctru.a(gspgpu.o)
                0x000000000010c6bc                gspPresentBuffer
 .text.gspSetEventCallback
                0x000000000010c75c       0x30 C:/devkitPro/libctru/lib\libctru.a(gspgpu.o)
                0x000000000010c75c                gspSetEventCallback
 .text.gspWaitForEvent
                0x000000000010c78c       0x44 C:/devkitPro/libctru/lib\libctru.a(gspgpu.o)
                0x000000000010c78c                gspWaitForEvent
 .text.gspWaitForAnyEvent
                0x000000000010c7d0       0x4c C:/devkitPro/libctru/lib\libctru.a(gspgpu.o)
                0x000000000010c7d0                gspWaitForAnyEvent
 .text.gspEventThreadMain
                0x000000000010c81c      0x158 C:/devkitPro/libctru/lib\libctru.a(gspgpu.o)
 .text.gspSubmitGxCommand
                0x000000000010c974      0x130 C:/devkitPro/libctru/lib\libctru.a(gspgpu.o)
                0x000000000010c974                gspSubmitGxCommand
 .text.GSPGPU_FlushDataCache
                0x000000000010caa4       0x50 C:/devkitPro/libctru/lib\libctru.a(gspgpu.o)
                0x000000000010caa4                GSPGPU_FlushDataCache
 .text.GSPGPU_SetLcdForceBlack
                0x000000000010caf4       0x34 C:/devkitPro/libctru/lib\libctru.a(gspgpu.o)
                0x000000000010caf4                GSPGPU_SetLcdForceBlack
 .text.GSPGPU_AcquireRight
                0x000000000010cb28       0x68 C:/devkitPro/libctru/lib\libctru.a(gspgpu.o)
                0x000000000010cb28                GSPGPU_AcquireRight
 .text.GSPGPU_ReleaseRight
                0x000000000010cb90       0x48 C:/devkitPro/libctru/lib\libctru.a(gspgpu.o)
                0x000000000010cb90                GSPGPU_ReleaseRight
 .text.GSPGPU_ImportDisplayCaptureInfo
                0x000000000010cbd8       0x7c C:/devkitPro/libctru/lib\libctru.a(gspgpu.o)
                0x000000000010cbd8                GSPGPU_ImportDisplayCaptureInfo
 .text.GSPGPU_SaveVramSysArea
                0x000000000010cc54       0x2c C:/devkitPro/libctru/lib\libctru.a(gspgpu.o)
                0x000000000010cc54                GSPGPU_SaveVramSysArea
 .text.GSPGPU_RestoreVramSysArea
                0x000000000010cc80       0x2c C:/devkitPro/libctru/lib\libctru.a(gspgpu.o)
                0x000000000010cc80                GSPGPU_RestoreVramSysArea
 .text.aptConvertScreenForCapture
                0x000000000010ccac      0x1a4 C:/devkitPro/libctru/lib\libctru.a(apt.o)
 .text.aptDspSleep
                0x000000000010ce50        0x8 C:/devkitPro/libctru/lib\libctru.a(apt.o)
                0x000000000010ce50                aptDspSleep
 .text.aptDspWakeup
                0x000000000010ce58        0x4 C:/devkitPro/libctru/lib\libctru.a(apt.o)
                0x000000000010ce58                aptDspWakeup
 .text.aptDspCancel
                0x000000000010ce5c        0x4 C:/devkitPro/libctru/lib\libctru.a(apt.o)
                0x000000000010ce5c                aptDspCancel
 .text.aptSendCommand
                0x000000000010ce60      0x158 C:/devkitPro/libctru/lib\libctru.a(apt.o)
                0x000000000010ce60                aptSendCommand
 .text.aptExitProcess
                0x000000000010cfb8       0x44 C:/devkitPro/libctru/lib\libctru.a(apt.o)
 .text.aptExit  0x000000000010cffc      0x2f4 C:/devkitPro/libctru/lib\libctru.a(apt.o)
                0x000000000010cffc                aptExit
 .text.aptHandleSleep
                0x000000000010d2f0       0xe0 C:/devkitPro/libctru/lib\libctru.a(apt.o)
                0x000000000010d2f0                aptHandleSleep
 .text.aptHook  0x000000000010d3d0       0x30 C:/devkitPro/libctru/lib\libctru.a(apt.o)
                0x000000000010d3d0                aptHook
 .text.aptUnhook
                0x000000000010d400       0x30 C:/devkitPro/libctru/lib\libctru.a(apt.o)
                0x000000000010d400                aptUnhook
 .text.APT_SleepIfShellClosed
                0x000000000010d430       0x84 C:/devkitPro/libctru/lib\libctru.a(apt.o)
                0x000000000010d430                APT_SleepIfShellClosed
 .text.aptSetSleepAllowed
                0x000000000010d4b4       0x84 C:/devkitPro/libctru/lib\libctru.a(apt.o)
                0x000000000010d4b4                aptSetSleepAllowed
 .text.APT_UnlockTransition
                0x000000000010d538       0x84 C:/devkitPro/libctru/lib\libctru.a(apt.o)
                0x000000000010d538                APT_UnlockTransition
 *fill*         0x000000000010d5bc        0x4 
 .text.aptEventHandler
                0x000000000010d5c0      0x4a4 C:/devkitPro/libctru/lib\libctru.a(apt.o)
 .text.APT_ReceiveParameter
                0x000000000010da64       0xb0 C:/devkitPro/libctru/lib\libctru.a(apt.o)
                0x000000000010da64                APT_ReceiveParameter
 .text.aptReceiveParameter.constprop.0
                0x000000000010db14       0xb0 C:/devkitPro/libctru/lib\libctru.a(apt.o)
 *fill*         0x000000000010dbc4        0x4 
 .text.aptScreenTransfer
                0x000000000010dbc8      0x2ac C:/devkitPro/libctru/lib\libctru.a(apt.o)
 .text.aptWaitForWakeUp.isra.0
                0x000000000010de74      0x344 C:/devkitPro/libctru/lib\libctru.a(apt.o)
 .text.aptJumpToHomeMenu
                0x000000000010e1b8      0x100 C:/devkitPro/libctru/lib\libctru.a(apt.o)
                0x000000000010e1b8                aptJumpToHomeMenu
 .text.aptMainLoop
                0x000000000010e2b8       0x48 C:/devkitPro/libctru/lib\libctru.a(apt.o)
                0x000000000010e2b8                aptMainLoop
 .text.aptInit  0x000000000010e300      0x22c C:/devkitPro/libctru/lib\libctru.a(apt.o)
                0x000000000010e300                aptInit
 .text.APT_CheckNew3DS
                0x000000000010e52c       0x7c C:/devkitPro/libctru/lib\libctru.a(apt.o)
                0x000000000010e52c                APT_CheckNew3DS
 .text.hidShouldUseIrrst
                0x000000000010e5a8       0x24 C:/devkitPro/libctru/lib\libctru.a(hid.o)
                0x000000000010e5a8                hidShouldUseIrrst
 .text.hidInit  0x000000000010e5cc      0x18c C:/devkitPro/libctru/lib\libctru.a(hid.o)
                0x000000000010e5cc                hidInit
 .text.hidExit  0x000000000010e758       0xe8 C:/devkitPro/libctru/lib\libctru.a(hid.o)
                0x000000000010e758                hidExit
 .text.hidScanInput
                0x000000000010e840      0x2a4 C:/devkitPro/libctru/lib\libctru.a(hid.o)
                0x000000000010e840                hidScanInput
 .text.hidKeysHeld
                0x000000000010eae4       0x10 C:/devkitPro/libctru/lib\libctru.a(hid.o)
                0x000000000010eae4                hidKeysHeld
 .text.hidKeysDown
                0x000000000010eaf4       0x10 C:/devkitPro/libctru/lib\libctru.a(hid.o)
                0x000000000010eaf4                hidKeysDown
 .text.hidCircleRead
                0x000000000010eb04       0x18 C:/devkitPro/libctru/lib\libctru.a(hid.o)
                0x000000000010eb04                hidCircleRead
 .text.ptmSysmInit
                0x000000000010eb1c       0x74 C:/devkitPro/libctru/lib\libctru.a(ptmsysm.o)
                0x000000000010eb1c                ptmSysmInit
 .text.ptmSysmExit
                0x000000000010eb90       0x3c C:/devkitPro/libctru/lib\libctru.a(ptmsysm.o)
                0x000000000010eb90                ptmSysmExit
 .text.PTMSYSM_ConfigureNew3DSCPU
                0x000000000010ebcc       0x34 C:/devkitPro/libctru/lib\libctru.a(ptmsysm.o)
                0x000000000010ebcc                PTMSYSM_ConfigureNew3DSCPU
 .text.fsInit   0x000000000010ec00       0xcc C:/devkitPro/libctru/lib\libctru.a(fs.o)
                0x000000000010ec00                fsInit
 .text.fsExit   0x000000000010eccc       0x3c C:/devkitPro/libctru/lib\libctru.a(fs.o)
                0x000000000010eccc                fsExit
 .text.fsExemptFromSession
                0x000000000010ed08       0x60 C:/devkitPro/libctru/lib\libctru.a(fs.o)
                0x000000000010ed08                fsExemptFromSession
 .text.fsUnexemptFromSession
                0x000000000010ed68       0x50 C:/devkitPro/libctru/lib\libctru.a(fs.o)
                0x000000000010ed68                fsUnexemptFromSession
 .text.FSUSER_OpenFile
                0x000000000010edb8       0xcc C:/devkitPro/libctru/lib\libctru.a(fs.o)
                0x000000000010edb8                FSUSER_OpenFile
 .text.FSUSER_OpenFileDirectly
                0x000000000010ee84       0xd4 C:/devkitPro/libctru/lib\libctru.a(fs.o)
                0x000000000010ee84                FSUSER_OpenFileDirectly
 .text.FSUSER_DeleteFile
                0x000000000010ef58       0xbc C:/devkitPro/libctru/lib\libctru.a(fs.o)
                0x000000000010ef58                FSUSER_DeleteFile
 .text.FSUSER_RenameFile
                0x000000000010f014       0xf8 C:/devkitPro/libctru/lib\libctru.a(fs.o)
                0x000000000010f014                FSUSER_RenameFile
 .text.FSUSER_DeleteDirectory
                0x000000000010f10c       0xbc C:/devkitPro/libctru/lib\libctru.a(fs.o)
                0x000000000010f10c                FSUSER_DeleteDirectory
 .text.FSUSER_CreateFile
                0x000000000010f1c8       0xd4 C:/devkitPro/libctru/lib\libctru.a(fs.o)
                0x000000000010f1c8                FSUSER_CreateFile
 .text.FSUSER_CreateDirectory
                0x000000000010f29c       0xc4 C:/devkitPro/libctru/lib\libctru.a(fs.o)
                0x000000000010f29c                FSUSER_CreateDirectory
 .text.FSUSER_RenameDirectory
                0x000000000010f360       0xf8 C:/devkitPro/libctru/lib\libctru.a(fs.o)
                0x000000000010f360                FSUSER_RenameDirectory
 .text.FSUSER_OpenDirectory
                0x000000000010f458       0xb4 C:/devkitPro/libctru/lib\libctru.a(fs.o)
                0x000000000010f458                FSUSER_OpenDirectory
 .text.FSUSER_OpenArchive
                0x000000000010f50c       0x98 C:/devkitPro/libctru/lib\libctru.a(fs.o)
                0x000000000010f50c                FSUSER_OpenArchive
 .text.FSUSER_CloseArchive
                0x000000000010f5a4       0x8c C:/devkitPro/libctru/lib\libctru.a(fs.o)
                0x000000000010f5a4                FSUSER_CloseArchive
 .text.FSUSER_GetSdmcArchiveResource
                0x000000000010f630       0x74 C:/devkitPro/libctru/lib\libctru.a(fs.o)
                0x000000000010f630                FSUSER_GetSdmcArchiveResource
 .text.FSUSER_IsSdmcWritable
                0x000000000010f6a4       0x64 C:/devkitPro/libctru/lib\libctru.a(fs.o)
                0x000000000010f6a4                FSUSER_IsSdmcWritable
 .text.FSFILE_Read
                0x000000000010f708       0x58 C:/devkitPro/libctru/lib\libctru.a(fs.o)
                0x000000000010f708                FSFILE_Read
 .text.FSFILE_Write
                0x000000000010f760       0x60 C:/devkitPro/libctru/lib\libctru.a(fs.o)
                0x000000000010f760                FSFILE_Write
 .text.FSFILE_GetSize
                0x000000000010f7c0       0x3c C:/devkitPro/libctru/lib\libctru.a(fs.o)
                0x000000000010f7c0                FSFILE_GetSize
 .text.FSFILE_SetSize
                0x000000000010f7fc       0x28 C:/devkitPro/libctru/lib\libctru.a(fs.o)
                0x000000000010f7fc                FSFILE_SetSize
 .text.FSFILE_Close
                0x000000000010f824       0x3c C:/devkitPro/libctru/lib\libctru.a(fs.o)
                0x000000000010f824                FSFILE_Close
 .text.FSFILE_Flush
                0x000000000010f860       0x24 C:/devkitPro/libctru/lib\libctru.a(fs.o)
                0x000000000010f860                FSFILE_Flush
 .text.FSDIR_Read
                0x000000000010f884       0x50 C:/devkitPro/libctru/lib\libctru.a(fs.o)
                0x000000000010f884                FSDIR_Read
 .text.FSDIR_Close
                0x000000000010f8d4       0x3c C:/devkitPro/libctru/lib\libctru.a(fs.o)
                0x000000000010f8d4                FSDIR_Close
 .text.buffer_read
                0x000000000010f910       0xc4 C:/devkitPro/libctru/lib\libctru.a(decompress.o)
 .text.iov_read
                0x000000000010f9d4       0xd0 C:/devkitPro/libctru/lib\libctru.a(decompress.o)
 .text.iov_memmove
                0x000000000010faa4      0x138 C:/devkitPro/libctru/lib\libctru.a(decompress.o)
 .text.decompress_rle
                0x000000000010fbdc      0x1dc C:/devkitPro/libctru/lib\libctru.a(decompress.o)
 .text.decompress_lzss
                0x000000000010fdb8      0x244 C:/devkitPro/libctru/lib\libctru.a(decompress.o)
 .text.decompress_lz11
                0x000000000010fffc      0x424 C:/devkitPro/libctru/lib\libctru.a(decompress.o)
 .text.decompress_huff
                0x0000000000110420      0x2d8 C:/devkitPro/libctru/lib\libctru.a(decompress.o)
 .text.decompressHeader
                0x00000000001106f8       0xdc C:/devkitPro/libctru/lib\libctru.a(decompress.o)
                0x00000000001106f8                decompressHeader
 .text.decompressV
                0x00000000001107d4      0x240 C:/devkitPro/libctru/lib\libctru.a(decompress.o)
                0x00000000001107d4                decompressV
 .text.rbtree_init
                0x0000000000110a14       0x10 C:/devkitPro/libctru/lib\libctru.a(rbtree_init.o)
                0x0000000000110a14                rbtree_init
 .text.do_insert
                0x0000000000110a24      0x1b4 C:/devkitPro/libctru/lib\libctru.a(rbtree_insert.o)
 .text.rbtree_insert
                0x0000000000110bd8        0x8 C:/devkitPro/libctru/lib\libctru.a(rbtree_insert.o)
                0x0000000000110bd8                rbtree_insert
 .text.rbtree_rotate
                0x0000000000110be0       0x90 C:/devkitPro/libctru/lib\libctru.a(rbtree_rotate.o)
                0x0000000000110be0                rbtree_rotate
 .text.rbtree_remove
                0x0000000000110c70      0x318 C:/devkitPro/libctru/lib\libctru.a(rbtree_remove.o)
                0x0000000000110c70                rbtree_remove
 .text.rbtree_find
                0x0000000000110f88       0x74 C:/devkitPro/libctru/lib\libctru.a(rbtree_find.o)
                0x0000000000110f88                rbtree_find
 .text.utf16_to_utf8
                0x0000000000110ffc       0xe8 C:/devkitPro/libctru/lib\libctru.a(utf16_to_utf8.o)
                0x0000000000110ffc                utf16_to_utf8
 .text.decode_utf16
                0x00000000001110e4       0x64 C:/devkitPro/libctru/lib\libctru.a(decode_utf16.o)
                0x00000000001110e4                decode_utf16
 .text.utf8_to_utf16
                0x0000000000111148       0xc0 C:/devkitPro/libctru/lib\libctru.a(utf8_to_utf16.o)
                0x0000000000111148                utf8_to_utf16
 .text.__system_allocateHeaps
                0x0000000000111208      0x1e0 C:/devkitPro/libctru/lib\libctru.a(allocateHeaps.o)
                0x0000000000111208                __system_allocateHeaps
 .text.__libctru_init
                0x00000000001113e8       0x38 C:/devkitPro/libctru/lib\libctru.a(ctru_init.o)
                0x00000000001113e8                __libctru_init
 .text.__system_initArgv
                0x0000000000111420      0x170 C:/devkitPro/libctru/lib\libctru.a(initArgv.o)
                0x0000000000111420                __system_initArgv
 .text.svcControlMemory
                0x0000000000111590       0x20 C:/devkitPro/libctru/lib\libctru.a(svc.o)
                0x0000000000111590                svcControlMemory
 .text.svcQueryMemory
                0x00000000001115b0       0x30 C:/devkitPro/libctru/lib\libctru.a(svc.o)
                0x00000000001115b0                svcQueryMemory
 .text.svcExitProcess
                0x00000000001115e0        0x8 C:/devkitPro/libctru/lib\libctru.a(svc.o)
                0x00000000001115e0                svcExitProcess
 .text.svcCreateThread
                0x00000000001115e8       0x20 C:/devkitPro/libctru/lib\libctru.a(svc.o)
                0x00000000001115e8                svcCreateThread
 .text.svcExitThread
                0x0000000000111608        0x8 C:/devkitPro/libctru/lib\libctru.a(svc.o)
                0x0000000000111608                svcExitThread
 .text.svcSleepThread
                0x0000000000111610        0x8 C:/devkitPro/libctru/lib\libctru.a(svc.o)
                0x0000000000111610                svcSleepThread
 .text.svcReleaseMutex
                0x0000000000111618        0x8 C:/devkitPro/libctru/lib\libctru.a(svc.o)
                0x0000000000111618                svcReleaseMutex
 .text.svcCreateEvent
                0x0000000000111620       0x14 C:/devkitPro/libctru/lib\libctru.a(svc.o)
                0x0000000000111620                svcCreateEvent
 .text.svcSignalEvent
                0x0000000000111634        0x8 C:/devkitPro/libctru/lib\libctru.a(svc.o)
                0x0000000000111634                svcSignalEvent
 .text.svcClearEvent
                0x000000000011163c        0x8 C:/devkitPro/libctru/lib\libctru.a(svc.o)
                0x000000000011163c                svcClearEvent
 .text.svcMapMemoryBlock
                0x0000000000111644        0x8 C:/devkitPro/libctru/lib\libctru.a(svc.o)
                0x0000000000111644                svcMapMemoryBlock
 .text.svcUnmapMemoryBlock
                0x000000000011164c        0x8 C:/devkitPro/libctru/lib\libctru.a(svc.o)
                0x000000000011164c                svcUnmapMemoryBlock
 .text.svcCreateAddressArbiter
                0x0000000000111654       0x14 C:/devkitPro/libctru/lib\libctru.a(svc.o)
                0x0000000000111654                svcCreateAddressArbiter
 .text.svcArbitrateAddressNoTimeout
                0x0000000000111668        0x8 C:/devkitPro/libctru/lib\libctru.a(svc.o)
                0x0000000000111668                svcArbitrateAddressNoTimeout
 .text.svcCloseHandle
                0x0000000000111670        0x8 C:/devkitPro/libctru/lib\libctru.a(svc.o)
                0x0000000000111670                svcCloseHandle
 .text.svcWaitSynchronization
                0x0000000000111678        0x8 C:/devkitPro/libctru/lib\libctru.a(svc.o)
                0x0000000000111678                svcWaitSynchronization
 .text.svcWaitSynchronizationN
                0x0000000000111680       0x28 C:/devkitPro/libctru/lib\libctru.a(svc.o)
                0x0000000000111680                svcWaitSynchronizationN
 .text.svcDuplicateHandle
                0x00000000001116a8       0x14 C:/devkitPro/libctru/lib\libctru.a(svc.o)
                0x00000000001116a8                svcDuplicateHandle
 .text.svcGetSystemTick
                0x00000000001116bc        0x8 C:/devkitPro/libctru/lib\libctru.a(svc.o)
                0x00000000001116bc                svcGetSystemTick
 .text.svcConnectToPort
                0x00000000001116c4       0x14 C:/devkitPro/libctru/lib\libctru.a(svc.o)
                0x00000000001116c4                svcConnectToPort
 .text.svcSendSyncRequest
                0x00000000001116d8        0x8 C:/devkitPro/libctru/lib\libctru.a(svc.o)
                0x00000000001116d8                svcSendSyncRequest
 .text.svcGetResourceLimit
                0x00000000001116e0       0x14 C:/devkitPro/libctru/lib\libctru.a(svc.o)
                0x00000000001116e0                svcGetResourceLimit
 .text.svcGetResourceLimitLimitValues
                0x00000000001116f4        0x8 C:/devkitPro/libctru/lib\libctru.a(svc.o)
                0x00000000001116f4                svcGetResourceLimitLimitValues
 .text.svcGetResourceLimitCurrentValues
                0x00000000001116fc        0x8 C:/devkitPro/libctru/lib\libctru.a(svc.o)
                0x00000000001116fc                svcGetResourceLimitCurrentValues
 .text.svcBreak
                0x0000000000111704        0x8 C:/devkitPro/libctru/lib\libctru.a(svc.o)
                0x0000000000111704                svcBreak
 .text.initSystem
                0x000000000011170c       0x50 C:/devkitPro/libctru/lib\libctru.a(stack_adjust.o)
                0x000000000011170c                initSystem
 .text.__ctru_exit
                0x000000000011175c       0x18 C:/devkitPro/libctru/lib\libctru.a(stack_adjust.o)
                0x000000000011175c                __ctru_exit
 .text.__aeabi_read_tp
                0x0000000000111774        0xc C:/devkitPro/libctru/lib\libctru.a(readtp.o)
                0x0000000000111774                __aeabi_read_tp
 .text.__sync_init
                0x0000000000111780        0xc C:/devkitPro/libctru/lib\libctru.a(synchronization.o)
                0x0000000000111780                __sync_init
 .text.__sync_fini
                0x000000000011178c       0x18 C:/devkitPro/libctru/lib\libctru.a(synchronization.o)
                0x000000000011178c                __sync_fini
 .text.syncArbitrateAddress
                0x00000000001117a4       0x2c C:/devkitPro/libctru/lib\libctru.a(synchronization.o)
                0x00000000001117a4                syncArbitrateAddress
 .text.LightLock_Lock
                0x00000000001117d0       0xb0 C:/devkitPro/libctru/lib\libctru.a(synchronization.o)
                0x00000000001117d0                LightLock_Lock
 .text.LightLock_Unlock
                0x0000000000111880       0x40 C:/devkitPro/libctru/lib\libctru.a(synchronization.o)
                0x0000000000111880                LightLock_Unlock
 .text.RecursiveLock_Init
                0x00000000001118c0       0x24 C:/devkitPro/libctru/lib\libctru.a(synchronization.o)
                0x00000000001118c0                RecursiveLock_Init
 .text.RecursiveLock_Lock
                0x00000000001118e4       0x30 C:/devkitPro/libctru/lib\libctru.a(synchronization.o)
                0x00000000001118e4                RecursiveLock_Lock
 .text.RecursiveLock_Unlock
                0x0000000000111914       0x54 C:/devkitPro/libctru/lib\libctru.a(synchronization.o)
                0x0000000000111914                RecursiveLock_Unlock
 .text.LightEvent_Init
                0x0000000000111968       0x40 C:/devkitPro/libctru/lib\libctru.a(synchronization.o)
                0x0000000000111968                LightEvent_Init
 .text.LightEvent_Clear
                0x00000000001119a8       0xa4 C:/devkitPro/libctru/lib\libctru.a(synchronization.o)
                0x00000000001119a8                LightEvent_Clear
 .text.LightEvent_Signal
                0x0000000000111a4c       0xc8 C:/devkitPro/libctru/lib\libctru.a(synchronization.o)
                0x0000000000111a4c                LightEvent_Signal
 .text.LightEvent_TryWait
                0x0000000000111b14       0x50 C:/devkitPro/libctru/lib\libctru.a(synchronization.o)
                0x0000000000111b14                LightEvent_TryWait
 .text.LightEvent_Wait
                0x0000000000111b64       0xb0 C:/devkitPro/libctru/lib\libctru.a(synchronization.o)
                0x0000000000111b64                LightEvent_Wait
 .text.envGetHandle
                0x0000000000111c14       0x84 C:/devkitPro/libctru/lib\libctru.a(env.o)
                0x0000000000111c14                envGetHandle
 .text.envDestroyHandles
                0x0000000000111c98       0x50 C:/devkitPro/libctru/lib\libctru.a(env.o)
                0x0000000000111c98                envDestroyHandles
 .text.srvInit  0x0000000000111ce8      0x130 C:/devkitPro/libctru/lib\libctru.a(srv.o)
                0x0000000000111ce8                srvInit
 .text.srvExit  0x0000000000111e18       0x58 C:/devkitPro/libctru/lib\libctru.a(srv.o)
                0x0000000000111e18                srvExit
 .text.srvGetServiceHandleDirect
                0x0000000000111e70       0xa0 C:/devkitPro/libctru/lib\libctru.a(srv.o)
                0x0000000000111e70                srvGetServiceHandleDirect
 .text.srvGetServiceHandle
                0x0000000000111f10       0x38 C:/devkitPro/libctru/lib\libctru.a(srv.o)
                0x0000000000111f10                srvGetServiceHandle
 .text.srvPublishToSubscriber
                0x0000000000111f48       0x38 C:/devkitPro/libctru/lib\libctru.a(srv.o)
                0x0000000000111f48                srvPublishToSubscriber
 .text.threadCreate
                0x0000000000111f80      0x178 C:/devkitPro/libctru/lib\libctru.a(thread.o)
                0x0000000000111f80                threadCreate
 .text.threadFree
                0x00000000001120f8       0x2c C:/devkitPro/libctru/lib\libctru.a(thread.o)
                0x00000000001120f8                threadFree
 .text.threadJoin
                0x0000000000112124       0x24 C:/devkitPro/libctru/lib\libctru.a(thread.o)
                0x0000000000112124                threadJoin
 .text.threadGetCurrent
                0x0000000000112148       0x30 C:/devkitPro/libctru/lib\libctru.a(thread.o)
                0x0000000000112148                threadGetCurrent
 .text.threadExit
                0x0000000000112178       0x40 C:/devkitPro/libctru/lib\libctru.a(thread.o)
                0x0000000000112178                threadExit
 .text._thread_begin
                0x00000000001121b8       0x20 C:/devkitPro/libctru/lib\libctru.a(thread.o)
 .text.mappableFindAddressWithin
                0x00000000001121d8       0xb4 C:/devkitPro/libctru/lib\libctru.a(mappable.o)
 .text.mappableInit
                0x000000000011228c       0x28 C:/devkitPro/libctru/lib\libctru.a(mappable.o)
                0x000000000011228c                mappableInit
 .text.mappableAlloc
                0x00000000001122b4       0x80 C:/devkitPro/libctru/lib\libctru.a(mappable.o)
                0x00000000001122b4                mappableAlloc
 .text.mappableFree
                0x0000000000112334        0x4 C:/devkitPro/libctru/lib\libctru.a(mappable.o)
                0x0000000000112334                mappableFree
 .text.irrstInit
                0x0000000000112338      0x164 C:/devkitPro/libctru/lib\libctru.a(irrst.o)
                0x0000000000112338                irrstInit
 .text.irrstExit
                0x000000000011249c       0xcc C:/devkitPro/libctru/lib\libctru.a(irrst.o)
                0x000000000011249c                irrstExit
 .text.irrstScanInput
                0x0000000000112568       0xb4 C:/devkitPro/libctru/lib\libctru.a(irrst.o)
                0x0000000000112568                irrstScanInput
 .text.irrstKeysHeld
                0x000000000011261c       0x24 C:/devkitPro/libctru/lib\libctru.a(irrst.o)
                0x000000000011261c                irrstKeysHeld
 .text.srvPmGetSessionHandle
                0x0000000000112640        0xc C:/devkitPro/libctru/lib\libctru.a(srvpm.o)
                0x0000000000112640                srvPmGetSessionHandle
 .text.rbtree_node_next
                0x000000000011264c       0x5c C:/devkitPro/libctru/lib\libctru.a(rbtree_iterator.o)
                0x000000000011264c                rbtree_node_next
 .text.encode_utf16
                0x00000000001126a8       0x54 C:/devkitPro/libctru/lib\libctru.a(encode_utf16.o)
                0x00000000001126a8                encode_utf16
 .text.encode_utf8
                0x00000000001126fc       0xe0 C:/devkitPro/libctru/lib\libctru.a(encode_utf8.o)
                0x00000000001126fc                encode_utf8
 .text.decode_utf8
                0x00000000001127dc      0x13c C:/devkitPro/libctru/lib\libctru.a(decode_utf8.o)
                0x00000000001127dc                decode_utf8
 .text.__appInit
                0x0000000000112918       0x30 C:/devkitPro/libctru/lib\libctru.a(appInit.o)
                0x0000000000112918                __appInit
 .text.__syscall_getreent
                0x0000000000112948       0x30 C:/devkitPro/libctru/lib\libctru.a(syscalls.o)
                0x0000000000112948                __syscall_getreent
 .text.__syscall_gettod_r
                0x0000000000112978       0x74 C:/devkitPro/libctru/lib\libctru.a(syscalls.o)
                0x0000000000112978                __syscall_gettod_r
 .text.__syscall_lock_acquire
                0x00000000001129ec        0x4 C:/devkitPro/libctru/lib\libctru.a(syscalls.o)
                0x00000000001129ec                __syscall_lock_acquire
 .text.__syscall_lock_release
                0x00000000001129f0        0x4 C:/devkitPro/libctru/lib\libctru.a(syscalls.o)
                0x00000000001129f0                __syscall_lock_release
 .text.__syscall_lock_init_recursive
                0x00000000001129f4        0x4 C:/devkitPro/libctru/lib\libctru.a(syscalls.o)
                0x00000000001129f4                __syscall_lock_init_recursive
 .text.__syscall_lock_acquire_recursive
                0x00000000001129f8        0x4 C:/devkitPro/libctru/lib\libctru.a(syscalls.o)
                0x00000000001129f8                __syscall_lock_acquire_recursive
 .text.__syscall_lock_release_recursive
                0x00000000001129fc        0x4 C:/devkitPro/libctru/lib\libctru.a(syscalls.o)
                0x00000000001129fc                __syscall_lock_release_recursive
 .text.__syscall_exit
                0x0000000000112a00        0x4 C:/devkitPro/libctru/lib\libctru.a(syscalls.o)
                0x0000000000112a00                __syscall_exit
 .text.initThreadVars
                0x0000000000112a04       0x50 C:/devkitPro/libctru/lib\libctru.a(syscalls.o)
                0x0000000000112a04                initThreadVars
 .text.__system_initSyscalls
                0x0000000000112a54       0x68 C:/devkitPro/libctru/lib\libctru.a(syscalls.o)
                0x0000000000112a54                __system_initSyscalls
 .text.__appExit
                0x0000000000112abc       0x30 C:/devkitPro/libctru/lib\libctru.a(appExit.o)
                0x0000000000112abc                __appExit
 .text.__libctru_exit
                0x0000000000112aec       0x90 C:/devkitPro/libctru/lib\libctru.a(ctru_exit.o)
                0x0000000000112aec                __libctru_exit
 .text.archive_link
                0x0000000000112b7c       0x14 C:/devkitPro/libctru/lib\libctru.a(archive_dev.o)
 .text.archive_dirreset
                0x0000000000112b90       0x14 C:/devkitPro/libctru/lib\libctru.a(archive_dev.o)
 .text.archive_chmod
                0x0000000000112ba4       0x14 C:/devkitPro/libctru/lib\libctru.a(archive_dev.o)
 .text.error_cmp
                0x0000000000112bb8       0x24 C:/devkitPro/libctru/lib\libctru.a(archive_dev.o)
 .text.archive_translate_error
                0x0000000000112bdc       0x50 C:/devkitPro/libctru/lib\libctru.a(archive_dev.o)
 .text.archive_seek
                0x0000000000112c2c       0xc8 C:/devkitPro/libctru/lib\libctru.a(archive_dev.o)
 .text._archiveInit.part.0
                0x0000000000112cf4       0x7c C:/devkitPro/libctru/lib\libctru.a(archive_dev.o)
 .text.archiveFindDevice.part.0
                0x0000000000112d70       0xc4 C:/devkitPro/libctru/lib\libctru.a(archive_dev.o)
 .text.archive_utf16path
                0x0000000000112e34      0x25c C:/devkitPro/libctru/lib\libctru.a(archive_dev.o)
 .text._archiveUnmountDeviceStruct.part.0
                0x0000000000113090       0xa0 C:/devkitPro/libctru/lib\libctru.a(archive_dev.o)
 .text.archive_fchmod
                0x0000000000113130       0x14 C:/devkitPro/libctru/lib\libctru.a(archive_dev.o)
 .text.archive_statvfs
                0x0000000000113144       0x14 C:/devkitPro/libctru/lib\libctru.a(archive_dev.o)
 .text._archiveMountDevice
                0x0000000000113158      0x164 C:/devkitPro/libctru/lib\libctru.a(archive_dev.o)
 .text.archive_diropen
                0x00000000001132bc       0xe8 C:/devkitPro/libctru/lib\libctru.a(archive_dev.o)
 .text.archive_fstat
                0x00000000001133a4       0xa4 C:/devkitPro/libctru/lib\libctru.a(archive_dev.o)
 .text.archive_close
                0x0000000000113448       0x6c C:/devkitPro/libctru/lib\libctru.a(archive_dev.o)
 .text.archive_fsync
                0x00000000001134b4       0x6c C:/devkitPro/libctru/lib\libctru.a(archive_dev.o)
 .text.archive_dirclose
                0x0000000000113520       0x70 C:/devkitPro/libctru/lib\libctru.a(archive_dev.o)
 .text.sdmc_statvfs
                0x0000000000113590       0xe8 C:/devkitPro/libctru/lib\libctru.a(archive_dev.o)
 .text.archive_chdir
                0x0000000000113678       0xec C:/devkitPro/libctru/lib\libctru.a(archive_dev.o)
 .text.archive_ftruncate
                0x0000000000113764       0x7c C:/devkitPro/libctru/lib\libctru.a(archive_dev.o)
 .text.archive_read
                0x00000000001137e0       0xac C:/devkitPro/libctru/lib\libctru.a(archive_dev.o)
 .text.archive_unlink
                0x000000000011388c       0xa4 C:/devkitPro/libctru/lib\libctru.a(archive_dev.o)
 .text.archive_rmdir
                0x0000000000113930       0xbc C:/devkitPro/libctru/lib\libctru.a(archive_dev.o)
 .text.archive_mkdir
                0x00000000001139ec       0xdc C:/devkitPro/libctru/lib\libctru.a(archive_dev.o)
 .text.archive_stat
                0x0000000000113ac8      0x19c C:/devkitPro/libctru/lib\libctru.a(archive_dev.o)
 .text.archive_dirnext
                0x0000000000113c64      0x15c C:/devkitPro/libctru/lib\libctru.a(archive_dev.o)
 .text.archive_write
                0x0000000000113dc0       0xec C:/devkitPro/libctru/lib\libctru.a(archive_dev.o)
 .text.archive_open
                0x0000000000113eac      0x1d4 C:/devkitPro/libctru/lib\libctru.a(archive_dev.o)
 .text.archive_rename
                0x0000000000114080      0x278 C:/devkitPro/libctru/lib\libctru.a(archive_dev.o)
 .text.archiveMountSdmc
                0x00000000001142f8      0x19c C:/devkitPro/libctru/lib\libctru.a(archive_dev.o)
                0x00000000001142f8                archiveMountSdmc
 .text.archiveUnmountAll
                0x0000000000114494       0x54 C:/devkitPro/libctru/lib\libctru.a(archive_dev.o)
                0x0000000000114494                archiveUnmountAll
 .text._Znaj    0x00000000001144e8        0x4 c:/devkitpro/devkitarm/bin/../lib/gcc/arm-none-eabi/12.1.0/../../../../arm-none-eabi/lib/armv6k/fpu\libstdc++.a(new_opv.o)
                0x00000000001144e8                operator new[](unsigned int)
 .text._Znwj    0x00000000001144ec       0x5c c:/devkitpro/devkitarm/bin/../lib/gcc/arm-none-eabi/12.1.0/../../../../arm-none-eabi/lib/armv6k/fpu\libstdc++.a(new_op.o)
                0x00000000001144ec                operator new(unsigned int)
 .text._ZNKSt9bad_alloc4whatEv
                0x0000000000114548        0xc c:/devkitpro/devkitarm/bin/../lib/gcc/arm-none-eabi/12.1.0/../../../../arm-none-eabi/lib/armv6k/fpu\libstdc++.a(bad_alloc.o)
                0x0000000000114548                std::bad_alloc::what() const
 .text._ZNSt9bad_allocD2Ev
                0x0000000000114554       0x20 c:/devkitpro/devkitarm/bin/../lib/gcc/arm-none-eabi/12.1.0/../../../../arm-none-eabi/lib/armv6k/fpu\libstdc++.a(bad_alloc.o)
                0x0000000000114554                std::bad_alloc::~bad_alloc()
                0x0000000000114554                std::bad_alloc::~bad_alloc()
 .text._ZNSt9bad_allocD0Ev
                0x0000000000114574       0x2c c:/devkitpro/devkitarm/bin/../lib/gcc/arm-none-eabi/12.1.0/../../../../arm-none-eabi/lib/armv6k/fpu\libstdc++.a(bad_alloc.o)
                0x0000000000114574                std::bad_alloc::~bad_alloc()
 .text._ZdlPvj  0x00000000001145a0        0x4 c:/devkitpro/devkitarm/bin/../lib/gcc/arm-none-eabi/12.1.0/../../../../arm-none-eabi/lib/armv6k/fpu\libstdc++.a(del_ops.o)
                0x00000000001145a0                operator delete(void*, unsigned int)
 .text._ZN12_GLOBAL__N_14pool4freeEPv.constprop.0
                0x00000000001145a4       0xc8 c:/devkitpro/devkitarm/bin/../lib/gcc/arm-none-eabi/12.1.0/../../../../arm-none-eabi/lib/armv6k/fpu\libstdc++.a(eh_alloc.o)
 .text._ZN12_GLOBAL__N_14pool8allocateEj.constprop.0
                0x000000000011466c       0x98 c:/devkitpro/devkitarm/bin/../lib/gcc/arm-none-eabi/12.1.0/../../../../arm-none-eabi/lib/armv6k/fpu\libstdc++.a(eh_alloc.o)
 .text.__cxa_allocate_exception
                0x0000000000114704       0x44 c:/devkitpro/devkitarm/bin/../lib/gcc/arm-none-eabi/12.1.0/../../../../arm-none-eabi/lib/armv6k/fpu\libstdc++.a(eh_alloc.o)
                0x0000000000114704                __cxa_allocate_exception
 .text.__cxa_free_exception
                0x0000000000114748       0x30 c:/devkitpro/devkitarm/bin/../lib/gcc/arm-none-eabi/12.1.0/../../../../arm-none-eabi/lib/armv6k/fpu\libstdc++.a(eh_alloc.o)
                0x0000000000114748                __cxa_free_exception
 .text.startup._GLOBAL__sub_I__ZN9__gnu_cxx9__freeresEv
                0x0000000000114778       0x3c c:/devkitpro/devkitarm/bin/../lib/gcc/arm-none-eabi/12.1.0/../../../../arm-none-eabi/lib/armv6k/fpu\libstdc++.a(eh_alloc.o)
 .text._ZNSt9exceptionD2Ev
                0x00000000001147b4        0x4 c:/devkitpro/devkitarm/bin/../lib/gcc/arm-none-eabi/12.1.0/../../../../arm-none-eabi/lib/armv6k/fpu\libstdc++.a(eh_exception.o)
                0x00000000001147b4                std::exception::~exception()
                0x00000000001147b4                std::exception::~exception()
 .text._ZNSt13bad_exceptionD2Ev
                0x00000000001147b8        0x4 c:/devkitpro/devkitarm/bin/../lib/gcc/arm-none-eabi/12.1.0/../../../../arm-none-eabi/lib/armv6k/fpu\libstdc++.a(eh_exception.o)
                0x00000000001147b8                std::bad_exception::~bad_exception()
                0x00000000001147b8                std::bad_exception::~bad_exception()
 .text._ZNKSt13bad_exception4whatEv
                0x00000000001147bc        0xc c:/devkitpro/devkitarm/bin/../lib/gcc/arm-none-eabi/12.1.0/../../../../arm-none-eabi/lib/armv6k/fpu\libstdc++.a(eh_exception.o)
                0x00000000001147bc                std::bad_exception::what() const
                0x00000000001147bc                transaction clone for std::bad_exception::what() const
 .text._ZNSt13bad_exceptionD0Ev
                0x00000000001147c8       0x18 c:/devkitpro/devkitarm/bin/../lib/gcc/arm-none-eabi/12.1.0/../../../../arm-none-eabi/lib/armv6k/fpu\libstdc++.a(eh_exception.o)
                0x00000000001147c8                std::bad_exception::~bad_exception()
 .text._ZN10__cxxabiv111__terminateEPFvvE
                0x00000000001147e0       0x14 c:/devkitpro/devkitarm/bin/../lib/gcc/arm-none-eabi/12.1.0/../../../../arm-none-eabi/lib/armv6k/fpu\libstdc++.a(eh_terminate.o)
                0x00000000001147e0                __cxxabiv1::__terminate(void (*)())
 .text._ZSt9terminatev
                0x00000000001147f4       0x18 c:/devkitpro/devkitarm/bin/../lib/gcc/arm-none-eabi/12.1.0/../../../../arm-none-eabi/lib/armv6k/fpu\libstdc++.a(eh_terminate.o)
                0x00000000001147f4                std::terminate()
 .text._ZN10__cxxabiv112__unexpectedEPFvvE
                0x000000000011480c        0xc c:/devkitpro/devkitarm/bin/../lib/gcc/arm-none-eabi/12.1.0/../../../../arm-none-eabi/lib/armv6k/fpu\libstdc++.a(eh_terminate.o)
                0x000000000011480c                __cxxabiv1::__unexpected(void (*)())
 .text._ZSt10unexpectedv
                0x0000000000114818       0x18 c:/devkitpro/devkitarm/bin/../lib/gcc/arm-none-eabi/12.1.0/../../../../arm-none-eabi/lib/armv6k/fpu\libstdc++.a(eh_terminate.o)
                0x0000000000114818                std::unexpected()
 .text._ZSt13get_terminatev
                0x0000000000114830       0x14 c:/devkitpro/devkitarm/bin/../lib/gcc/arm-none-eabi/12.1.0/../../../../arm-none-eabi/lib/armv6k/fpu\libstdc++.a(eh_terminate.o)
                0x0000000000114830                std::get_terminate()
 .text._ZSt14get_unexpectedv
                0x0000000000114844       0x14 c:/devkitpro/devkitarm/bin/../lib/gcc/arm-none-eabi/12.1.0/../../../../arm-none-eabi/lib/armv6k/fpu\libstdc++.a(eh_terminate.o)
                0x0000000000114844                std::get_unexpected()
 .text._ZL23__gxx_exception_cleanup19_Unwind_Reason_CodeP21_Unwind_Control_Block
                0x0000000000114858       0x60 c:/devkitpro/devkitarm/bin/../lib/gcc/arm-none-eabi/12.1.0/../../../../arm-none-eabi/lib/armv6k/fpu\libstdc++.a(eh_throw.o)
 .text.__cxa_init_primary_exception
                0x00000000001148b8       0x58 c:/devkitpro/devkitarm/bin/../lib/gcc/arm-none-eabi/12.1.0/../../../../arm-none-eabi/lib/armv6k/fpu\libstdc++.a(eh_throw.o)
                0x00000000001148b8                __cxa_init_primary_exception
 .text.__cxa_throw
                0x0000000000114910       0x54 c:/devkitpro/devkitarm/bin/../lib/gcc/arm-none-eabi/12.1.0/../../../../arm-none-eabi/lib/armv6k/fpu\libstdc++.a(eh_throw.o)
                0x0000000000114910                __cxa_throw
 .text.__cxa_rethrow
                0x0000000000114964       0xb0 c:/devkitpro/devkitarm/bin/../lib/gcc/arm-none-eabi/12.1.0/../../../../arm-none-eabi/lib/armv6k/fpu\libstdc++.a(eh_throw.o)
                0x0000000000114964                __cxa_rethrow
 .text._ZSt15get_new_handlerv
                0x0000000000114a14       0x14 c:/devkitpro/devkitarm/bin/../lib/gcc/arm-none-eabi/12.1.0/../../../../arm-none-eabi/lib/armv6k/fpu\libstdc++.a(new_handler.o)
                0x0000000000114a14                std::get_new_handler()
 .text._ZN10__cxxabiv120__si_class_type_infoD2Ev
                0x0000000000114a28       0x20 c:/devkitpro/devkitarm/bin/../lib/gcc/arm-none-eabi/12.1.0/../../../../arm-none-eabi/lib/armv6k/fpu\libstdc++.a(si_class_type_info.o)
                0x0000000000114a28                __cxxabiv1::__si_class_type_info::~__si_class_type_info()
                0x0000000000114a28                __cxxabiv1::__si_class_type_info::~__si_class_type_info()
 .text._ZN10__cxxabiv120__si_class_type_infoD0Ev
                0x0000000000114a48       0x2c c:/devkitpro/devkitarm/bin/../lib/gcc/arm-none-eabi/12.1.0/../../../../arm-none-eabi/lib/armv6k/fpu\libstdc++.a(si_class_type_info.o)
                0x0000000000114a48                __cxxabiv1::__si_class_type_info::~__si_class_type_info()
 .text._ZNK10__cxxabiv120__si_class_type_info20__do_find_public_srcEiPKvPKNS_17__class_type_infoES2_
                0x0000000000114a74       0x6c c:/devkitpro/devkitarm/bin/../lib/gcc/arm-none-eabi/12.1.0/../../../../arm-none-eabi/lib/armv6k/fpu\libstdc++.a(si_class_type_info.o)
                0x0000000000114a74                __cxxabiv1::__si_class_type_info::__do_find_public_src(int, void const*, __cxxabiv1::__class_type_info const*, void const*) const
 .text._ZNK10__cxxabiv120__si_class_type_info12__do_dyncastEiNS_17__class_type_info10__sub_kindEPKS1_PKvS4_S6_RNS1_16__dyncast_resultE
                0x0000000000114ae0       0xdc c:/devkitpro/devkitarm/bin/../lib/gcc/arm-none-eabi/12.1.0/../../../../arm-none-eabi/lib/armv6k/fpu\libstdc++.a(si_class_type_info.o)
                0x0000000000114ae0                __cxxabiv1::__si_class_type_info::__do_dyncast(int, __cxxabiv1::__class_type_info::__sub_kind, __cxxabiv1::__class_type_info const*, void const*, __cxxabiv1::__class_type_info const*, void const*, __cxxabiv1::__class_type_info::__dyncast_result&) const
 .text._ZNK10__cxxabiv120__si_class_type_info11__do_upcastEPKNS_17__class_type_infoEPKvRNS1_15__upcast_resultE
                0x0000000000114bbc       0x44 c:/devkitpro/devkitarm/bin/../lib/gcc/arm-none-eabi/12.1.0/../../../../arm-none-eabi/lib/armv6k/fpu\libstdc++.a(si_class_type_info.o)
                0x0000000000114bbc                __cxxabiv1::__si_class_type_info::__do_upcast(__cxxabiv1::__class_type_info const*, void const*, __cxxabiv1::__class_type_info::__upcast_result&) const
 .text._ZNSt9type_infoD2Ev
                0x0000000000114c00        0x4 c:/devkitpro/devkitarm/bin/../lib/gcc/arm-none-eabi/12.1.0/../../../../arm-none-eabi/lib/armv6k/fpu\libstdc++.a(tinfo.o)
                0x0000000000114c00                std::type_info::~type_info()
                0x0000000000114c00                std::type_info::~type_info()
 .text._ZNKSt9type_info14__is_pointer_pEv
                0x0000000000114c04        0x8 c:/devkitpro/devkitarm/bin/../lib/gcc/arm-none-eabi/12.1.0/../../../../arm-none-eabi/lib/armv6k/fpu\libstdc++.a(tinfo.o)
                0x0000000000114c04                std::type_info::__is_pointer_p() const
                0x0000000000114c04                std::type_info::__is_function_p() const
 .text._ZNKSt9type_infoeqERKS_
                0x0000000000114c0c       0x4c c:/devkitpro/devkitarm/bin/../lib/gcc/arm-none-eabi/12.1.0/../../../../arm-none-eabi/lib/armv6k/fpu\libstdc++.a(tinfo.o)
                0x0000000000114c0c                std::type_info::operator==(std::type_info const&) const
                0x0000000000114c0c                std::type_info::__equal(std::type_info const&) const
 .text._ZNK10__cxxabiv117__class_type_info11__do_upcastEPKS0_PPv
                0x0000000000114c58       0x5c c:/devkitpro/devkitarm/bin/../lib/gcc/arm-none-eabi/12.1.0/../../../../arm-none-eabi/lib/armv6k/fpu\libstdc++.a(class_type_info.o)
                0x0000000000114c58                __cxxabiv1::__class_type_info::__do_upcast(__cxxabiv1::__class_type_info const*, void**) const
 .text._ZNK10__cxxabiv117__class_type_info20__do_find_public_srcEiPKvPKS0_S2_
                0x0000000000114cb4       0x14 c:/devkitpro/devkitarm/bin/../lib/gcc/arm-none-eabi/12.1.0/../../../../arm-none-eabi/lib/armv6k/fpu\libstdc++.a(class_type_info.o)
                0x0000000000114cb4                __cxxabiv1::__class_type_info::__do_find_public_src(int, void const*, __cxxabiv1::__class_type_info const*, void const*) const
 .text._ZN10__cxxabiv117__class_type_infoD2Ev
                0x0000000000114cc8       0x20 c:/devkitpro/devkitarm/bin/../lib/gcc/arm-none-eabi/12.1.0/../../../../arm-none-eabi/lib/armv6k/fpu\libstdc++.a(class_type_info.o)
                0x0000000000114cc8                __cxxabiv1::__class_type_info::~__class_type_info()
                0x0000000000114cc8                __cxxabiv1::__class_type_info::~__class_type_info()
 .text._ZN10__cxxabiv117__class_type_infoD0Ev
                0x0000000000114ce8       0x2c c:/devkitpro/devkitarm/bin/../lib/gcc/arm-none-eabi/12.1.0/../../../../arm-none-eabi/lib/armv6k/fpu\libstdc++.a(class_type_info.o)
                0x0000000000114ce8                __cxxabiv1::__class_type_info::~__class_type_info()
 .text._ZNK10__cxxabiv117__class_type_info12__do_dyncastEiNS0_10__sub_kindEPKS0_PKvS3_S5_RNS0_16__dyncast_resultE
                0x0000000000114d14       0x68 c:/devkitpro/devkitarm/bin/../lib/gcc/arm-none-eabi/12.1.0/../../../../arm-none-eabi/lib/armv6k/fpu\libstdc++.a(class_type_info.o)
                0x0000000000114d14                __cxxabiv1::__class_type_info::__do_dyncast(int, __cxxabiv1::__class_type_info::__sub_kind, __cxxabiv1::__class_type_info const*, void const*, __cxxabiv1::__class_type_info const*, void const*, __cxxabiv1::__class_type_info::__dyncast_result&) const
 .text._ZNK10__cxxabiv117__class_type_info11__do_upcastEPKS0_PKvRNS0_15__upcast_resultE
                0x0000000000114d7c       0x2c c:/devkitpro/devkitarm/bin/../lib/gcc/arm-none-eabi/12.1.0/../../../../arm-none-eabi/lib/armv6k/fpu\libstdc++.a(class_type_info.o)
                0x0000000000114d7c                __cxxabiv1::__class_type_info::__do_upcast(__cxxabiv1::__class_type_info const*, void const*, __cxxabiv1::__class_type_info::__upcast_result&) const
 .text._ZNK10__cxxabiv117__class_type_info10__do_catchEPKSt9type_infoPPvj
                0x0000000000114da8       0x44 c:/devkitpro/devkitarm/bin/../lib/gcc/arm-none-eabi/12.1.0/../../../../arm-none-eabi/lib/armv6k/fpu\libstdc++.a(class_type_info.o)
                0x0000000000114da8                __cxxabiv1::__class_type_info::__do_catch(std::type_info const*, void**, unsigned int) const
 .text._ZdlPv   0x0000000000114dec        0x4 c:/devkitpro/devkitarm/bin/../lib/gcc/arm-none-eabi/12.1.0/../../../../arm-none-eabi/lib/armv6k/fpu\libstdc++.a(del_op.o)
                0x0000000000114dec                operator delete(void*)
 .text.__cxa_begin_catch
                0x0000000000114df0       0xcc c:/devkitpro/devkitarm/bin/../lib/gcc/arm-none-eabi/12.1.0/../../../../arm-none-eabi/lib/armv6k/fpu\libstdc++.a(eh_catch.o)
                0x0000000000114df0                __cxa_begin_catch
 .text.__cxa_end_catch
                0x0000000000114ebc       0xe0 c:/devkitpro/devkitarm/bin/../lib/gcc/arm-none-eabi/12.1.0/../../../../arm-none-eabi/lib/armv6k/fpu\libstdc++.a(eh_catch.o)
                0x0000000000114ebc                __cxa_end_catch
 .text.__cxa_get_globals_fast
                0x0000000000114f9c        0xc c:/devkitpro/devkitarm/bin/../lib/gcc/arm-none-eabi/12.1.0/../../../../arm-none-eabi/lib/armv6k/fpu\libstdc++.a(eh_globals.o)
                0x0000000000114f9c                __cxa_get_globals_fast
 .text.__cxa_get_globals
                0x0000000000114fa8        0xc c:/devkitpro/devkitarm/bin/../lib/gcc/arm-none-eabi/12.1.0/../../../../arm-none-eabi/lib/armv6k/fpu\libstdc++.a(eh_globals.o)
                0x0000000000114fa8                __cxa_get_globals
 .text._ZL28read_encoded_value_with_basehjPKhPj
                0x0000000000114fb4      0x16c c:/devkitpro/devkitarm/bin/../lib/gcc/arm-none-eabi/12.1.0/../../../../arm-none-eabi/lib/armv6k/fpu\libstdc++.a(eh_personality.o)
 .text._ZL21base_of_encoded_valuehP15_Unwind_Context
                0x0000000000115120       0x58 c:/devkitpro/devkitarm/bin/../lib/gcc/arm-none-eabi/12.1.0/../../../../arm-none-eabi/lib/armv6k/fpu\libstdc++.a(eh_personality.o)
 .text._ZL17parse_lsda_headerP15_Unwind_ContextPKhP16lsda_header_info
                0x0000000000115178       0xd8 c:/devkitpro/devkitarm/bin/../lib/gcc/arm-none-eabi/12.1.0/../../../../arm-none-eabi/lib/armv6k/fpu\libstdc++.a(eh_personality.o)
 .text.__gxx_personality_v0
                0x0000000000115250      0x6c8 c:/devkitpro/devkitarm/bin/../lib/gcc/arm-none-eabi/12.1.0/../../../../arm-none-eabi/lib/armv6k/fpu\libstdc++.a(eh_personality.o)
                0x0000000000115250                __gxx_personality_v0
 .text.__cxa_end_cleanup
                0x0000000000115918       0x10 c:/devkitpro/devkitarm/bin/../lib/gcc/arm-none-eabi/12.1.0/../../../../arm-none-eabi/lib/armv6k/fpu\libstdc++.a(eh_arm.o)
                0x0000000000115918                __cxa_end_cleanup
 .text.__cxa_type_match
                0x0000000000115928      0x12c c:/devkitpro/devkitarm/bin/../lib/gcc/arm-none-eabi/12.1.0/../../../../arm-none-eabi/lib/armv6k/fpu\libstdc++.a(eh_arm.o)
                0x0000000000115928                __cxa_type_match
 .text.__cxa_begin_cleanup
                0x0000000000115a54       0xb4 c:/devkitpro/devkitarm/bin/../lib/gcc/arm-none-eabi/12.1.0/../../../../arm-none-eabi/lib/armv6k/fpu\libstdc++.a(eh_arm.o)
                0x0000000000115a54                __cxa_begin_cleanup
 .text.__gnu_end_cleanup
                0x0000000000115b08       0xb4 c:/devkitpro/devkitarm/bin/../lib/gcc/arm-none-eabi/12.1.0/../../../../arm-none-eabi/lib/armv6k/fpu\libstdc++.a(eh_arm.o)
                0x0000000000115b08                __gnu_end_cleanup
 .text._ZN10__cxxabiv1L24__is_gxx_exception_classEPc
                0x0000000000115bbc       0x70 c:/devkitpro/devkitarm/bin/../lib/gcc/arm-none-eabi/12.1.0/../../../../arm-none-eabi/lib/armv6k/fpu\libstdc++.a(eh_call.o)
 .text.__cxa_call_terminate
                0x0000000000115c2c       0x2c c:/devkitpro/devkitarm/bin/../lib/gcc/arm-none-eabi/12.1.0/../../../../arm-none-eabi/lib/armv6k/fpu\libstdc++.a(eh_call.o)
                0x0000000000115c2c                __cxa_call_terminate
 .text.unlikely.__cxa_call_unexpected
                0x0000000000115c58      0x138 c:/devkitpro/devkitarm/bin/../lib/gcc/arm-none-eabi/12.1.0/../../../../arm-none-eabi/lib/armv6k/fpu\libstdc++.a(eh_call.o)
                0x0000000000115c58                __cxa_call_unexpected
 .text.cosf     0x0000000000115d90      0x22c c:/devkitpro/devkitarm/bin/../lib/gcc/arm-none-eabi/12.1.0/../../../../arm-none-eabi/lib/armv6k/fpu\libm.a(lib_a-cosf.o)
                0x0000000000115d90                cosf
 .text.with_errnof
                0x0000000000115fbc       0x24 c:/devkitpro/devkitarm/bin/../lib/gcc/arm-none-eabi/12.1.0/../../../../arm-none-eabi/lib/armv6k/fpu\libm.a(lib_a-math_errf.o)
 .text.__math_invalidf
                0x0000000000115fe0       0x1c c:/devkitpro/devkitarm/bin/../lib/gcc/arm-none-eabi/12.1.0/../../../../arm-none-eabi/lib/armv6k/fpu\libm.a(lib_a-math_errf.o)
                0x0000000000115fe0                __math_invalidf
 .text.atanf    0x0000000000115ffc      0x1f8 c:/devkitpro/devkitarm/bin/../lib/gcc/arm-none-eabi/12.1.0/../../../../arm-none-eabi/lib/armv6k/fpu\libm.a(lib_a-sf_atan.o)
                0x0000000000115ffc                atanf
 .text.fabsf    0x00000000001161f4       0x10 c:/devkitpro/devkitarm/bin/../lib/gcc/arm-none-eabi/12.1.0/../../../../arm-none-eabi/lib/armv6k/fpu\libm.a(lib_a-sf_fabs.o)
                0x00000000001161f4                fabsf
 .text.tanf     0x0000000000116204       0x70 c:/devkitpro/devkitarm/bin/../lib/gcc/arm-none-eabi/12.1.0/../../../../arm-none-eabi/lib/armv6k/fpu\libm.a(lib_a-sf_tan.o)
                0x0000000000116204                tanf
 *fill*         0x0000000000116274        0x4 
 .text.sinf     0x0000000000116278      0x24c c:/devkitpro/devkitarm/bin/../lib/gcc/arm-none-eabi/12.1.0/../../../../arm-none-eabi/lib/armv6k/fpu\libm.a(lib_a-sinf.o)
                0x0000000000116278                sinf
 .text.__ieee754_rem_pio2f
                0x00000000001164c4      0x2c8 c:/devkitpro/devkitarm/bin/../lib/gcc/arm-none-eabi/12.1.0/../../../../arm-none-eabi/lib/armv6k/fpu\libm.a(lib_a-ef_rem_pio2.o)
                0x00000000001164c4                __ieee754_rem_pio2f
 .text.__kernel_rem_pio2f
                0x000000000011678c      0x880 c:/devkitpro/devkitarm/bin/../lib/gcc/arm-none-eabi/12.1.0/../../../../arm-none-eabi/lib/armv6k/fpu\libm.a(lib_a-kf_rem_pio2.o)
                0x000000000011678c                __kernel_rem_pio2f
 .text.__kernel_tanf
                0x000000000011700c      0x208 c:/devkitpro/devkitarm/bin/../lib/gcc/arm-none-eabi/12.1.0/../../../../arm-none-eabi/lib/armv6k/fpu\libm.a(lib_a-kf_tan.o)
                0x000000000011700c                __kernel_tanf
 .text.floorf   0x0000000000117214       0xc0 c:/devkitpro/devkitarm/bin/../lib/gcc/arm-none-eabi/12.1.0/../../../../arm-none-eabi/lib/armv6k/fpu\libm.a(lib_a-sf_floor.o)
                0x0000000000117214                floorf
 .text.scalbnf  0x00000000001172d4      0x12c c:/devkitpro/devkitarm/bin/../lib/gcc/arm-none-eabi/12.1.0/../../../../arm-none-eabi/lib/armv6k/fpu\libm.a(lib_a-sf_scalbn.o)
                0x00000000001172d4                scalbnf
 .text.__udivmoddi4
                0x0000000000117400      0x120 c:/devkitpro/devkitarm/bin/../lib/gcc/arm-none-eabi/12.1.0/armv6k/fpu\libgcc.a(_udivmoddi4.o)
                0x0000000000117400                __udivmoddi4
 .text.selfrel_offset31
                0x0000000000117520       0x18 c:/devkitpro/devkitarm/bin/../lib/gcc/arm-none-eabi/12.1.0/armv6k/fpu\libgcc.a(unwind-arm.o)
 .text.search_EIT_table
                0x0000000000117538       0x90 c:/devkitpro/devkitarm/bin/../lib/gcc/arm-none-eabi/12.1.0/armv6k/fpu\libgcc.a(unwind-arm.o)
 .text.__gnu_unwind_get_pr_addr
                0x00000000001175c8       0x40 c:/devkitpro/devkitarm/bin/../lib/gcc/arm-none-eabi/12.1.0/armv6k/fpu\libgcc.a(unwind-arm.o)
 .text.get_eit_entry
                0x0000000000117608       0xf4 c:/devkitpro/devkitarm/bin/../lib/gcc/arm-none-eabi/12.1.0/armv6k/fpu\libgcc.a(unwind-arm.o)
 .text.restore_non_core_regs
                0x00000000001176fc       0x88 c:/devkitpro/devkitarm/bin/../lib/gcc/arm-none-eabi/12.1.0/armv6k/fpu\libgcc.a(unwind-arm.o)
 .text._Unwind_decode_typeinfo_ptr.constprop.0
                0x0000000000117784       0x14 c:/devkitpro/devkitarm/bin/../lib/gcc/arm-none-eabi/12.1.0/armv6k/fpu\libgcc.a(unwind-arm.o)
 .text._Unwind_DebugHook
                0x0000000000117798        0x4 c:/devkitpro/devkitarm/bin/../lib/gcc/arm-none-eabi/12.1.0/armv6k/fpu\libgcc.a(unwind-arm.o)
 .text.unwind_phase2
                0x000000000011779c       0x64 c:/devkitpro/devkitarm/bin/../lib/gcc/arm-none-eabi/12.1.0/armv6k/fpu\libgcc.a(unwind-arm.o)
 .text.unwind_phase2_forced
                0x0000000000117800      0x140 c:/devkitpro/devkitarm/bin/../lib/gcc/arm-none-eabi/12.1.0/armv6k/fpu\libgcc.a(unwind-arm.o)
 .text.__gnu_Unwind_RaiseException
                0x0000000000117940       0xa4 c:/devkitpro/devkitarm/bin/../lib/gcc/arm-none-eabi/12.1.0/armv6k/fpu\libgcc.a(unwind-arm.o)
                0x0000000000117940                __gnu_Unwind_RaiseException
 .text.__gnu_Unwind_ForcedUnwind
                0x00000000001179e4       0x28 c:/devkitpro/devkitarm/bin/../lib/gcc/arm-none-eabi/12.1.0/armv6k/fpu\libgcc.a(unwind-arm.o)
                0x00000000001179e4                __gnu_Unwind_ForcedUnwind
 .text.__gnu_Unwind_Resume
                0x0000000000117a0c       0x74 c:/devkitpro/devkitarm/bin/../lib/gcc/arm-none-eabi/12.1.0/armv6k/fpu\libgcc.a(unwind-arm.o)
                0x0000000000117a0c                __gnu_Unwind_Resume
 .text.__gnu_Unwind_Resume_or_Rethrow
                0x0000000000117a80       0x20 c:/devkitpro/devkitarm/bin/../lib/gcc/arm-none-eabi/12.1.0/armv6k/fpu\libgcc.a(unwind-arm.o)
                0x0000000000117a80                __gnu_Unwind_Resume_or_Rethrow
 .text._Unwind_Complete
                0x0000000000117aa0        0x4 c:/devkitpro/devkitarm/bin/../lib/gcc/arm-none-eabi/12.1.0/armv6k/fpu\libgcc.a(unwind-arm.o)
                0x0000000000117aa0                _Unwind_Complete
 .text._Unwind_DeleteException