Archive member included to satisfy reference by file (symbol)

C:/devkitPro/libctru/lib\libcitro3d.a(base.o)
                              main.o (C3D_Init)
C:/devkitPro/libctru/lib\libcitro3d.a(renderqueue.o)
                              C:/devkitPro/libctru/lib\libcitro3d.a(base.o) (C3Di_RenderQueueEnableVBlank)
C:/devkitPro/libctru/lib\libcitro3d.a(texture.o)
                              main.o (C3D_TexBind)
C:/devkitPro/libctru/lib\libcitro3d.a(tex3ds.o)
                              main.o (Tex3DS_TextureImport)
C:/devkitPro/libctru/lib\libcitro3d.a(framebuffer.o)
                              C:/devkitPro/libctru/lib\libcitro3d.a(renderqueue.o) (C3D_CalcColorBufSize)
C:/devkitPro/libctru/lib\libcitro3d.a(texenv.o)
                              main.o (C3D_GetTexEnv)
C:/devkitPro/libctru/lib\libcitro3d.a(buffers.o)
                              main.o (BufInfo_Init)
C:/devkitPro/libctru/lib\libcitro3d.a(drawArrays.o)
                              main.o (C3D_DrawArrays)
C:/devkitPro/libctru/lib\libcitro3d.a(effect.o)
                              C:/devkitPro/libctru/lib\libcitro3d.a(base.o) (C3D_DepthMap)
C:/devkitPro/libctru/lib\libcitro3d.a(attribs.o)
                              main.o (AttrInfo_Init)
C:/devkitPro/libctru/lib\libcitro3d.a(immediate.o)
                              C:/devkitPro/libctru/lib\libcitro3d.a(base.o) (C3D_ImmSendAttrib)
C:/devkitPro/libctru/lib\libcitro3d.a(uniforms.o)
                              C:/devkitPro/libctru/lib\libcitro3d.a(base.o) (C3D_UpdateUniforms)
C:/devkitPro/libctru/lib\libcitro3d.a(mtx_rotatex.o)
                              main.o (Mtx_RotateX)
C:/devkitPro/libctru/lib\libcitro3d.a(mtx_persptilt.o)
                              main.o (Mtx_PerspTilt)
C:/devkitPro/libctru/lib\libcitro3d.a(mtx_translate.o)
                              main.o (Mtx_Translate)
C:/devkitPro/libctru/lib\libcitro3d.a(mtx_rotatey.o)
                              main.o (Mtx_RotateY)
C:/devkitPro/libctru/lib\libctru.a(vram.o)
                              C:/devkitPro/libctru/lib\libcitro3d.a(renderqueue.o) (vramAlloc)
C:/devkitPro/libctru/lib\libctru.a(linear.o)
                              main.o (linearAlloc)
C:/devkitPro/libctru/lib\libctru.a(mem_pool.o)
                              C:/devkitPro/libctru/lib\libctru.a(vram.o) (MemPool::Allocate(MemChunk&, unsigned long, int))
C:/devkitPro/libctru/lib\libctru.a(romfs_dev.o)
                              main.o (romfsMountSelf)
C:/devkitPro/libctru/lib\libctru.a(os.o)
                              C:/devkitPro/libctru/lib\libcitro3d.a(texture.o) (osConvertVirtToPhys)
C:/devkitPro/libctru/lib\libctru.a(console.o)
                              main.o (consoleSelect)
C:/devkitPro/libctru/lib\libctru.a(path_buf.o)
                              C:/devkitPro/libctru/lib\libctru.a(romfs_dev.o) (__ctru_dev_utf16_buf)
C:/devkitPro/libctru/lib\libctru.a(gfx.o)
                              C:/devkitPro/libctru/lib\libctru.a(console.o) (gfxIsWide)
C:/devkitPro/libctru/lib\libctru.a(shaderProgram.o)
                              main.o (shaderInstanceGetUniformLocation)
C:/devkitPro/libctru/lib\libctru.a(shbin.o)
                              main.o (DVLB_ParseFile)
C:/devkitPro/libctru/lib\libctru.a(gx.o)
                              C:/devkitPro/libctru/lib\libcitro3d.a(renderqueue.o) (GX_BindQueue)
C:/devkitPro/libctru/lib\libctru.a(gxqueue.o)
                              C:/devkitPro/libctru/lib\libcitro3d.a(renderqueue.o) (gxCmdQueueClear)
C:/devkitPro/libctru/lib\libctru.a(gpu.o)
                              C:/devkitPro/libctru/lib\libcitro3d.a(base.o) (gpuCmdBufOffset)
C:/devkitPro/libctru/lib\libctru.a(gspgpu.o)
                              C:/devkitPro/libctru/lib\libctru.a(gfx.o) (gspInit)
C:/devkitPro/libctru/lib\libctru.a(apt.o)
                              C:/devkitPro/libctru/lib\libcitro3d.a(base.o) (aptHook)
C:/devkitPro/libctru/lib\libctru.a(hid.o)
                              main.o (hidScanInput)
C:/devkitPro/libctru/lib\libctru.a(ptmsysm.o)
                              C:/devkitPro/libctru/lib\libctru.a(os.o) (ptmSysmInit)
C:/devkitPro/libctru/lib\libctru.a(fs.o)
                              C:/devkitPro/libctru/lib\libctru.a(romfs_dev.o) (FSUSER_OpenFileDirectly)
C:/devkitPro/libctru/lib\libctru.a(decompress.o)
                              C:/devkitPro/libctru/lib\libcitro3d.a(tex3ds.o) (decompressCallback_FD)
C:/devkitPro/libctru/lib\libctru.a(rbtree_init.o)
                              C:/devkitPro/libctru/lib\libctru.a(vram.o) (rbtree_init)
C:/devkitPro/libctru/lib\libctru.a(rbtree_insert.o)
                              C:/devkitPro/libctru/lib\libctru.a(vram.o) (rbtree_insert)
C:/devkitPro/libctru/lib\libctru.a(rbtree_rotate.o)
                              C:/devkitPro/libctru/lib\libctru.a(rbtree_insert.o) (rbtree_rotate)
C:/devkitPro/libctru/lib\libctru.a(rbtree_remove.o)
[...]
Memory Configuration

Name             Origin             Length             Attributes
*default*        0x0000000000000000 0xffffffffffffffff

Linker script and memory map

                0x0000000000100000                PROVIDE (__start__ = 0x100000)
                0x0000000000100000                . = __start__

.text           0x0000000000100000    0x2c848
 *(.crt0)
 .crt0          0x0000000000100000       0x94 c:/devkitpro/devkitarm/bin/../lib/gcc/arm-none-eabi/12.1.0/../../../../arm-none-eabi/lib/armv6k/fpu/3dsx_crt0.o
                0x0000000000100000                _start
                0x0000000000100008                __service_ptr
                0x000000000010000c                __apt_appid
                0x0000000000100010                __heap_size
                0x0000000000100014                __linear_heap_size
                0x0000000000100018                __system_arglist
                0x000000000010001c                __system_runflags
 *(.init)
 .init          0x0000000000100094        0xc c:/devkitpro/devkitarm/bin/../lib/gcc/arm-none-eabi/12.1.0/armv6k/fpu/crti.o
                0x0000000000100094                _init
 .init          0x00000000001000a0        0xc c:/devkitpro/devkitarm/bin/../lib/gcc/arm-none-eabi/12.1.0/armv6k/fpu/crtn.o
                0x00000000001000ac                . = ALIGN (0x4)
 *(.text)
 .text          0x00000000001000ac      0x20c c:/devkitpro/devkitarm/bin/../lib/gcc/arm-none-eabi/12.1.0/armv6k/fpu\libgcc.a(_udivsi3.o)
                0x00000000001000ac                __aeabi_uidiv
                0x00000000001000ac                __udivsi3
                0x0000000000100298                __aeabi_uidivmod
 .text          0x00000000001002b8      0x240 c:/devkitpro/devkitarm/bin/../lib/gcc/arm-none-eabi/12.1.0/armv6k/fpu\libgcc.a(_divsi3.o)
                0x00000000001002b8                __divsi3
                0x00000000001002b8                __aeabi_idiv
                0x00000000001004d8                __aeabi_idivmod
 .text          0x00000000001004f8        0x4 c:/devkitpro/devkitarm/bin/../lib/gcc/arm-none-eabi/12.1.0/armv6k/fpu\libgcc.a(_dvmd_tls.o)
                0x00000000001004f8                __aeabi_idiv0
                0x00000000001004f8                __aeabi_ldiv0
 .text          0x00000000001004fc      0x3c0 c:/devkitpro/devkitarm/bin/../lib/gcc/arm-none-eabi/12.1.0/armv6k/fpu\libgcc.a(_arm_addsubdf3.o)
                0x00000000001004fc                __aeabi_drsub
                0x0000000000100504                __aeabi_dsub
                0x0000000000100504                __subdf3
                0x0000000000100508                __aeabi_dadd
                0x0000000000100508                __adddf3
                0x00000000001007b4                __floatunsidf
                0x00000000001007b4                __aeabi_ui2d
                0x00000000001007d8                __floatsidf
                0x00000000001007d8                __aeabi_i2d
                0x0000000000100800                __aeabi_f2d
                0x0000000000100800                __extendsfdf2
                0x0000000000100848                __floatundidf
                0x0000000000100848                __aeabi_ul2d
                0x000000000010085c                __floatdidf
                0x000000000010085c                __aeabi_l2d
 .text          0x00000000001008bc       0xd4 c:/devkitpro/devkitarm/bin/../lib/gcc/arm-none-eabi/12.1.0/armv6k/fpu\libgcc.a(_aeabi_ldivmod.o)
                0x00000000001008bc                __aeabi_ldivmod
 .text          0x0000000000100990       0x3c c:/devkitpro/devkitarm/bin/../lib/gcc/arm-none-eabi/12.1.0/armv6k/fpu\libgcc.a(_aeabi_uldivmod.o)
                0x0000000000100990                __aeabi_uldivmod
 .text          0x00000000001009cc      0x1a8 c:/devkitpro/devkitarm/bin/../lib/gcc/arm-none-eabi/12.1.0/armv6k/fpu\libgcc.a(libunwind.o)
                0x00000000001009cc                __restore_core_regs
                0x00000000001009cc                restore_core_regs
                0x00000000001009e0                __gnu_Unwind_Restore_VFP
                0x00000000001009e8                __gnu_Unwind_Save_VFP
                0x00000000001009f0                __gnu_Unwind_Restore_VFP_D
                0x00000000001009f8                __gnu_Unwind_Save_VFP_D
                0x0000000000100a00                __gnu_Unwind_Restore_VFP_D_16_to_31
                0x0000000000100a08                __gnu_Unwind_Save_VFP_D_16_to_31
                0x0000000000100a10                __gnu_Unwind_Restore_WMMXD
                0x0000000000100a54                __gnu_Unwind_Save_WMMXD
                0x0000000000100a98                __gnu_Unwind_Restore_WMMXC
                0x0000000000100aac                __gnu_Unwind_Save_WMMXC
                0x0000000000100ac0                ___Unwind_RaiseException
                0x0000000000100ac0                _Unwind_RaiseException
                0x0000000000100ae4                _Unwind_Resume
                0x0000000000100ae4                ___Unwind_Resume
                0x0000000000100b08                _Unwind_Resume_or_Rethrow
                0x0000000000100b08                ___Unwind_Resume_or_Rethrow
                0x0000000000100b2c                _Unwind_ForcedUnwind
                0x0000000000100b2c                ___Unwind_ForcedUnwind
                0x0000000000100b50                ___Unwind_Backtrace
                0x0000000000100b50                _Unwind_Backtrace
 *fill*         0x0000000000100b74        0xc 
 .text          0x0000000000100b80      0x390 c:/devkitpro/devkitarm/bin/../lib/gcc/arm-none-eabi/12.1.0/../../../../arm-none-eabi/lib/armv6k/fpu\libg.a(lib_a-strcmp.o)
                0x0000000000100b88                strcmp
 *(.text.*)
 .text.__do_global_dtors_aux
                0x0000000000100f10       0x40 c:/devkitpro/devkitarm/bin/../lib/gcc/arm-none-eabi/12.1.0/armv6k/fpu/crtbegin.o
 .text.frame_dummy
                0x0000000000100f50       0x2c c:/devkitpro/devkitarm/bin/../lib/gcc/arm-none-eabi/12.1.0/armv6k/fpu/crtbegin.o
 .text._Z13multiplyMat4s4Mat4S_
                0x0000000000100f7c      0x1fc main.o
                0x0000000000100f7c                multiplyMat4s(Mat4, Mat4)
 .text._Z11getQuatMat44Quat
                0x0000000000101178       0xb8 main.o
                0x0000000000101178                getQuatMat4(Quat)
 .text._Z20getAngleRotationMat44Vec3
                0x0000000000101230       0xf4 main.o
                0x0000000000101230                getAngleRotationMat4(Vec3)
 .text._Z12initGraphicsv
                0x0000000000101324      0x158 main.o
                0x0000000000101324                initGraphics()
 .text._Z14updateUniformsP7C3D_Mtx
                0x000000000010147c      0x12c main.o
                0x000000000010147c                updateUniforms(C3D_Mtx*)
 .text._ZN4Mesh14updateVertDataE4Mat4
                0x00000000001015a8      0x1fc main.o
                0x00000000001015a8                Mesh::updateVertData(Mat4)
 .text._ZN4Node4drawE4Mat4PS_P7C3D_TexP4MeshP4AnimP11AnimChannelii
                0x00000000001017a4      0x5ec main.o
                0x00000000001017a4                Node::draw(Mat4, Node*, C3D_Tex*, Mesh*, Anim*, AnimChannel*, int, int)
 .text._Z8loadVec3Ph
                0x0000000000101d90       0x24 main.o
                0x0000000000101d90                loadVec3(unsigned char*)
 .text._Z8loadQuatPh
                0x0000000000101db4       0x2c main.o
                0x0000000000101db4                loadQuat(unsigned char*)
 .text._Z7loadMatPh
                0x0000000000101de0       0x84 main.o
                0x0000000000101de0                loadMat(unsigned char*)
 .text._ZN10GameObject4drawEv
                0x0000000000101e64      0x280 main.o
                0x0000000000101e64                GameObject::draw()
 .text._ZN6Player12loadTexturesEv
                0x00000000001020e4      0x2f8 main.o
                0x00000000001020e4                Player::loadTextures()
 *fill*         0x00000000001023dc        0x4 
 .text._Z9sceneInitv
                0x00000000001023e0     0x125c main.o
                0x00000000001023e0                sceneInit()
 *fill*         0x000000000010363c        0x4 
 .text._Z11sceneRenderv
                0x0000000000103640      0x1d8 main.o
                0x0000000000103640                sceneRender()
 .text._Z9sceneExitv
                0x0000000000103818       0x20 main.o
                0x0000000000103818                sceneExit()
 .text.startup.main
                0x0000000000103838      0x1d8 main.o
                0x0000000000103838                main
 .text.C3Di_LightEnvUpdate
                0x0000000000103a10        0x4 C:/devkitPro/libctru/lib\libcitro3d.a(base.o)
                0x0000000000103a10                C3Di_LightEnvUpdate
 .text.C3Di_LightEnvDirty
                0x0000000000103a14        0x4 C:/devkitPro/libctru/lib\libcitro3d.a(base.o)
                0x0000000000103a14                C3Di_LightEnvDirty
 .text.C3Di_ProcTexUpdate
                0x0000000000103a18        0x4 C:/devkitPro/libctru/lib\libcitro3d.a(base.o)
                0x0000000000103a18                C3Di_ProcTexUpdate
 .text.C3Di_ProcTexDirty
                0x0000000000103a1c        0x4 C:/devkitPro/libctru/lib\libcitro3d.a(base.o)
                0x0000000000103a1c                C3Di_ProcTexDirty
 .text.C3Di_AptEventHook
                0x0000000000103a20       0xb4 C:/devkitPro/libctru/lib\libcitro3d.a(base.o)
 .text.C3Di_GasUpdate
                0x0000000000103ad4        0x4 C:/devkitPro/libctru/lib\libcitro3d.a(base.o)
                0x0000000000103ad4                C3Di_GasUpdate
 .text.C3D_Init
                0x0000000000103ad8      0x1e0 C:/devkitPro/libctru/lib\libcitro3d.a(base.o)
                0x0000000000103ad8                C3D_Init
 .text.C3D_SetViewport
                0x0000000000103cb8       0x98 C:/devkitPro/libctru/lib\libcitro3d.a(base.o)
                0x0000000000103cb8                C3D_SetViewport
 .text.C3Di_UpdateContext
                0x0000000000103d50      0x4e8 C:/devkitPro/libctru/lib\libcitro3d.a(base.o)
                0x0000000000103d50                C3Di_UpdateContext
 .text.C3Di_SplitFrame
                0x0000000000104238       0xe0 C:/devkitPro/libctru/lib\libcitro3d.a(base.o)
                0x0000000000104238                C3Di_SplitFrame
 .text.C3D_Fini
                0x0000000000104318       0x44 C:/devkitPro/libctru/lib\libcitro3d.a(base.o)
                0x0000000000104318                C3D_Fini
 .text.C3D_BindProgram
                0x000000000010435c      0x114 C:/devkitPro/libctru/lib\libcitro3d.a(base.o)
                0x000000000010435c                C3D_BindProgram
 .text.onVBlank0
                0x0000000000104470       0x4c C:/devkitPro/libctru/lib\libcitro3d.a(renderqueue.o)
 .text.onVBlank1
                0x00000000001044bc       0x4c C:/devkitPro/libctru/lib\libcitro3d.a(renderqueue.o)
 .text.C3Di_RenderTargetDestroy
                0x0000000000104508       0x80 C:/devkitPro/libctru/lib\libcitro3d.a(renderqueue.o)
 .text.onQueueFinish
                0x0000000000104588       0xf4 C:/devkitPro/libctru/lib\libcitro3d.a(renderqueue.o)
 .text.C3Di_RenderQueueEnableVBlank
                0x000000000010467c       0x38 C:/devkitPro/libctru/lib\libcitro3d.a(renderqueue.o)
                0x000000000010467c                C3Di_RenderQueueEnableVBlank
 .text.C3Di_RenderQueueDisableVBlank
                0x00000000001046b4       0x30 C:/devkitPro/libctru/lib\libcitro3d.a(renderqueue.o)
                0x00000000001046b4                C3Di_RenderQueueDisableVBlank
 .text.C3Di_RenderQueueInit
                0x00000000001046e4       0x60 C:/devkitPro/libctru/lib\libcitro3d.a(renderqueue.o)
                0x00000000001046e4                C3Di_RenderQueueInit
 .text.C3Di_RenderQueueExit
                0x0000000000104744       0xb0 C:/devkitPro/libctru/lib\libcitro3d.a(renderqueue.o)
                0x0000000000104744                C3Di_RenderQueueExit
 .text.C3Di_RenderQueueWaitDone
                0x00000000001047f4       0x34 C:/devkitPro/libctru/lib\libcitro3d.a(renderqueue.o)
                0x00000000001047f4                C3Di_RenderQueueWaitDone
 .text.C3D_FrameBegin
                0x0000000000104828       0xe4 C:/devkitPro/libctru/lib\libcitro3d.a(renderqueue.o)
                0x0000000000104828                C3D_FrameBegin
 .text.C3D_FrameDrawOn
                0x000000000010490c       0x48 C:/devkitPro/libctru/lib\libcitro3d.a(renderqueue.o)
                0x000000000010490c                C3D_FrameDrawOn
 .text.C3D_FrameEnd
                0x0000000000104954      0x1d8 C:/devkitPro/libctru/lib\libcitro3d.a(renderqueue.o)
                0x0000000000104954                C3D_FrameEnd
 .text.C3D_RenderTargetCreate
                0x0000000000104b2c      0x184 C:/devkitPro/libctru/lib\libcitro3d.a(renderqueue.o)
                0x0000000000104b2c                C3D_RenderTargetCreate
 .text.C3D_RenderTargetSetOutput
                0x0000000000104cb0       0xa8 C:/devkitPro/libctru/lib\libcitro3d.a(renderqueue.o)
                0x0000000000104cb0                C3D_RenderTargetSetOutput
 .text.C3D_SyncTextureCopy
                0x0000000000104d58       0xfc C:/devkitPro/libctru/lib\libcitro3d.a(renderqueue.o)
                0x0000000000104d58                C3D_SyncTextureCopy
 .text.C3D_TexInitWithParams
                0x0000000000104e54      0x294 C:/devkitPro/libctru/lib\libcitro3d.a(texture.o)
                0x0000000000104e54                C3D_TexInitWithParams
 .text.C3D_TexLoadImage
                0x00000000001050e8       0xc8 C:/devkitPro/libctru/lib\libcitro3d.a(texture.o)
                0x00000000001050e8                C3D_TexLoadImage
 .text.C3D_TexBind
                0x00000000001051b0       0x44 C:/devkitPro/libctru/lib\libcitro3d.a(texture.o)
                0x00000000001051b0                C3D_TexBind
 .text.C3D_TexDelete
                0x00000000001051f4       0x74 C:/devkitPro/libctru/lib\libcitro3d.a(texture.o)
                0x00000000001051f4                C3D_TexDelete
 .text.C3Di_SetTex
                0x0000000000105268      0x16c C:/devkitPro/libctru/lib\libcitro3d.a(texture.o)
                0x0000000000105268                C3Di_SetTex
 .text.Tex3DSi_ImportCommon
                0x00000000001053d4      0x3f4 C:/devkitPro/libctru/lib\libcitro3d.a(tex3ds.o)
 .text.Tex3DS_TextureImport
                0x00000000001057c8       0x34 C:/devkitPro/libctru/lib\libcitro3d.a(tex3ds.o)
                0x00000000001057c8                Tex3DS_TextureImport
 .text.Tex3DS_TextureFree
                0x00000000001057fc        0x4 C:/devkitPro/libctru/lib\libcitro3d.a(tex3ds.o)
                0x00000000001057fc                Tex3DS_TextureFree
 .text.C3D_CalcColorBufSize
                0x0000000000105800       0x1c C:/devkitPro/libctru/lib\libcitro3d.a(framebuffer.o)
                0x0000000000105800                C3D_CalcColorBufSize
 .text.C3D_CalcDepthBufSize
                0x000000000010581c       0x1c C:/devkitPro/libctru/lib\libcitro3d.a(framebuffer.o)
                0x000000000010581c                C3D_CalcDepthBufSize
 .text.C3D_SetFrameBuf
                0x0000000000105838       0x44 C:/devkitPro/libctru/lib\libcitro3d.a(framebuffer.o)
                0x0000000000105838                C3D_SetFrameBuf
 .text.C3Di_FrameBufBind
                0x000000000010587c      0x16c C:/devkitPro/libctru/lib\libcitro3d.a(framebuffer.o)
                0x000000000010587c                C3Di_FrameBufBind
 .text.C3D_FrameBufClear
                0x00000000001059e8       0xc8 C:/devkitPro/libctru/lib\libcitro3d.a(framebuffer.o)
                0x00000000001059e8                C3D_FrameBufClear
 .text.C3D_FrameBufTransfer
                0x0000000000105ab0       0x44 C:/devkitPro/libctru/lib\libcitro3d.a(framebuffer.o)
                0x0000000000105ab0                C3D_FrameBufTransfer
 .text.C3D_GetTexEnv
                0x0000000000105af4       0x34 C:/devkitPro/libctru/lib\libcitro3d.a(texenv.o)
                0x0000000000105af4                C3D_GetTexEnv
 .text.C3Di_TexEnvBind
                0x0000000000105b28       0x24 C:/devkitPro/libctru/lib\libcitro3d.a(texenv.o)
                0x0000000000105b28                C3Di_TexEnvBind
 .text.BufInfo_Init
                0x0000000000105b4c       0x24 C:/devkitPro/libctru/lib\libcitro3d.a(buffers.o)
                0x0000000000105b4c                BufInfo_Init
 .text.BufInfo_Add
                0x0000000000105b70       0x80 C:/devkitPro/libctru/lib\libcitro3d.a(buffers.o)
                0x0000000000105b70                BufInfo_Add
 .text.C3D_SetBufInfo
                0x0000000000105bf0       0x40 C:/devkitPro/libctru/lib\libcitro3d.a(buffers.o)
                0x0000000000105bf0                C3D_SetBufInfo
 .text.C3Di_BufInfoBind
                0x0000000000105c30       0x48 C:/devkitPro/libctru/lib\libcitro3d.a(buffers.o)
                0x0000000000105c30                C3Di_BufInfoBind
 .text.C3D_DrawArrays
                0x0000000000105c78      0x148 C:/devkitPro/libctru/lib\libcitro3d.a(drawArrays.o)
                0x0000000000105c78                C3D_DrawArrays
 .text.C3D_DepthMap
                0x0000000000105dc0       0x40 C:/devkitPro/libctru/lib\libcitro3d.a(effect.o)
                0x0000000000105dc0                C3D_DepthMap
 .text.C3D_CullFace
                0x0000000000105e00       0x1c C:/devkitPro/libctru/lib\libcitro3d.a(effect.o)
                0x0000000000105e00                C3D_CullFace
 .text.C3D_StencilTest
                0x0000000000105e1c       0x40 C:/devkitPro/libctru/lib\libcitro3d.a(effect.o)
                0x0000000000105e1c                C3D_StencilTest
 .text.C3D_StencilOp
                0x0000000000105e5c       0x24 C:/devkitPro/libctru/lib\libcitro3d.a(effect.o)
                0x0000000000105e5c                C3D_StencilOp
 .text.C3D_BlendingColor
                0x0000000000105e80       0x1c C:/devkitPro/libctru/lib\libcitro3d.a(effect.o)
                0x0000000000105e80                C3D_BlendingColor
 .text.C3D_EarlyDepthTest
                0x0000000000105e9c       0x24 C:/devkitPro/libctru/lib\libcitro3d.a(effect.o)
                0x0000000000105e9c                C3D_EarlyDepthTest
 .text.C3D_DepthTest
                0x0000000000105ec0       0x2c C:/devkitPro/libctru/lib\libcitro3d.a(effect.o)
                0x0000000000105ec0                C3D_DepthTest
 .text.C3D_AlphaTest
                0x0000000000105eec       0x2c C:/devkitPro/libctru/lib\libcitro3d.a(effect.o)
                0x0000000000105eec                C3D_AlphaTest
 .text.C3D_AlphaBlend
                0x0000000000105f18       0x50 C:/devkitPro/libctru/lib\libcitro3d.a(effect.o)
                0x0000000000105f18                C3D_AlphaBlend
 .text.C3D_FragOpMode
                0x0000000000105f68       0x30 C:/devkitPro/libctru/lib\libcitro3d.a(effect.o)
                0x0000000000105f68                C3D_FragOpMode
 .text.C3D_FragOpShadow
                0x0000000000105f98       0x44 C:/devkitPro/libctru/lib\libcitro3d.a(effect.o)
                0x0000000000105f98                C3D_FragOpShadow
 .text.C3Di_EffectBind
                0x0000000000105fdc      0x1ac C:/devkitPro/libctru/lib\libcitro3d.a(effect.o)
                0x0000000000105fdc                C3Di_EffectBind
 .text.AttrInfo_Init
                0x0000000000106188       0x28 C:/devkitPro/libctru/lib\libcitro3d.a(attribs.o)
                0x0000000000106188                AttrInfo_Init
 .text.AttrInfo_AddLoader
                0x00000000001061b0       0x94 C:/devkitPro/libctru/lib\libcitro3d.a(attribs.o)
                0x00000000001061b0                AttrInfo_AddLoader
 .text.C3D_GetAttrInfo
                0x0000000000106244       0x20 C:/devkitPro/libctru/lib\libcitro3d.a(attribs.o)
                0x0000000000106244                C3D_GetAttrInfo
 .text.C3Di_AttrInfoBind
                0x0000000000106264       0x80 C:/devkitPro/libctru/lib\libcitro3d.a(attribs.o)
                0x0000000000106264                C3Di_AttrInfoBind
 .text.C3D_ImmSendAttrib
                0x00000000001062e4       0xa8 C:/devkitPro/libctru/lib\libcitro3d.a(immediate.o)
                0x00000000001062e4                C3D_ImmSendAttrib
 .text.C3D_UpdateUniforms
                0x000000000010638c      0x280 C:/devkitPro/libctru/lib\libcitro3d.a(uniforms.o)
                0x000000000010638c                C3D_UpdateUniforms
 .text.C3Di_DirtyUniforms
                0x000000000010660c       0xc0 C:/devkitPro/libctru/lib\libcitro3d.a(uniforms.o)
                0x000000000010660c                C3Di_DirtyUniforms
 .text.C3Di_LoadShaderUniforms
                0x00000000001066cc       0xd8 C:/devkitPro/libctru/lib\libcitro3d.a(uniforms.o)
                0x00000000001066cc                C3Di_LoadShaderUniforms
 .text.C3Di_ClearShaderUniforms
                0x00000000001067a4       0x28 C:/devkitPro/libctru/lib\libcitro3d.a(uniforms.o)
                0x00000000001067a4                C3Di_ClearShaderUniforms
 .text.Mtx_RotateX
                0x00000000001067cc       0xa4 C:/devkitPro/libctru/lib\libcitro3d.a(mtx_rotatex.o)
                0x00000000001067cc                Mtx_RotateX
 .text.Mtx_PerspTilt
                0x0000000000106870       0x94 C:/devkitPro/libctru/lib\libcitro3d.a(mtx_persptilt.o)
                0x0000000000106870                Mtx_PerspTilt
 .text.Mtx_Translate
                0x0000000000106904       0xa0 C:/devkitPro/libctru/lib\libcitro3d.a(mtx_translate.o)
                0x0000000000106904                Mtx_Translate
 .text.Mtx_RotateY
                0x00000000001069a4       0xa0 C:/devkitPro/libctru/lib\libcitro3d.a(mtx_rotatey.o)
                0x00000000001069a4                Mtx_RotateY
 .text._ZL21addrMapNodeComparatorPK11rbtree_nodeS1_
                0x0000000000106a44       0x24 C:/devkitPro/libctru/lib\libctru.a(vram.o)
 .text._ZL21addrMapNodeDestructorP11rbtree_node
                0x0000000000106a68        0x4 C:/devkitPro/libctru/lib\libctru.a(vram.o)
 .text.vramMemAlignAt
                0x0000000000106a6c      0x250 C:/devkitPro/libctru/lib\libctru.a(vram.o)
                0x0000000000106a6c                vramMemAlignAt
 .text.vramAlloc
                0x0000000000106cbc        0xc C:/devkitPro/libctru/lib\libctru.a(vram.o)
                0x0000000000106cbc                vramAlloc
 .text.vramAllocAt
                0x0000000000106cc8        0xc C:/devkitPro/libctru/lib\libctru.a(vram.o)
                0x0000000000106cc8                vramAllocAt
 .text.vramFree
                0x0000000000106cd4       0x90 C:/devkitPro/libctru/lib\libctru.a(vram.o)
                0x0000000000106cd4                vramFree
 .text._ZL21addrMapNodeComparatorPK11rbtree_nodeS1_
                0x0000000000106d64       0x24 C:/devkitPro/libctru/lib\libctru.a(linear.o)
 .text._ZL21addrMapNodeDestructorP11rbtree_node
                0x0000000000106d88        0x4 C:/devkitPro/libctru/lib\libctru.a(linear.o)
 .text.linearMemAlign
                0x0000000000106d8c      0x120 C:/devkitPro/libctru/lib\libctru.a(linear.o)
                0x0000000000106d8c                linearMemAlign
 .text.linearAlloc
                0x0000000000106eac        0x8 C:/devkitPro/libctru/lib\libctru.a(linear.o)
                0x0000000000106eac                linearAlloc
 .text.linearFree
                0x0000000000106eb4       0x5c C:/devkitPro/libctru/lib\libctru.a(linear.o)
                0x0000000000106eb4                linearFree
 .text._ZN7MemPool13CoalesceRightEP8MemBlock
                0x0000000000106f10       0x80 C:/devkitPro/libctru/lib\libctru.a(mem_pool.o)
                0x0000000000106f10                MemPool::CoalesceRight(MemBlock*)
 .text._ZN7MemPool8AllocateER8MemChunkmi
                0x0000000000106f90      0x16c C:/devkitPro/libctru/lib\libctru.a(mem_pool.o)
                0x0000000000106f90                MemPool::Allocate(MemChunk&, unsigned long, int)
 .text._ZN7MemPool10DeallocateERK8MemChunk
                0x00000000001070fc       0xfc C:/devkitPro/libctru/lib\libctru.a(mem_pool.o)
                0x00000000001070fc                MemPool::Deallocate(MemChunk const&)
 .text._ZN7MemPool12GetFreeSpaceEv
                0x00000000001071f8       0x30 C:/devkitPro/libctru/lib\libctru.a(mem_pool.o)
                0x00000000001071f8                MemPool::GetFreeSpace()
 .text.romfs_close
                0x0000000000107228        0x8 C:/devkitPro/libctru/lib\libctru.a(romfs_dev.o)
 .text.romfs_seek
                0x0000000000107230       0xc0 C:/devkitPro/libctru/lib\libctru.a(romfs_dev.o)
 .text.romfs_dirreset
                0x00000000001072f0       0x24 C:/devkitPro/libctru/lib\libctru.a(romfs_dev.o)
 .text.fill_dir
                0x0000000000107314       0xc8 C:/devkitPro/libctru/lib\libctru.a(romfs_dev.o)
 .text.romfs_dirnext
                0x00000000001073dc      0x28c C:/devkitPro/libctru/lib\libctru.a(romfs_dev.o)
 .text.romfs_free
                0x0000000000107668       0x84 C:/devkitPro/libctru/lib\libctru.a(romfs_dev.o)
 .text.searchForFile.constprop.0
                0x00000000001076ec       0xd4 C:/devkitPro/libctru/lib\libctru.a(romfs_dev.o)
 .text.searchForDir.constprop.0
                0x00000000001077c0       0xd8 C:/devkitPro/libctru/lib\libctru.a(romfs_dev.o)
 .text.navigateToDir.constprop.0
                0x0000000000107898      0x1c0 C:/devkitPro/libctru/lib\libctru.a(romfs_dev.o)
 .text.romfs_open
                0x0000000000107a58      0x10c C:/devkitPro/libctru/lib\libctru.a(romfs_dev.o)
 .text.romfs_chdir
                0x0000000000107b64       0x4c C:/devkitPro/libctru/lib\libctru.a(romfs_dev.o)
 .text.romfs_diropen
                0x0000000000107bb0       0x70 C:/devkitPro/libctru/lib\libctru.a(romfs_dev.o)
 .text.romfs_stat
                0x0000000000107c20      0x174 C:/devkitPro/libctru/lib\libctru.a(romfs_dev.o)
 .text.romfs_dirclose
                0x0000000000107d94        0x8 C:/devkitPro/libctru/lib\libctru.a(romfs_dev.o)
 *fill*         0x0000000000107d9c        0x4 
 .text.romfs_fstat
                0x0000000000107da0       0x84 C:/devkitPro/libctru/lib\libctru.a(romfs_dev.o)
 .text.romfs_read
                0x0000000000107e24       0xd0 C:/devkitPro/libctru/lib\libctru.a(romfs_dev.o)
 .text.romfsMountFromFile
                0x0000000000107ef4      0x28c C:/devkitPro/libctru/lib\libctru.a(romfs_dev.o)
                0x0000000000107ef4                romfsMountFromFile
 .text.romfsMountFromCurrentProcess
                0x0000000000108180       0x98 C:/devkitPro/libctru/lib\libctru.a(romfs_dev.o)
                0x0000000000108180                romfsMountFromCurrentProcess
 .text.romfsMountSelf
                0x0000000000108218      0x260 C:/devkitPro/libctru/lib\libctru.a(romfs_dev.o)
                0x0000000000108218                romfsMountSelf
 .text.osConvertVirtToPhys
                0x0000000000108478       0x74 C:/devkitPro/libctru/lib\libctru.a(os.o)
                0x0000000000108478                osConvertVirtToPhys
 .text.osGetTimeRef
                0x00000000001084ec       0x54 C:/devkitPro/libctru/lib\libctru.a(os.o)
                0x00000000001084ec                osGetTimeRef
 .text.osGetTime
                0x0000000000108540       0xec C:/devkitPro/libctru/lib\libctru.a(os.o)
                0x0000000000108540                osGetTime
 .text.__ctru_speedup_config
                0x000000000010862c       0x34 C:/devkitPro/libctru/lib\libctru.a(os.o)
                0x000000000010862c                __ctru_speedup_config
 .text.parseColor
                0x0000000000108660      0x1e8 C:/devkitPro/libctru/lib\libctru.a(console.o)
 .text.consoleSelect
                0x0000000000108848       0x18 C:/devkitPro/libctru/lib\libctru.a(console.o)
                0x0000000000108848                consoleSelect
 .text.consoleDrawChar
                0x0000000000108860      0x1ac C:/devkitPro/libctru/lib\libctru.a(console.o)
                0x0000000000108860                consoleDrawChar
 .text.consolePrintChar
                0x0000000000108a0c      0x124 C:/devkitPro/libctru/lib\libctru.a(console.o)
                0x0000000000108a0c                consolePrintChar
 .text.con_write
                0x0000000000108b30      0xb94 C:/devkitPro/libctru/lib\libctru.a(console.o)
                0x0000000000108b30                con_write
 .text.newRow   0x00000000001096c4       0xfc C:/devkitPro/libctru/lib\libctru.a(console.o)
 .text.consoleInit
                0x00000000001097c0      0x168 C:/devkitPro/libctru/lib\libctru.a(console.o)
                0x00000000001097c0                consoleInit
 .text.gfxPresentFramebuffer
                0x0000000000109928       0xd0 C:/devkitPro/libctru/lib\libctru.a(gfx.o)
 .text.gfxIsWide
                0x00000000001099f8       0x1c C:/devkitPro/libctru/lib\libctru.a(gfx.o)
                0x00000000001099f8                gfxIsWide
 .text.gfxSetScreenFormat
                0x0000000000109a14       0xec C:/devkitPro/libctru/lib\libctru.a(gfx.o)
                0x0000000000109a14                gfxSetScreenFormat
 .text.gfxSetDoubleBuffering
                0x0000000000109b00       0x10 C:/devkitPro/libctru/lib\libctru.a(gfx.o)
                0x0000000000109b00                gfxSetDoubleBuffering
 .text.gfxInit  0x0000000000109b10       0xe0 C:/devkitPro/libctru/lib\libctru.a(gfx.o)
                0x0000000000109b10                gfxInit
 .text.gfxInitDefault
                0x0000000000109bf0       0x10 C:/devkitPro/libctru/lib\libctru.a(gfx.o)
                0x0000000000109bf0                gfxInitDefault
 .text.gfxExit  0x0000000000109c00       0xb4 C:/devkitPro/libctru/lib\libctru.a(gfx.o)
                0x0000000000109c00                gfxExit
 .text.gfxGetFramebuffer
                0x0000000000109cb4       0xa0 C:/devkitPro/libctru/lib\libctru.a(gfx.o)
                0x0000000000109cb4                gfxGetFramebuffer
 .text.gfxFlushBuffers
                0x0000000000109d54      0x104 C:/devkitPro/libctru/lib\libctru.a(gfx.o)
                0x0000000000109d54                gfxFlushBuffers
 .text.gfxScreenSwapBuffers
                0x0000000000109e58       0x30 C:/devkitPro/libctru/lib\libctru.a(gfx.o)
                0x0000000000109e58                gfxScreenSwapBuffers
 .text.gfxSwapBuffersGpu
                0x0000000000109e88       0x50 C:/devkitPro/libctru/lib\libctru.a(gfx.o)
                0x0000000000109e88                gfxSwapBuffersGpu
 .text.shaderInstanceInit
                0x0000000000109ed8      0x1d4 C:/devkitPro/libctru/lib\libctru.a(shaderProgram.o)
                0x0000000000109ed8                shaderInstanceInit
 .text.shaderInstanceGetUniformLocation
                0x000000000010a0ac       0x18 C:/devkitPro/libctru/lib\libctru.a(shaderProgram.o)
                0x000000000010a0ac                shaderInstanceGetUniformLocation
 .text.shaderProgramInit
                0x000000000010a0c4       0x1c C:/devkitPro/libctru/lib\libctru.a(shaderProgram.o)
                0x000000000010a0c4                shaderProgramInit
 .text.shaderProgramFree
                0x000000000010a0e0       0x64 C:/devkitPro/libctru/lib\libctru.a(shaderProgram.o)
                0x000000000010a0e0                shaderProgramFree
 .text.shaderProgramSetVsh
                0x000000000010a144       0x80 C:/devkitPro/libctru/lib\libctru.a(shaderProgram.o)
                0x000000000010a144                shaderProgramSetVsh
 .text.shaderProgramConfigure
                0x000000000010a1c4      0x8e0 C:/devkitPro/libctru/lib\libctru.a(shaderProgram.o)
                0x000000000010a1c4                shaderProgramConfigure
 .text.DVLE_GenerateOutmap.part.0
                0x000000000010aaa4      0x1cc C:/devkitPro/libctru/lib\libctru.a(shbin.o)
 .text.DVLB_ParseFile
                0x000000000010ac70      0x1b4 C:/devkitPro/libctru/lib\libctru.a(shbin.o)
                0x000000000010ac70                DVLB_ParseFile
 .text.DVLB_Free
                0x000000000010ae24       0x38 C:/devkitPro/libctru/lib\libctru.a(shbin.o)
                0x000000000010ae24                DVLB_Free
 .text.DVLE_GetUniformRegister
                0x000000000010ae5c       0x74 C:/devkitPro/libctru/lib\libctru.a(shbin.o)
                0x000000000010ae5c                DVLE_GetUniformRegister
 .text.GX_BindQueue
                0x000000000010aed0       0x10 C:/devkitPro/libctru/lib\libctru.a(gx.o)
                0x000000000010aed0                GX_BindQueue
 .text.GX_ProcessCommandList
                0x000000000010aee0       0x78 C:/devkitPro/libctru/lib\libctru.a(gx.o)
                0x000000000010aee0                GX_ProcessCommandList
 .text.GX_MemoryFill
                0x000000000010af58       0x74 C:/devkitPro/libctru/lib\libctru.a(gx.o)
                0x000000000010af58                GX_MemoryFill
 .text.GX_DisplayTransfer
                0x000000000010afcc       0x70 C:/devkitPro/libctru/lib\libctru.a(gx.o)
                0x000000000010afcc                GX_DisplayTransfer
 .text.GX_TextureCopy
                0x000000000010b03c       0x74 C:/devkitPro/libctru/lib\libctru.a(gx.o)
                0x000000000010b03c                GX_TextureCopy
 .text.gxCmdQueueDoCommands.part.0
                0x000000000010b0b0       0x68 C:/devkitPro/libctru/lib\libctru.a(gxqueue.o)
 .text.gxCmdQueueInterrupt
                0x000000000010b118       0xc8 C:/devkitPro/libctru/lib\libctru.a(gxqueue.o)
                0x000000000010b118                gxCmdQueueInterrupt
 .text.gxCmdQueueClear
                0x000000000010b1e0       0x4c C:/devkitPro/libctru/lib\libctru.a(gxqueue.o)
                0x000000000010b1e0                gxCmdQueueClear
 .text.gxCmdQueueAdd
                0x000000000010b22c       0xf8 C:/devkitPro/libctru/lib\libctru.a(gxqueue.o)
                0x000000000010b22c                gxCmdQueueAdd
 .text.gxCmdQueueRun
                0x000000000010b324       0x80 C:/devkitPro/libctru/lib\libctru.a(gxqueue.o)
                0x000000000010b324                gxCmdQueueRun
 .text.gxCmdQueueStop
                0x000000000010b3a4       0x60 C:/devkitPro/libctru/lib\libctru.a(gxqueue.o)
                0x000000000010b3a4                gxCmdQueueStop
 .text.gxCmdQueueWait
                0x000000000010b404       0x74 C:/devkitPro/libctru/lib\libctru.a(gxqueue.o)
                0x000000000010b404                gxCmdQueueWait
 .text.GPUCMD_Add
                0x000000000010b478      0x13c C:/devkitPro/libctru/lib\libctru.a(gpu.o)
                0x000000000010b478                GPUCMD_Add
 .text.GPUCMD_Split
                0x000000000010b5b4       0xb0 C:/devkitPro/libctru/lib\libctru.a(gpu.o)
                0x000000000010b5b4                GPUCMD_Split
 .text.f32tof16
                0x000000000010b664       0x34 C:/devkitPro/libctru/lib\libctru.a(gpu.o)
                0x000000000010b664                f32tof16
 .text.f32tof24
                0x000000000010b698       0x34 C:/devkitPro/libctru/lib\libctru.a(gpu.o)
                0x000000000010b698                f32tof24
 .text.f32tof31
                0x000000000010b6cc       0x38 C:/devkitPro/libctru/lib\libctru.a(gpu.o)
                0x000000000010b6cc                f32tof31
 .text.gspHardwareInit
                0x000000000010b704      0xc58 C:/devkitPro/libctru/lib\libctru.a(gspgpu.o)
 .text.gspInit  0x000000000010c35c      0x248 C:/devkitPro/libctru/lib\libctru.a(gspgpu.o)
                0x000000000010c35c                gspInit
 .text.gspExit  0x000000000010c5a4       0xf0 C:/devkitPro/libctru/lib\libctru.a(gspgpu.o)
                0x000000000010c5a4                gspExit
 .text.gspHasGpuRight
                0x000000000010c694       0x10 C:/devkitPro/libctru/lib\libctru.a(gspgpu.o)
                0x000000000010c694                gspHasGpuRight
 .text.gspPresentBuffer
                0x000000000010c6a4       0xa0 C:/devkitPro/libctru/lib\libctru.a(gspgpu.o)
                0x000000000010c6a4                gspPresentBuffer
 .text.gspSetEventCallback
                0x000000000010c744       0x30 C:/devkitPro/libctru/lib\libctru.a(gspgpu.o)
                0x000000000010c744                gspSetEventCallback
 .text.gspWaitForEvent
                0x000000000010c774       0x44 C:/devkitPro/libctru/lib\libctru.a(gspgpu.o)
                0x000000000010c774                gspWaitForEvent
 .text.gspWaitForAnyEvent
                0x000000000010c7b8       0x4c C:/devkitPro/libctru/lib\libctru.a(gspgpu.o)
                0x000000000010c7b8                gspWaitForAnyEvent
 .text.gspEventThreadMain
                0x000000000010c804      0x158 C:/devkitPro/libctru/lib\libctru.a(gspgpu.o)
 .text.gspSubmitGxCommand
                0x000000000010c95c      0x130 C:/devkitPro/libctru/lib\libctru.a(gspgpu.o)
                0x000000000010c95c                gspSubmitGxCommand
 .text.GSPGPU_FlushDataCache
                0x000000000010ca8c       0x50 C:/devkitPro/libctru/lib\libctru.a(gspgpu.o)
                0x000000000010ca8c                GSPGPU_FlushDataCache
 .text.GSPGPU_SetLcdForceBlack
                0x000000000010cadc       0x34 C:/devkitPro/libctru/lib\libctru.a(gspgpu.o)
                0x000000000010cadc                GSPGPU_SetLcdForceBlack
 .text.GSPGPU_AcquireRight
                0x000000000010cb10       0x68 C:/devkitPro/libctru/lib\libctru.a(gspgpu.o)
                0x000000000010cb10                GSPGPU_AcquireRight
 .text.GSPGPU_ReleaseRight
                0x000000000010cb78       0x48 C:/devkitPro/libctru/lib\libctru.a(gspgpu.o)
                0x000000000010cb78                GSPGPU_ReleaseRight
 .text.GSPGPU_ImportDisplayCaptureInfo
                0x000000000010cbc0       0x7c C:/devkitPro/libctru/lib\libctru.a(gspgpu.o)
                0x000000000010cbc0                GSPGPU_ImportDisplayCaptureInfo
 .text.GSPGPU_SaveVramSysArea
                0x000000000010cc3c       0x2c C:/devkitPro/libctru/lib\libctru.a(gspgpu.o)
                0x000000000010cc3c                GSPGPU_SaveVramSysArea
 .text.GSPGPU_RestoreVramSysArea
                0x000000000010cc68       0x2c C:/devkitPro/libctru/lib\libctru.a(gspgpu.o)
                0x000000000010cc68                GSPGPU_RestoreVramSysArea
 .text.aptConvertScreenForCapture
                0x000000000010cc94      0x1a4 C:/devkitPro/libctru/lib\libctru.a(apt.o)
 .text.aptDspSleep
                0x000000000010ce38        0x8 C:/devkitPro/libctru/lib\libctru.a(apt.o)
                0x000000000010ce38                aptDspSleep
 .text.aptDspWakeup
                0x000000000010ce40        0x4 C:/devkitPro/libctru/lib\libctru.a(apt.o)
                0x000000000010ce40                aptDspWakeup
 .text.aptDspCancel
                0x000000000010ce44        0x4 C:/devkitPro/libctru/lib\libctru.a(apt.o)
                0x000000000010ce44                aptDspCancel
 .text.aptSendCommand
                0x000000000010ce48      0x158 C:/devkitPro/libctru/lib\libctru.a(apt.o)
                0x000000000010ce48                aptSendCommand
 .text.aptExitProcess
                0x000000000010cfa0       0x44 C:/devkitPro/libctru/lib\libctru.a(apt.o)
 .text.aptExit  0x000000000010cfe4      0x2f4 C:/devkitPro/libctru/lib\libctru.a(apt.o)
                0x000000000010cfe4                aptExit
 .text.aptHandleSleep
                0x000000000010d2d8       0xe0 C:/devkitPro/libctru/lib\libctru.a(apt.o)
                0x000000000010d2d8                aptHandleSleep
 .text.aptHook  0x000000000010d3b8       0x30 C:/devkitPro/libctru/lib\libctru.a(apt.o)
                0x000000000010d3b8                aptHook
 .text.aptUnhook
                0x000000000010d3e8       0x30 C:/devkitPro/libctru/lib\libctru.a(apt.o)
                0x000000000010d3e8                aptUnhook
 .text.APT_SleepIfShellClosed
                0x000000000010d418       0x84 C:/devkitPro/libctru/lib\libctru.a(apt.o)
                0x000000000010d418                APT_SleepIfShellClosed
 .text.aptSetSleepAllowed
                0x000000000010d49c       0x84 C:/devkitPro/libctru/lib\libctru.a(apt.o)
                0x000000000010d49c                aptSetSleepAllowed
 .text.APT_UnlockTransition
                0x000000000010d520       0x84 C:/devkitPro/libctru/lib\libctru.a(apt.o)
                0x000000000010d520                APT_UnlockTransition
 *fill*         0x000000000010d5a4        0x4 
 .text.aptEventHandler
                0x000000000010d5a8      0x4a4 C:/devkitPro/libctru/lib\libctru.a(apt.o)
 .text.APT_ReceiveParameter
                0x000000000010da4c       0xb0 C:/devkitPro/libctru/lib\libctru.a(apt.o)
                0x000000000010da4c                APT_ReceiveParameter
 .text.aptReceiveParameter.constprop.0
                0x000000000010dafc       0xb0 C:/devkitPro/libctru/lib\libctru.a(apt.o)
 *fill*         0x000000000010dbac        0x4 
 .text.aptScreenTransfer
                0x000000000010dbb0      0x2ac C:/devkitPro/libctru/lib\libctru.a(apt.o)
 .text.aptWaitForWakeUp.isra.0
                0x000000000010de5c      0x344 C:/devkitPro/libctru/lib\libctru.a(apt.o)
 .text.aptJumpToHomeMenu
                0x000000000010e1a0      0x100 C:/devkitPro/libctru/lib\libctru.a(apt.o)
                0x000000000010e1a0                aptJumpToHomeMenu
 .text.aptMainLoop
                0x000000000010e2a0       0x48 C:/devkitPro/libctru/lib\libctru.a(apt.o)
                0x000000000010e2a0                aptMainLoop
 .text.aptInit  0x000000000010e2e8      0x22c C:/devkitPro/libctru/lib\libctru.a(apt.o)
                0x000000000010e2e8                aptInit
 .text.APT_CheckNew3DS
                0x000000000010e514       0x7c C:/devkitPro/libctru/lib\libctru.a(apt.o)
                0x000000000010e514                APT_CheckNew3DS
 .text.hidShouldUseIrrst
                0x000000000010e590       0x24 C:/devkitPro/libctru/lib\libctru.a(hid.o)
                0x000000000010e590                hidShouldUseIrrst
 .text.hidInit  0x000000000010e5b4      0x18c C:/devkitPro/libctru/lib\libctru.a(hid.o)
                0x000000000010e5b4                hidInit
 .text.hidExit  0x000000000010e740       0xe8 C:/devkitPro/libctru/lib\libctru.a(hid.o)
                0x000000000010e740                hidExit
 .text.hidScanInput
                0x000000000010e828      0x2a4 C:/devkitPro/libctru/lib\libctru.a(hid.o)
                0x000000000010e828                hidScanInput
 .text.hidKeysDown
                0x000000000010eacc       0x10 C:/devkitPro/libctru/lib\libctru.a(hid.o)
                0x000000000010eacc                hidKeysDown
 .text.hidCircleRead
                0x000000000010eadc       0x18 C:/devkitPro/libctru/lib\libctru.a(hid.o)
                0x000000000010eadc                hidCircleRead
 .text.ptmSysmInit
                0x000000000010eaf4       0x74 C:/devkitPro/libctru/lib\libctru.a(ptmsysm.o)
                0x000000000010eaf4                ptmSysmInit
 .text.ptmSysmExit
                0x000000000010eb68       0x3c C:/devkitPro/libctru/lib\libctru.a(ptmsysm.o)
                0x000000000010eb68                ptmSysmExit
 .text.PTMSYSM_ConfigureNew3DSCPU
                0x000000000010eba4       0x34 C:/devkitPro/libctru/lib\libctru.a(ptmsysm.o)
                0x000000000010eba4                PTMSYSM_ConfigureNew3DSCPU
 .text.fsInit   0x000000000010ebd8       0xcc C:/devkitPro/libctru/lib\libctru.a(fs.o)
                0x000000000010ebd8                fsInit
 .text.fsExit   0x000000000010eca4       0x3c C:/devkitPro/libctru/lib\libctru.a(fs.o)
                0x000000000010eca4                fsExit
 .text.fsExemptFromSession
                0x000000000010ece0       0x60 C:/devkitPro/libctru/lib\libctru.a(fs.o)
                0x000000000010ece0                fsExemptFromSession
 .text.fsUnexemptFromSession
                0x000000000010ed40       0x50 C:/devkitPro/libctru/lib\libctru.a(fs.o)
                0x000000000010ed40                fsUnexemptFromSession
 .text.FSUSER_OpenFile
                0x000000000010ed90       0xcc C:/devkitPro/libctru/lib\libctru.a(fs.o)
                0x000000000010ed90                FSUSER_OpenFile
 .text.FSUSER_OpenFileDirectly
                0x000000000010ee5c       0xd4 C:/devkitPro/libctru/lib\libctru.a(fs.o)
                0x000000000010ee5c                FSUSER_OpenFileDirectly
 .text.FSUSER_DeleteFile
                0x000000000010ef30       0xbc C:/devkitPro/libctru/lib\libctru.a(fs.o)
                0x000000000010ef30                FSUSER_DeleteFile
 .text.FSUSER_RenameFile
                0x000000000010efec       0xf8 C:/devkitPro/libctru/lib\libctru.a(fs.o)
                0x000000000010efec                FSUSER_RenameFile
 .text.FSUSER_DeleteDirectory
                0x000000000010f0e4       0xbc C:/devkitPro/libctru/lib\libctru.a(fs.o)
                0x000000000010f0e4                FSUSER_DeleteDirectory
 .text.FSUSER_CreateFile
                0x000000000010f1a0       0xd4 C:/devkitPro/libctru/lib\libctru.a(fs.o)
                0x000000000010f1a0                FSUSER_CreateFile
 .text.FSUSER_CreateDirectory
                0x000000000010f274       0xc4 C:/devkitPro/libctru/lib\libctru.a(fs.o)
                0x000000000010f274                FSUSER_CreateDirectory
 .text.FSUSER_RenameDirectory
                0x000000000010f338       0xf8 C:/devkitPro/libctru/lib\libctru.a(fs.o)
                0x000000000010f338                FSUSER_RenameDirectory
 .text.FSUSER_OpenDirectory
                0x000000000010f430       0xb4 C:/devkitPro/libctru/lib\libctru.a(fs.o)
                0x000000000010f430                FSUSER_OpenDirectory
 .text.FSUSER_OpenArchive
                0x000000000010f4e4       0x98 C:/devkitPro/libctru/lib\libctru.a(fs.o)
                0x000000000010f4e4                FSUSER_OpenArchive
 .text.FSUSER_CloseArchive
                0x000000000010f57c       0x8c C:/devkitPro/libctru/lib\libctru.a(fs.o)
                0x000000000010f57c                FSUSER_CloseArchive
 .text.FSUSER_GetSdmcArchiveResource
                0x000000000010f608       0x74 C:/devkitPro/libctru/lib\libctru.a(fs.o)
                0x000000000010f608                FSUSER_GetSdmcArchiveResource
 .text.FSUSER_IsSdmcWritable
                0x000000000010f67c       0x64 C:/devkitPro/libctru/lib\libctru.a(fs.o)
                0x000000000010f67c                FSUSER_IsSdmcWritable
 .text.FSFILE_Read
                0x000000000010f6e0       0x58 C:/devkitPro/libctru/lib\libctru.a(fs.o)
                0x000000000010f6e0                FSFILE_Read
 .text.FSFILE_Write
                0x000000000010f738       0x60 C:/devkitPro/libctru/lib\libctru.a(fs.o)
                0x000000000010f738                FSFILE_Write
 .text.FSFILE_GetSize
                0x000000000010f798       0x3c C:/devkitPro/libctru/lib\libctru.a(fs.o)
                0x000000000010f798                FSFILE_GetSize
 .text.FSFILE_SetSize
                0x000000000010f7d4       0x28 C:/devkitPro/libctru/lib\libctru.a(fs.o)
                0x000000000010f7d4                FSFILE_SetSize
 .text.FSFILE_Close
                0x000000000010f7fc       0x3c C:/devkitPro/libctru/lib\libctru.a(fs.o)
                0x000000000010f7fc                FSFILE_Close
 .text.FSFILE_Flush
                0x000000000010f838       0x24 C:/devkitPro/libctru/lib\libctru.a(fs.o)
                0x000000000010f838                FSFILE_Flush
 .text.FSDIR_Read
                0x000000000010f85c       0x50 C:/devkitPro/libctru/lib\libctru.a(fs.o)
                0x000000000010f85c                FSDIR_Read
 .text.FSDIR_Close
                0x000000000010f8ac       0x3c C:/devkitPro/libctru/lib\libctru.a(fs.o)
                0x000000000010f8ac                FSDIR_Close
 .text.buffer_read
                0x000000000010f8e8       0xc4 C:/devkitPro/libctru/lib\libctru.a(decompress.o)
 .text.iov_read
                0x000000000010f9ac       0xd0 C:/devkitPro/libctru/lib\libctru.a(decompress.o)
 .text.iov_memmove
                0x000000000010fa7c      0x138 C:/devkitPro/libctru/lib\libctru.a(decompress.o)
 .text.decompress_rle
                0x000000000010fbb4      0x1dc C:/devkitPro/libctru/lib\libctru.a(decompress.o)
 .text.decompress_lzss
                0x000000000010fd90      0x244 C:/devkitPro/libctru/lib\libctru.a(decompress.o)
 .text.decompress_lz11
                0x000000000010ffd4      0x424 C:/devkitPro/libctru/lib\libctru.a(decompress.o)
 .text.decompress_huff
                0x00000000001103f8      0x2d8 C:/devkitPro/libctru/lib\libctru.a(decompress.o)
 .text.decompressHeader
                0x00000000001106d0       0xdc C:/devkitPro/libctru/lib\libctru.a(decompress.o)
                0x00000000001106d0                decompressHeader
 .text.decompressV
                0x00000000001107ac      0x240 C:/devkitPro/libctru/lib\libctru.a(decompress.o)
                0x00000000001107ac                decompressV
 .text.rbtree_init
                0x00000000001109ec       0x10 C:/devkitPro/libctru/lib\libctru.a(rbtree_init.o)
                0x00000000001109ec                rbtree_init
 .text.do_insert
                0x00000000001109fc      0x1b4 C:/devkitPro/libctru/lib\libctru.a(rbtree_insert.o)
 .text.rbtree_insert
                0x0000000000110bb0        0x8 C:/devkitPro/libctru/lib\libctru.a(rbtree_insert.o)
                0x0000000000110bb0                rbtree_insert
 .text.rbtree_rotate
                0x0000000000110bb8       0x90 C:/devkitPro/libctru/lib\libctru.a(rbtree_rotate.o)
                0x0000000000110bb8                rbtree_rotate
 .text.rbtree_remove
                0x0000000000110c48      0x318 C:/devkitPro/libctru/lib\libctru.a(rbtree_remove.o)
                0x0000000000110c48                rbtree_remove
 .text.rbtree_find
                0x0000000000110f60       0x74 C:/devkitPro/libctru/lib\libctru.a(rbtree_find.o)
                0x0000000000110f60                rbtree_find
 .text.utf16_to_utf8
                0x0000000000110fd4       0xe8 C:/devkitPro/libctru/lib\libctru.a(utf16_to_utf8.o)
                0x0000000000110fd4                utf16_to_utf8
 .text.decode_utf16
                0x00000000001110bc       0x64 C:/devkitPro/libctru/lib\libctru.a(decode_utf16.o)
                0x00000000001110bc                decode_utf16
 .text.utf8_to_utf16
                0x0000000000111120       0xc0 C:/devkitPro/libctru/lib\libctru.a(utf8_to_utf16.o)
                0x0000000000111120                utf8_to_utf16
 .text.__system_allocateHeaps
                0x00000000001111e0      0x1e0 C:/devkitPro/libctru/lib\libctru.a(allocateHeaps.o)
                0x00000000001111e0                __system_allocateHeaps
 .text.__libctru_init
                0x00000000001113c0       0x38 C:/devkitPro/libctru/lib\libctru.a(ctru_init.o)
                0x00000000001113c0                __libctru_init
 .text.__system_initArgv
                0x00000000001113f8      0x170 C:/devkitPro/libctru/lib\libctru.a(initArgv.o)
                0x00000000001113f8                __system_initArgv
 .text.svcControlMemory
                0x0000000000111568       0x20 C:/devkitPro/libctru/lib\libctru.a(svc.o)
                0x0000000000111568                svcControlMemory
 .text.svcQueryMemory
                0x0000000000111588       0x30 C:/devkitPro/libctru/lib\libctru.a(svc.o)
                0x0000000000111588                svcQueryMemory
 .text.svcExitProcess
                0x00000000001115b8        0x8 C:/devkitPro/libctru/lib\libctru.a(svc.o)
                0x00000000001115b8                svcExitProcess
 .text.svcCreateThread
                0x00000000001115c0       0x20 C:/devkitPro/libctru/lib\libctru.a(svc.o)
                0x00000000001115c0                svcCreateThread
 .text.svcExitThread
                0x00000000001115e0        0x8 C:/devkitPro/libctru/lib\libctru.a(svc.o)
                0x00000000001115e0                svcExitThread
 .text.svcSleepThread
                0x00000000001115e8        0x8 C:/devkitPro/libctru/lib\libctru.a(svc.o)
                0x00000000001115e8                svcSleepThread
 .text.svcReleaseMutex
                0x00000000001115f0        0x8 C:/devkitPro/libctru/lib\libctru.a(svc.o)
                0x00000000001115f0                svcReleaseMutex
 .text.svcCreateEvent
                0x00000000001115f8       0x14 C:/devkitPro/libctru/lib\libctru.a(svc.o)
                0x00000000001115f8                svcCreateEvent
 .text.svcSignalEvent
                0x000000000011160c        0x8 C:/devkitPro/libctru/lib\libctru.a(svc.o)
                0x000000000011160c                svcSignalEvent
 .text.svcClearEvent
                0x0000000000111614        0x8 C:/devkitPro/libctru/lib\libctru.a(svc.o)
                0x0000000000111614                svcClearEvent
 .text.svcMapMemoryBlock
                0x000000000011161c        0x8 C:/devkitPro/libctru/lib\libctru.a(svc.o)
                0x000000000011161c                svcMapMemoryBlock
 .text.svcUnmapMemoryBlock
                0x0000000000111624        0x8 C:/devkitPro/libctru/lib\libctru.a(svc.o)
                0x0000000000111624                svcUnmapMemoryBlock
 .text.svcCreateAddressArbiter
                0x000000000011162c       0x14 C:/devkitPro/libctru/lib\libctru.a(svc.o)
                0x000000000011162c                svcCreateAddressArbiter
 .text.svcArbitrateAddressNoTimeout
                0x0000000000111640        0x8 C:/devkitPro/libctru/lib\libctru.a(svc.o)
                0x0000000000111640                svcArbitrateAddressNoTimeout
 .text.svcCloseHandle
                0x0000000000111648        0x8 C:/devkitPro/libctru/lib\libctru.a(svc.o)
                0x0000000000111648                svcCloseHandle
 .text.svcWaitSynchronization
                0x0000000000111650        0x8 C:/devkitPro/libctru/lib\libctru.a(svc.o)
                0x0000000000111650                svcWaitSynchronization
 .text.svcWaitSynchronizationN
                0x0000000000111658       0x28 C:/devkitPro/libctru/lib\libctru.a(svc.o)
                0x0000000000111658                svcWaitSynchronizationN
 .text.svcDuplicateHandle
                0x0000000000111680       0x14 C:/devkitPro/libctru/lib\libctru.a(svc.o)
                0x0000000000111680                svcDuplicateHandle
 .text.svcGetSystemTick
                0x0000000000111694        0x8 C:/devkitPro/libctru/lib\libctru.a(svc.o)
                0x0000000000111694                svcGetSystemTick
 .text.svcConnectToPort
                0x000000000011169c       0x14 C:/devkitPro/libctru/lib\libctru.a(svc.o)
                0x000000000011169c                svcConnectToPort
 .text.svcSendSyncRequest
                0x00000000001116b0        0x8 C:/devkitPro/libctru/lib\libctru.a(svc.o)
                0x00000000001116b0                svcSendSyncRequest
 .text.svcGetResourceLimit
                0x00000000001116b8       0x14 C:/devkitPro/libctru/lib\libctru.a(svc.o)
                0x00000000001116b8                svcGetResourceLimit
 .text.svcGetResourceLimitLimitValues
                0x00000000001116cc        0x8 C:/devkitPro/libctru/lib\libctru.a(svc.o)
                0x00000000001116cc                svcGetResourceLimitLimitValues
 .text.svcGetResourceLimitCurrentValues
                0x00000000001116d4        0x8 C:/devkitPro/libctru/lib\libctru.a(svc.o)
                0x00000000001116d4                svcGetResourceLimitCurrentValues
 .text.svcBreak
                0x00000000001116dc        0x8 C:/devkitPro/libctru/lib\libctru.a(svc.o)
                0x00000000001116dc                svcBreak
 .text.initSystem
                0x00000000001116e4       0x50 C:/devkitPro/libctru/lib\libctru.a(stack_adjust.o)
                0x00000000001116e4                initSystem
 .text.__ctru_exit
                0x0000000000111734       0x18 C:/devkitPro/libctru/lib\libctru.a(stack_adjust.o)
                0x0000000000111734                __ctru_exit
 .text.__aeabi_read_tp
                0x000000000011174c        0xc C:/devkitPro/libctru/lib\libctru.a(readtp.o)
                0x000000000011174c                __aeabi_read_tp
 .text.__sync_init
                0x0000000000111758        0xc C:/devkitPro/libctru/lib\libctru.a(synchronization.o)
                0x0000000000111758                __sync_init
 .text.__sync_fini
                0x0000000000111764       0x18 C:/devkitPro/libctru/lib\libctru.a(synchronization.o)
                0x0000000000111764                __sync_fini
 .text.syncArbitrateAddress
                0x000000000011177c       0x2c C:/devkitPro/libctru/lib\libctru.a(synchronization.o)
                0x000000000011177c                syncArbitrateAddress
 .text.LightLock_Lock
                0x00000000001117a8       0xb0 C:/devkitPro/libctru/lib\libctru.a(synchronization.o)
                0x00000000001117a8                LightLock_Lock
 .text.LightLock_Unlock
                0x0000000000111858       0x40 C:/devkitPro/libctru/lib\libctru.a(synchronization.o)
                0x0000000000111858                LightLock_Unlock
 .text.RecursiveLock_Init
                0x0000000000111898       0x24 C:/devkitPro/libctru/lib\libctru.a(synchronization.o)
                0x0000000000111898                RecursiveLock_Init
 .text.RecursiveLock_Lock
                0x00000000001118bc       0x30 C:/devkitPro/libctru/lib\libctru.a(synchronization.o)
                0x00000000001118bc                RecursiveLock_Lock
 .text.RecursiveLock_Unlock
                0x00000000001118ec       0x54 C:/devkitPro/libctru/lib\libctru.a(synchronization.o)
                0x00000000001118ec                RecursiveLock_Unlock
 .text.LightEvent_Init
                0x0000000000111940       0x40 C:/devkitPro/libctru/lib\libctru.a(synchronization.o)
                0x0000000000111940                LightEvent_Init
 .text.LightEvent_Clear
                0x0000000000111980       0xa4 C:/devkitPro/libctru/lib\libctru.a(synchronization.o)
                0x0000000000111980                LightEvent_Clear
 .text.LightEvent_Signal
                0x0000000000111a24       0xc8 C:/devkitPro/libctru/lib\libctru.a(synchronization.o)
                0x0000000000111a24                LightEvent_Signal
 .text.LightEvent_TryWait
                0x0000000000111aec       0x50 C:/devkitPro/libctru/lib\libctru.a(synchronization.o)
                0x0000000000111aec                LightEvent_TryWait
 .text.LightEvent_Wait
                0x0000000000111b3c       0xb0 C:/devkitPro/libctru/lib\libctru.a(synchronization.o)
                0x0000000000111b3c                LightEvent_Wait
 .text.envGetHandle
                0x0000000000111bec       0x84 C:/devkitPro/libctru/lib\libctru.a(env.o)
                0x0000000000111bec                envGetHandle
 .text.envDestroyHandles
                0x0000000000111c70       0x50 C:/devkitPro/libctru/lib\libctru.a(env.o)
                0x0000000000111c70                envDestroyHandles
 .text.srvInit  0x0000000000111cc0      0x130 C:/devkitPro/libctru/lib\libctru.a(srv.o)
                0x0000000000111cc0                srvInit
 .text.srvExit  0x0000000000111df0       0x58 C:/devkitPro/libctru/lib\libctru.a(srv.o)
                0x0000000000111df0                srvExit
 .text.srvGetServiceHandleDirect
                0x0000000000111e48       0xa0 C:/devkitPro/libctru/lib\libctru.a(srv.o)
                0x0000000000111e48                srvGetServiceHandleDirect
 .text.srvGetServiceHandle
                0x0000000000111ee8       0x38 C:/devkitPro/libctru/lib\libctru.a(srv.o)
                0x0000000000111ee8                srvGetServiceHandle
 .text.srvPublishToSubscriber
                0x0000000000111f20       0x38 C:/devkitPro/libctru/lib\libctru.a(srv.o)
                0x0000000000111f20                srvPublishToSubscriber
 .text.threadCreate
                0x0000000000111f58      0x178 C:/devkitPro/libctru/lib\libctru.a(thread.o)
                0x0000000000111f58                threadCreate
 .text.threadFree
                0x00000000001120d0       0x2c C:/devkitPro/libctru/lib\libctru.a(thread.o)
                0x00000000001120d0                threadFree
 .text.threadJoin
                0x00000000001120fc       0x24 C:/devkitPro/libctru/lib\libctru.a(thread.o)
                0x00000000001120fc                threadJoin
 .text.threadGetCurrent
                0x0000000000112120       0x30 C:/devkitPro/libctru/lib\libctru.a(thread.o)
                0x0000000000112120                threadGetCurrent
 .text.threadExit
                0x0000000000112150       0x40 C:/devkitPro/libctru/lib\libctru.a(thread.o)
                0x0000000000112150                threadExit
 .text._thread_begin
                0x0000000000112190       0x20 C:/devkitPro/libctru/lib\libctru.a(thread.o)
 .text.mappableFindAddressWithin
                0x00000000001121b0       0xb4 C:/devkitPro/libctru/lib\libctru.a(mappable.o)
 .text.mappableInit
                0x0000000000112264       0x28 C:/devkitPro/libctru/lib\libctru.a(mappable.o)
                0x0000000000112264                mappableInit
 .text.mappableAlloc
                0x000000000011228c       0x80 C:/devkitPro/libctru/lib\libctru.a(mappable.o)
                0x000000000011228c                mappableAlloc
 .text.mappableFree
                0x000000000011230c        0x4 C:/devkitPro/libctru/lib\libctru.a(mappable.o)
                0x000000000011230c                mappableFree
 .text.irrstInit
                0x0000000000112310      0x164 C:/devkitPro/libctru/lib\libctru.a(irrst.o)
                0x0000000000112310                irrstInit
 .text.irrstExit
                0x0000000000112474       0xcc C:/devkitPro/libctru/lib\libctru.a(irrst.o)
                0x0000000000112474                irrstExit
 .text.irrstScanInput
                0x0000000000112540       0xb4 C:/devkitPro/libctru/lib\libctru.a(irrst.o)
                0x0000000000112540                irrstScanInput
 .text.irrstKeysHeld
                0x00000000001125f4       0x24 C:/devkitPro/libctru/lib\libctru.a(irrst.o)
                0x00000000001125f4                irrstKeysHeld
 .text.srvPmGetSessionHandle
                0x0000000000112618        0xc C:/devkitPro/libctru/lib\libctru.a(srvpm.o)
                0x0000000000112618                srvPmGetSessionHandle
 .text.rbtree_node_next
                0x0000000000112624       0x5c C:/devkitPro/libctru/lib\libctru.a(rbtree_iterator.o)
                0x0000000000112624                rbtree_node_next
 .text.encode_utf16
                0x0000000000112680       0x54 C:/devkitPro/libctru/lib\libctru.a(encode_utf16.o)
                0x0000000000112680                encode_utf16
 .text.encode_utf8
                0x00000000001126d4       0xe0 C:/devkitPro/libctru/lib\libctru.a(encode_utf8.o)
                0x00000000001126d4                encode_utf8
 .text.decode_utf8
                0x00000000001127b4      0x13c C:/devkitPro/libctru/lib\libctru.a(decode_utf8.o)
                0x00000000001127b4                decode_utf8
 .text.__appInit
                0x00000000001128f0       0x30 C:/devkitPro/libctru/lib\libctru.a(appInit.o)
                0x00000000001128f0                __appInit
 .text.__syscall_getreent
                0x0000000000112920       0x30 C:/devkitPro/libctru/lib\libctru.a(syscalls.o)
                0x0000000000112920                __syscall_getreent
 .text.__syscall_gettod_r
                0x0000000000112950       0x74 C:/devkitPro/libctru/lib\libctru.a(syscalls.o)
                0x0000000000112950                __syscall_gettod_r
 .text.__syscall_lock_acquire
                0x00000000001129c4        0x4 C:/devkitPro/libctru/lib\libctru.a(syscalls.o)
                0x00000000001129c4                __syscall_lock_acquire
 .text.__syscall_lock_release
                0x00000000001129c8        0x4 C:/devkitPro/libctru/lib\libctru.a(syscalls.o)
                0x00000000001129c8                __syscall_lock_release
 .text.__syscall_lock_init_recursive
                0x00000000001129cc        0x4 C:/devkitPro/libctru/lib\libctru.a(syscalls.o)
                0x00000000001129cc                __syscall_lock_init_recursive
 .text.__syscall_lock_acquire_recursive
                0x00000000001129d0        0x4 C:/devkitPro/libctru/lib\libctru.a(syscalls.o)
                0x00000000001129d0                __syscall_lock_acquire_recursive
 .text.__syscall_lock_release_recursive
                0x00000000001129d4        0x4 C:/devkitPro/libctru/lib\libctru.a(syscalls.o)
                0x00000000001129d4                __syscall_lock_release_recursive
 .text.__syscall_exit
                0x00000000001129d8        0x4 C:/devkitPro/libctru/lib\libctru.a(syscalls.o)
                0x00000000001129d8                __syscall_exit
 .text.initThreadVars
                0x00000000001129dc       0x50 C:/devkitPro/libctru/lib\libctru.a(syscalls.o)
                0x00000000001129dc                initThreadVars
 .text.__system_initSyscalls
                0x0000000000112a2c       0x68 C:/devkitPro/libctru/lib\libctru.a(syscalls.o)
                0x0000000000112a2c                __system_initSyscalls
 .text.__appExit
                0x0000000000112a94       0x30 C:/devkitPro/libctru/lib\libctru.a(appExit.o)
                0x0000000000112a94                __appExit
 .text.__libctru_exit
                0x0000000000112ac4       0x90 C:/devkitPro/libctru/lib\libctru.a(ctru_exit.o)
                0x0000000000112ac4                __libctru_exit
 .text.archive_link
                0x0000000000112b54       0x14 C:/devkitPro/libctru/lib\libctru.a(archive_dev.o)
 .text.archive_dirreset
                0x0000000000112b68       0x14 C:/devkitPro/libctru/lib\libctru.a(archive_dev.o)
 .text.archive_chmod
                0x0000000000112b7c       0x14 C:/devkitPro/libctru/lib\libctru.a(archive_dev.o)
 .text.error_cmp
                0x0000000000112b90       0x24 C:/devkitPro/libctru/lib\libctru.a(archive_dev.o)
 .text.archive_translate_error
                0x0000000000112bb4       0x50 C:/devkitPro/libctru/lib\libctru.a(archive_dev.o)
 .text.archive_seek
                0x0000000000112c04       0xc8 C:/devkitPro/libctru/lib\libctru.a(archive_dev.o)
 .text._archiveInit.part.0
                0x0000000000112ccc       0x7c C:/devkitPro/libctru/lib\libctru.a(archive_dev.o)
 .text.archiveFindDevice.part.0
                0x0000000000112d48       0xc4 C:/devkitPro/libctru/lib\libctru.a(archive_dev.o)
 .text.archive_utf16path
                0x0000000000112e0c      0x25c C:/devkitPro/libctru/lib\libctru.a(archive_dev.o)
 .text._archiveUnmountDeviceStruct.part.0
                0x0000000000113068       0xa0 C:/devkitPro/libctru/lib\libctru.a(archive_dev.o)
 .text.archive_fchmod
                0x0000000000113108       0x14 C:/devkitPro/libctru/lib\libctru.a(archive_dev.o)
 .text.archive_statvfs
                0x000000000011311c       0x14 C:/devkitPro/libctru/lib\libctru.a(archive_dev.o)
 .text._archiveMountDevice
                0x0000000000113130      0x164 C:/devkitPro/libctru/lib\libctru.a(archive_dev.o)
 .text.archive_diropen
                0x0000000000113294       0xe8 C:/devkitPro/libctru/lib\libctru.a(archive_dev.o)
 .text.archive_fstat
                0x000000000011337c       0xa4 C:/devkitPro/libctru/lib\libctru.a(archive_dev.o)
 .text.archive_close
                0x0000000000113420       0x6c C:/devkitPro/libctru/lib\libctru.a(archive_dev.o)
 .text.archive_fsync
                0x000000000011348c       0x6c C:/devkitPro/libctru/lib\libctru.a(archive_dev.o)
 .text.archive_dirclose
                0x00000000001134f8       0x70 C:/devkitPro/libctru/lib\libctru.a(archive_dev.o)
 .text.sdmc_statvfs
                0x0000000000113568       0xe8 C:/devkitPro/libctru/lib\libctru.a(archive_dev.o)
 .text.archive_chdir
                0x0000000000113650       0xec C:/devkitPro/libctru/lib\libctru.a(archive_dev.o)
 .text.archive_ftruncate
                0x000000000011373c       0x7c C:/devkitPro/libctru/lib\libctru.a(archive_dev.o)
 .text.archive_read
                0x00000000001137b8       0xac C:/devkitPro/libctru/lib\libctru.a(archive_dev.o)
 .text.archive_unlink
                0x0000000000113864       0xa4 C:/devkitPro/libctru/lib\libctru.a(archive_dev.o)
 .text.archive_rmdir
                0x0000000000113908       0xbc C:/devkitPro/libctru/lib\libctru.a(archive_dev.o)
 .text.archive_mkdir
                0x00000000001139c4       0xdc C:/devkitPro/libctru/lib\libctru.a(archive_dev.o)
 .text.archive_stat
                0x0000000000113aa0      0x19c C:/devkitPro/libctru/lib\libctru.a(archive_dev.o)
 .text.archive_dirnext
                0x0000000000113c3c      0x15c C:/devkitPro/libctru/lib\libctru.a(archive_dev.o)
 .text.archive_write
                0x0000000000113d98       0xec C:/devkitPro/libctru/lib\libctru.a(archive_dev.o)
 .text.archive_open
                0x0000000000113e84      0x1d4 C:/devkitPro/libctru/lib\libctru.a(archive_dev.o)
 .text.archive_rename
                0x0000000000114058      0x278 C:/devkitPro/libctru/lib\libctru.a(archive_dev.o)
 .text.archiveMountSdmc
                0x00000000001142d0      0x19c C:/devkitPro/libctru/lib\libctru.a(archive_dev.o)
                0x00000000001142d0                archiveMountSdmc
 .text.archiveUnmountAll
                0x000000000011446c       0x54 C:/devkitPro/libctru/lib\libctru.a(archive_dev.o)
                0x000000000011446c                archiveUnmountAll
 .text._Znaj    0x00000000001144c0        0x4 c:/devkitpro/devkitarm/bin/../lib/gcc/arm-none-eabi/12.1.0/../../../../arm-none-eabi/lib/armv6k/fpu\libstdc++.a(new_opv.o)
                0x00000000001144c0                operator new[](unsigned int)
 .text._Znwj    0x00000000001144c4       0x5c c:/devkitpro/devkitarm/bin/../lib/gcc/arm-none-eabi/12.1.0/../../../../arm-none-eabi/lib/armv6k/fpu\libstdc++.a(new_op.o)
                0x00000000001144c4                operator new(unsigned int)
 .text._ZNKSt9bad_alloc4whatEv
                0x0000000000114520        0xc c:/devkitpro/devkitarm/bin/../lib/gcc/arm-none-eabi/12.1.0/../../../../arm-none-eabi/lib/armv6k/fpu\libstdc++.a(bad_alloc.o)
                0x0000000000114520                std::bad_alloc::what() const
 .text._ZNSt9bad_allocD2Ev
                0x000000000011452c       0x20 c:/devkitpro/devkitarm/bin/../lib/gcc/arm-none-eabi/12.1.0/../../../../arm-none-eabi/lib/armv6k/fpu\libstdc++.a(bad_alloc.o)
                0x000000000011452c                std::bad_alloc::~bad_alloc()
                0x000000000011452c                std::bad_alloc::~bad_alloc()
 .text._ZNSt9bad_allocD0Ev
                0x000000000011454c       0x2c c:/devkitpro/devkitarm/bin/../lib/gcc/arm-none-eabi/12.1.0/../../../../arm-none-eabi/lib/armv6k/fpu\libstdc++.a(bad_alloc.o)
                0x000000000011454c                std::bad_alloc::~bad_alloc()
 .text._ZdlPvj  0x0000000000114578        0x4 c:/devkitpro/devkitarm/bin/../lib/gcc/arm-none-eabi/12.1.0/../../../../arm-none-eabi/lib/armv6k/fpu\libstdc++.a(del_ops.o)
                0x0000000000114578                operator delete(void*, unsigned int)
 .text._ZN12_GLOBAL__N_14pool4freeEPv.constprop.0
                0x000000000011457c       0xc8 c:/devkitpro/devkitarm/bin/../lib/gcc/arm-none-eabi/12.1.0/../../../../arm-none-eabi/lib/armv6k/fpu\libstdc++.a(eh_alloc.o)
 .text._ZN12_GLOBAL__N_14pool8allocateEj.constprop.0
                0x0000000000114644       0x98 c:/devkitpro/devkitarm/bin/../lib/gcc/arm-none-eabi/12.1.0/../../../../arm-none-eabi/lib/armv6k/fpu\libstdc++.a(eh_alloc.o)
 .text.__cxa_allocate_exception
                0x00000000001146dc       0x44 c:/devkitpro/devkitarm/bin/../lib/gcc/arm-none-eabi/12.1.0/../../../../arm-none-eabi/lib/armv6k/fpu\libstdc++.a(eh_alloc.o)
                0x00000000001146dc                __cxa_allocate_exception
 .text.__cxa_free_exception
                0x0000000000114720       0x30 c:/devkitpro/devkitarm/bin/../lib/gcc/arm-none-eabi/12.1.0/../../../../arm-none-eabi/lib/armv6k/fpu\libstdc++.a(eh_alloc.o)
                0x0000000000114720                __cxa_free_exception
 .text.startup._GLOBAL__sub_I__ZN9__gnu_cxx9__freeresEv
                0x0000000000114750       0x3c c:/devkitpro/devkitarm/bin/../lib/gcc/arm-none-eabi/12.1.0/../../../../arm-none-eabi/lib/armv6k/fpu\libstdc++.a(eh_alloc.o)
 .text._ZNSt9exceptionD2Ev
                0x000000000011478c        0x4 c:/devkitpro/devkitarm/bin/../lib/gcc/arm-none-eabi/12.1.0/../../../../arm-none-eabi/lib/armv6k/fpu\libstdc++.a(eh_exception.o)
                0x000000000011478c                std::exception::~exception()
                0x000000000011478c                std::exception::~exception()
 .text._ZNSt13bad_exceptionD2Ev
                0x0000000000114790        0x4 c:/devkitpro/devkitarm/bin/../lib/gcc/arm-none-eabi/12.1.0/../../../../arm-none-eabi/lib/armv6k/fpu\libstdc++.a(eh_exception.o)
                0x0000000000114790                std::bad_exception::~bad_exception()
                0x0000000000114790                std::bad_exception::~bad_exception()
 .text._ZNKSt13bad_exception4whatEv
                0x0000000000114794        0xc c:/devkitpro/devkitarm/bin/../lib/gcc/arm-none-eabi/12.1.0/../../../../arm-none-eabi/lib/armv6k/fpu\libstdc++.a(eh_exception.o)
                0x0000000000114794                std::bad_exception::what() const
                0x0000000000114794                transaction clone for std::bad_exception::what() const
 .text._ZNSt13bad_exceptionD0Ev
                0x00000000001147a0       0x18 c:/devkitpro/devkitarm/bin/../lib/gcc/arm-none-eabi/12.1.0/../../../../arm-none-eabi/lib/armv6k/fpu\libstdc++.a(eh_exception.o)
                0x00000000001147a0                std::bad_exception::~bad_exception()
 .text._ZN10__cxxabiv111__terminateEPFvvE
                0x00000000001147b8       0x14 c:/devkitpro/devkitarm/bin/../lib/gcc/arm-none-eabi/12.1.0/../../../../arm-none-eabi/lib/armv6k/fpu\libstdc++.a(eh_terminate.o)
                0x00000000001147b8                __cxxabiv1::__terminate(void (*)())
 .text._ZSt9terminatev
                0x00000000001147cc       0x18 c:/devkitpro/devkitarm/bin/../lib/gcc/arm-none-eabi/12.1.0/../../../../arm-none-eabi/lib/armv6k/fpu\libstdc++.a(eh_terminate.o)
                0x00000000001147cc                std::terminate()
 .text._ZN10__cxxabiv112__unexpectedEPFvvE
                0x00000000001147e4        0xc c:/devkitpro/devkitarm/bin/../lib/gcc/arm-none-eabi/12.1.0/../../../../arm-none-eabi/lib/armv6k/fpu\libstdc++.a(eh_terminate.o)
                0x00000000001147e4                __cxxabiv1::__unexpected(void (*)())
 .text._ZSt10unexpectedv
                0x00000000001147f0       0x18 c:/devkitpro/devkitarm/bin/../lib/gcc/arm-none-eabi/12.1.0/../../../../arm-none-eabi/lib/armv6k/fpu\libstdc++.a(eh_terminate.o)
                0x00000000001147f0                std::unexpected()
 .text._ZSt13get_terminatev
                0x0000000000114808       0x14 c:/devkitpro/devkitarm/bin/../lib/gcc/arm-none-eabi/12.1.0/../../../../arm-none-eabi/lib/armv6k/fpu\libstdc++.a(eh_terminate.o)
                0x0000000000114808                std::get_terminate()
 .text._ZSt14get_unexpectedv
                0x000000000011481c       0x14 c:/devkitpro/devkitarm/bin/../lib/gcc/arm-none-eabi/12.1.0/../../../../arm-none-eabi/lib/armv6k/fpu\libstdc++.a(eh_terminate.o)
                0x000000000011481c                std::get_unexpected()
 .text._ZL23__gxx_exception_cleanup19_Unwind_Reason_CodeP21_Unwind_Control_Block
                0x0000000000114830       0x60 c:/devkitpro/devkitarm/bin/../lib/gcc/arm-none-eabi/12.1.0/../../../../arm-none-eabi/lib/armv6k/fpu\libstdc++.a(eh_throw.o)
 .text.__cxa_init_primary_exception
                0x0000000000114890       0x58 c:/devkitpro/devkitarm/bin/../lib/gcc/arm-none-eabi/12.1.0/../../../../arm-none-eabi/lib/armv6k/fpu\libstdc++.a(eh_throw.o)
                0x0000000000114890                __cxa_init_primary_exception
 .text.__cxa_throw
                0x00000000001148e8       0x54 c:/devkitpro/devkitarm/bin/../lib/gcc/arm-none-eabi/12.1.0/../../../../arm-none-eabi/lib/armv6k/fpu\libstdc++.a(eh_throw.o)
                0x00000000001148e8                __cxa_throw
 .text.__cxa_rethrow
                0x000000000011493c       0xb0 c:/devkitpro/devkitarm/bin/../lib/gcc/arm-none-eabi/12.1.0/../../../../arm-none-eabi/lib/armv6k/fpu\libstdc++.a(eh_throw.o)
                0x000000000011493c                __cxa_rethrow
 .text._ZSt15get_new_handlerv
                0x00000000001149ec       0x14 c:/devkitpro/devkitarm/bin/../lib/gcc/arm-none-eabi/12.1.0/../../../../arm-none-eabi/lib/armv6k/fpu\libstdc++.a(new_handler.o)
                0x00000000001149ec                std::get_new_handler()
 .text._ZN10__cxxabiv120__si_class_type_infoD2Ev
                0x0000000000114a00       0x20 c:/devkitpro/devkitarm/bin/../lib/gcc/arm-none-eabi/12.1.0/../../../../arm-none-eabi/lib/armv6k/fpu\libstdc++.a(si_class_type_info.o)
                0x0000000000114a00                __cxxabiv1::__si_class_type_info::~__si_class_type_info()
                0x0000000000114a00                __cxxabiv1::__si_class_type_info::~__si_class_type_info()
 .text._ZN10__cxxabiv120__si_class_type_infoD0Ev
                0x0000000000114a20       0x2c c:/devkitpro/devkitarm/bin/../lib/gcc/arm-none-eabi/12.1.0/../../../../arm-none-eabi/lib/armv6k/fpu\libstdc++.a(si_class_type_info.o)
                0x0000000000114a20                __cxxabiv1::__si_class_type_info::~__si_class_type_info()
 .text._ZNK10__cxxabiv120__si_class_type_info20__do_find_public_srcEiPKvPKNS_17__class_type_infoES2_
                0x0000000000114a4c       0x6c c:/devkitpro/devkitarm/bin/../lib/gcc/arm-none-eabi/12.1.0/../../../../arm-none-eabi/lib/armv6k/fpu\libstdc++.a(si_class_type_info.o)
                0x0000000000114a4c                __cxxabiv1::__si_class_type_info::__do_find_public_src(int, void const*, __cxxabiv1::__class_type_info const*, void const*) const
 .text._ZNK10__cxxabiv120__si_class_type_info12__do_dyncastEiNS_17__class_type_info10__sub_kindEPKS1_PKvS4_S6_RNS1_16__dyncast_resultE
                0x0000000000114ab8       0xdc c:/devkitpro/devkitarm/bin/../lib/gcc/arm-none-eabi/12.1.0/../../../../arm-none-eabi/lib/armv6k/fpu\libstdc++.a(si_class_type_info.o)
                0x0000000000114ab8                __cxxabiv1::__si_class_type_info::__do_dyncast(int, __cxxabiv1::__class_type_info::__sub_kind, __cxxabiv1::__class_type_info const*, void const*, __cxxabiv1::__class_type_info const*, void const*, __cxxabiv1::__class_type_info::__dyncast_result&) const
 .text._ZNK10__cxxabiv120__si_class_type_info11__do_upcastEPKNS_17__class_type_infoEPKvRNS1_15__upcast_resultE
                0x0000000000114b94       0x44 c:/devkitpro/devkitarm/bin/../lib/gcc/arm-none-eabi/12.1.0/../../../../arm-none-eabi/lib/armv6k/fpu\libstdc++.a(si_class_type_info.o)
                0x0000000000114b94                __cxxabiv1::__si_class_type_info::__do_upcast(__cxxabiv1::__class_type_info const*, void const*, __cxxabiv1::__class_type_info::__upcast_result&) const
 .text._ZNSt9type_infoD2Ev
                0x0000000000114bd8        0x4 c:/devkitpro/devkitarm/bin/../lib/gcc/arm-none-eabi/12.1.0/../../../../arm-none-eabi/lib/armv6k/fpu\libstdc++.a(tinfo.o)
                0x0000000000114bd8                std::type_info::~type_info()
                0x0000000000114bd8                std::type_info::~type_info()
 .text._ZNKSt9type_info14__is_pointer_pEv
                0x0000000000114bdc        0x8 c:/devkitpro/devkitarm/bin/../lib/gcc/arm-none-eabi/12.1.0/../../../../arm-none-eabi/lib/armv6k/fpu\libstdc++.a(tinfo.o)
                0x0000000000114bdc                std::type_info::__is_pointer_p() const
                0x0000000000114bdc                std::type_info::__is_function_p() const
 .text._ZNKSt9type_infoeqERKS_
                0x0000000000114be4       0x4c c:/devkitpro/devkitarm/bin/../lib/gcc/arm-none-eabi/12.1.0/../../../../arm-none-eabi/lib/armv6k/fpu\libstdc++.a(tinfo.o)
                0x0000000000114be4                std::type_info::operator==(std::type_info const&) const
                0x0000000000114be4                std::type_info::__equal(std::type_info const&) const
 .text._ZNK10__cxxabiv117__class_type_info11__do_upcastEPKS0_PPv
                0x0000000000114c30       0x5c c:/devkitpro/devkitarm/bin/../lib/gcc/arm-none-eabi/12.1.0/../../../../arm-none-eabi/lib/armv6k/fpu\libstdc++.a(class_type_info.o)
                0x0000000000114c30                __cxxabiv1::__class_type_info::__do_upcast(__cxxabiv1::__class_type_info const*, void**) const
 .text._ZNK10__cxxabiv117__class_type_info20__do_find_public_srcEiPKvPKS0_S2_
                0x0000000000114c8c       0x14 c:/devkitpro/devkitarm/bin/../lib/gcc/arm-none-eabi/12.1.0/../../../../arm-none-eabi/lib/armv6k/fpu\libstdc++.a(class_type_info.o)
                0x0000000000114c8c                __cxxabiv1::__class_type_info::__do_find_public_src(int, void const*, __cxxabiv1::__class_type_info const*, void const*) const
 .text._ZN10__cxxabiv117__class_type_infoD2Ev
                0x0000000000114ca0       0x20 c:/devkitpro/devkitarm/bin/../lib/gcc/arm-none-eabi/12.1.0/../../../../arm-none-eabi/lib/armv6k/fpu\libstdc++.a(class_type_info.o)
                0x0000000000114ca0                __cxxabiv1::__class_type_info::~__class_type_info()
                0x0000000000114ca0                __cxxabiv1::__class_type_info::~__class_type_info()
 .text._ZN10__cxxabiv117__class_type_infoD0Ev
                0x0000000000114cc0       0x2c c:/devkitpro/devkitarm/bin/../lib/gcc/arm-none-eabi/12.1.0/../../../../arm-none-eabi/lib/armv6k/fpu\libstdc++.a(class_type_info.o)
                0x0000000000114cc0                __cxxabiv1::__class_type_info::~__class_type_info()
 .text._ZNK10__cxxabiv117__class_type_info12__do_dyncastEiNS0_10__sub_kindEPKS0_PKvS3_S5_RNS0_16__dyncast_resultE
                0x0000000000114cec       0x68 c:/devkitpro/devkitarm/bin/../lib/gcc/arm-none-eabi/12.1.0/../../../../arm-none-eabi/lib/armv6k/fpu\libstdc++.a(class_type_info.o)
                0x0000000000114cec                __cxxabiv1::__class_type_info::__do_dyncast(int, __cxxabiv1::__class_type_info::__sub_kind, __cxxabiv1::__class_type_info const*, void const*, __cxxabiv1::__class_type_info const*, void const*, __cxxabiv1::__class_type_info::__dyncast_result&) const
 .text._ZNK10__cxxabiv117__class_type_info11__do_upcastEPKS0_PKvRNS0_15__upcast_resultE
                0x0000000000114d54       0x2c c:/devkitpro/devkitarm/bin/../lib/gcc/arm-none-eabi/12.1.0/../../../../arm-none-eabi/lib/armv6k/fpu\libstdc++.a(class_type_info.o)
                0x0000000000114d54                __cxxabiv1::__class_type_info::__do_upcast(__cxxabiv1::__class_type_info const*, void const*, __cxxabiv1::__class_type_info::__upcast_result&) const
 .text._ZNK10__cxxabiv117__class_type_info10__do_catchEPKSt9type_infoPPvj
                0x0000000000114d80       0x44 c:/devkitpro/devkitarm/bin/../lib/gcc/arm-none-eabi/12.1.0/../../../../arm-none-eabi/lib/armv6k/fpu\libstdc++.a(class_type_info.o)
                0x0000000000114d80                __cxxabiv1::__class_type_info::__do_catch(std::type_info const*, void**, unsigned int) const
 .text._ZdlPv   0x0000000000114dc4        0x4 c:/devkitpro/devkitarm/bin/../lib/gcc/arm-none-eabi/12.1.0/../../../../arm-none-eabi/lib/armv6k/fpu\libstdc++.a(del_op.o)
                0x0000000000114dc4                operator delete(void*)
 .text.__cxa_begin_catch
                0x0000000000114dc8       0xcc c:/devkitpro/devkitarm/bin/../lib/gcc/arm-none-eabi/12.1.0/../../../../arm-none-eabi/lib/armv6k/fpu\libstdc++.a(eh_catch.o)
                0x0000000000114dc8                __cxa_begin_catch
 .text.__cxa_end_catch
                0x0000000000114e94       0xe0 c:/devkitpro/devkitarm/bin/../lib/gcc/arm-none-eabi/12.1.0/../../../../arm-none-eabi/lib/armv6k/fpu\libstdc++.a(eh_catch.o)
                0x0000000000114e94                __cxa_end_catch
 .text.__cxa_get_globals_fast
                0x0000000000114f74        0xc c:/devkitpro/devkitarm/bin/../lib/gcc/arm-none-eabi/12.1.0/../../../../arm-none-eabi/lib/armv6k/fpu\libstdc++.a(eh_globals.o)
                0x0000000000114f74                __cxa_get_globals_fast
 .text.__cxa_get_globals
                0x0000000000114f80        0xc c:/devkitpro/devkitarm/bin/../lib/gcc/arm-none-eabi/12.1.0/../../../../arm-none-eabi/lib/armv6k/fpu\libstdc++.a(eh_globals.o)
                0x0000000000114f80                __cxa_get_globals
 .text._ZL28read_encoded_value_with_basehjPKhPj
                0x0000000000114f8c      0x16c c:/devkitpro/devkitarm/bin/../lib/gcc/arm-none-eabi/12.1.0/../../../../arm-none-eabi/lib/armv6k/fpu\libstdc++.a(eh_personality.o)
 .text._ZL21base_of_encoded_valuehP15_Unwind_Context
                0x00000000001150f8       0x58 c:/devkitpro/devkitarm/bin/../lib/gcc/arm-none-eabi/12.1.0/../../../../arm-none-eabi/lib/armv6k/fpu\libstdc++.a(eh_personality.o)
 .text._ZL17parse_lsda_headerP15_Unwind_ContextPKhP16lsda_header_info
                0x0000000000115150       0xd8 c:/devkitpro/devkitarm/bin/../lib/gcc/arm-none-eabi/12.1.0/../../../../arm-none-eabi/lib/armv6k/fpu\libstdc++.a(eh_personality.o)
 .text.__gxx_personality_v0
                0x0000000000115228      0x6c8 c:/devkitpro/devkitarm/bin/../lib/gcc/arm-none-eabi/12.1.0/../../../../arm-none-eabi/lib/armv6k/fpu\libstdc++.a(eh_personality.o)
                0x0000000000115228                __gxx_personality_v0
 .text.__cxa_end_cleanup
                0x00000000001158f0       0x10 c:/devkitpro/devkitarm/bin/../lib/gcc/arm-none-eabi/12.1.0/../../../../arm-none-eabi/lib/armv6k/fpu\libstdc++.a(eh_arm.o)
                0x00000000001158f0                __cxa_end_cleanup
 .text.__cxa_type_match
                0x0000000000115900      0x12c c:/devkitpro/devkitarm/bin/../lib/gcc/arm-none-eabi/12.1.0/../../../../arm-none-eabi/lib/armv6k/fpu\libstdc++.a(eh_arm.o)
                0x0000000000115900                __cxa_type_match
 .text.__cxa_begin_cleanup
                0x0000000000115a2c       0xb4 c:/devkitpro/devkitarm/bin/../lib/gcc/arm-none-eabi/12.1.0/../../../../arm-none-eabi/lib/armv6k/fpu\libstdc++.a(eh_arm.o)
                0x0000000000115a2c                __cxa_begin_cleanup
 .text.__gnu_end_cleanup
                0x0000000000115ae0       0xb4 c:/devkitpro/devkitarm/bin/../lib/gcc/arm-none-eabi/12.1.0/../../../../arm-none-eabi/lib/armv6k/fpu\libstdc++.a(eh_arm.o)
                0x0000000000115ae0                __gnu_end_cleanup
 .text._ZN10__cxxabiv1L24__is_gxx_exception_classEPc
                0x0000000000115b94       0x70 c:/devkitpro/devkitarm/bin/../lib/gcc/arm-none-eabi/12.1.0/../../../../arm-none-eabi/lib/armv6k/fpu\libstdc++.a(eh_call.o)
 .text.__cxa_call_terminate
                0x0000000000115c04       0x2c c:/devkitpro/devkitarm/bin/../lib/gcc/arm-none-eabi/12.1.0/../../../../arm-none-eabi/lib/armv6k/fpu\libstdc++.a(eh_call.o)
                0x0000000000115c04                __cxa_call_terminate
 .text.unlikely.__cxa_call_unexpected
                0x0000000000115c30      0x138 c:/devkitpro/devkitarm/bin/../lib/gcc/arm-none-eabi/12.1.0/../../../../arm-none-eabi/lib/armv6k/fpu\libstdc++.a(eh_call.o)
                0x0000000000115c30                __cxa_call_unexpected
 .text.cosf     0x0000000000115d68      0x22c c:/devkitpro/devkitarm/bin/../lib/gcc/arm-none-eabi/12.1.0/../../../../arm-none-eabi/lib/armv6k/fpu\libm.a(lib_a-cosf.o)
                0x0000000000115d68                cosf
 .text.with_errnof
                0x0000000000115f94       0x24 c:/devkitpro/devkitarm/bin/../lib/gcc/arm-none-eabi/12.1.0/../../../../arm-none-eabi/lib/armv6k/fpu\libm.a(lib_a-math_errf.o)
 .text.__math_invalidf
                0x0000000000115fb8       0x1c c:/devkitpro/devkitarm/bin/../lib/gcc/arm-none-eabi/12.1.0/../../../../arm-none-eabi/lib/armv6k/fpu\libm.a(lib_a-math_errf.o)
                0x0000000000115fb8                __math_invalidf
 .text.tanf     0x0000000000115fd4       0x70 c:/devkitpro/devkitarm/bin/../lib/gcc/arm-none-eabi/12.1.0/../../../../arm-none-eabi/lib/armv6k/fpu\libm.a(lib_a-sf_tan.o)
                0x0000000000115fd4                tanf
 *fill*         0x0000000000116044        0x4 
 .text.sinf     0x0000000000116048      0x24c c:/devkitpro/devkitarm/bin/../lib/gcc/arm-none-eabi/12.1.0/../../../../arm-none-eabi/lib/armv6k/fpu\libm.a(lib_a-sinf.o)
                0x0000000000116048                sinf
 .text.atan2    0x0000000000116294        0x4 c:/devkitpro/devkitarm/bin/../lib/gcc/arm-none-eabi/12.1.0/../../../../arm-none-eabi/lib/armv6k/fpu\libm.a(lib_a-w_atan2.o)
                0x0000000000116294                atan2
 .text.sqrtf    0x0000000000116298       0x50 c:/devkitpro/devkitarm/bin/../lib/gcc/arm-none-eabi/12.1.0/../../../../arm-none-eabi/lib/armv6k/fpu\libm.a(lib_a-wf_sqrt.o)
                0x0000000000116298                sqrtf
 .text.__ieee754_atan2
                0x00000000001162e8      0x204 c:/devkitpro/devkitarm/bin/../lib/gcc/arm-none-eabi/12.1.0/../../../../arm-none-eabi/lib/armv6k/fpu\libm.a(lib_a-e_atan2.o)
                0x00000000001162e8                __ieee754_atan2
 .text.__ieee754_rem_pio2f
                0x00000000001164ec      0x2c8 c:/devkitpro/devkitarm/bin/../lib/gcc/arm-none-eabi/12.1.0/../../../../arm-none-eabi/lib/armv6k/fpu\libm.a(lib_a-ef_rem_pio2.o)
                0x00000000001164ec                __ieee754_rem_pio2f
 .text.__ieee754_sqrtf
                0x00000000001167b4        0x8 c:/devkitpro/devkitarm/bin/../lib/gcc/arm-none-eabi/12.1.0/../../../../arm-none-eabi/lib/armv6k/fpu\libm.a(lib_a-ef_sqrt.o)
                0x00000000001167b4                __ieee754_sqrtf
 .text.__kernel_rem_pio2f
                0x00000000001167bc      0x880 c:/devkitpro/devkitarm/bin/../lib/gcc/arm-none-eabi/12.1.0/../../../../arm-none-eabi/lib/armv6k/fpu\libm.a(lib_a-kf_rem_pio2.o)
                0x00000000001167bc                __kernel_rem_pio2f
 .text.__kernel_tanf
                0x000000000011703c      0x208 c:/devkitpro/devkitarm/bin/../lib/gcc/arm-none-eabi/12.1.0/../../../../arm-none-eabi/lib/armv6k/fpu\libm.a(lib_a-kf_tan.o)
                0x000000000011703c                __kernel_tanf
 *fill*         0x0000000000117244        0x4 
 .text.atan     0x0000000000117248      0x284 c:/devkitpro/devkitarm/bin/../lib/gcc/arm-none-eabi/12.1.0/../../../../arm-none-eabi/lib/armv6k/fpu\libm.a(lib_a-s_atan.o)
                0x0000000000117248                atan
 .text.fabs     0x00000000001174cc       0x14 c:/devkitpro/devkitarm/bin/../lib/gcc/arm-none-eabi/12.1.0/../../../../arm-none-eabi/lib/armv6k/fpu\libm.a(lib_a-s_fabs.o)
                0x00000000001174cc                fabs
 .text.fabsf    0x00000000001174e0       0x10 c:/devkitpro/devkitarm/bin/../lib/gcc/arm-none-eabi/12.1.0/../../../../arm-none-eabi/lib/armv6k/fpu\libm.a(lib_a-sf_fabs.o)
                0x00000000001174e0                fabsf
 .text.floorf   0x00000000001174f0       0xc0 c:/devkitpro/devkitarm/bin/../lib/gcc/arm-none-eabi/12.1.0/../../../../arm-none-eabi/lib/armv6k/fpu\libm.a(lib_a-sf_floor.o)
                0x00000000001174f0                floorf
 .text.scalbnf  0x00000000001175b0      0x12c c:/devkitpro/devkitarm/bin/../lib/gcc/arm-none-eabi/12.1.0/../../../../arm-none-eabi/lib/armv6k/fpu\libm.a(lib_a-sf_scalbn.o)
                0x00000000001175b0                scalbnf
 .text.__udivmoddi4
                0x00000000001176dc      0x120 c:/devkitpro/devkitarm/bin/../lib/gcc/arm-none-eabi/12.1.0/armv6k/fpu\libgcc.a(_udivmoddi4.o)
                0x00000000001176dc                __udivmoddi4
 .text.selfrel_offset31
                0x00000000001177fc       0x18 c:/devkitpro/devkitarm/bin/../lib/gcc/arm-none-eabi/12.1.0/armv6k/fpu\libgcc.a(unwind-arm.o)
 .text.search_EIT_table
                0x0000000000117814       0x90 c:/devkitpro/devkitarm/bin/../lib/gcc/arm-none-eabi/12.1.0/armv6k/fpu\libgcc.a(unwind-arm.o)
 .text.__gnu_unwind_get_pr_addr
                0x00000000001178a4       0x40 c:/devkitpro/devkitarm/bin/../lib/gcc/arm-none-eabi/12.1.0/armv6k/fpu\libgcc.a(unwind-arm.o)
 .text.get_eit_entry
                0x00000000001178e4       0xf4 c:/devkitpro/devkitarm/bin/../lib/gcc/arm-none-eabi/12.1.0/armv6k/fpu\libgcc.a(unwind-arm.o)
 .text.restore_non_core_regs
                0x00000000001179d8       0x88 c:/devkitpro/devkitarm/bin/../lib/gcc/arm-none-eabi/12.1.0/armv6k/fpu\libgcc.a(unwind-arm.o)
 .text._Unwind_decode_typeinfo_ptr.constprop.0
                0x0000000000117a60       0x14 c:/devkitpro/devkitarm/bin/../lib/gcc/arm-none-eabi/12.1.0/armv6k/fpu\libgcc.a(unwind-arm.o)
 .text._Unwind_DebugHook
                0x0000000000117a74        0x4 c:/devkitpro/devkitarm/bin/../lib/gcc/arm-none-eabi/12.1.0/armv6k/fpu\libgcc.a(unwind-arm.o)
 .text.unwind_phase2
                0x0000000000117a78       0x64 c:/devkitpro/devkitarm/bin/../lib/gcc/arm-none-eabi/12.1.0/armv6k/fpu\libgcc.a(unwind-arm.o)
 .text.unwind_phase2_forced
                0x0000000000117adc      0x140 c:/devkitpro/devkitarm/bin/../lib/gcc/arm-none-eabi/12.1.0/armv6k/fpu\libgcc.a(unwind-arm.o)
 .text.__gnu_Unwind_RaiseException