Archive member included to satisfy reference by file (symbol)

C:/devkitPro/libctru/lib\libcitro3d.a(base.o)
                              main.o (C3D_Init)
C:/devkitPro/libctru/lib\libcitro3d.a(renderqueue.o)
                              C:/devkitPro/libctru/lib\libcitro3d.a(base.o) (C3Di_RenderQueueEnableVBlank)
C:/devkitPro/libctru/lib\libcitro3d.a(texture.o)
                              main.o (C3D_TexBind)
C:/devkitPro/libctru/lib\libcitro3d.a(tex3ds.o)
                              main.o (Tex3DS_TextureImport)
C:/devkitPro/libctru/lib\libcitro3d.a(framebuffer.o)
                              C:/devkitPro/libctru/lib\libcitro3d.a(renderqueue.o) (C3D_CalcColorBufSize)
C:/devkitPro/libctru/lib\libcitro3d.a(texenv.o)
                              main.o (C3D_GetTexEnv)
C:/devkitPro/libctru/lib\libcitro3d.a(buffers.o)
                              main.o (BufInfo_Init)
C:/devkitPro/libctru/lib\libcitro3d.a(drawArrays.o)
                              main.o (C3D_DrawArrays)
C:/devkitPro/libctru/lib\libcitro3d.a(effect.o)
                              C:/devkitPro/libctru/lib\libcitro3d.a(base.o) (C3D_DepthMap)
C:/devkitPro/libctru/lib\libcitro3d.a(attribs.o)
                              main.o (AttrInfo_Init)
C:/devkitPro/libctru/lib\libcitro3d.a(immediate.o)
                              C:/devkitPro/libctru/lib\libcitro3d.a(base.o) (C3D_ImmSendAttrib)
C:/devkitPro/libctru/lib\libcitro3d.a(uniforms.o)
                              C:/devkitPro/libctru/lib\libcitro3d.a(base.o) (C3D_UpdateUniforms)
C:/devkitPro/libctru/lib\libcitro3d.a(mtx_rotatex.o)
                              main.o (Mtx_RotateX)
C:/devkitPro/libctru/lib\libcitro3d.a(mtx_persptilt.o)
                              main.o (Mtx_PerspTilt)
C:/devkitPro/libctru/lib\libcitro3d.a(mtx_translate.o)
                              main.o (Mtx_Translate)
C:/devkitPro/libctru/lib\libcitro3d.a(mtx_rotatey.o)
                              main.o (Mtx_RotateY)
C:/devkitPro/libctru/lib\libctru.a(vram.o)
                              C:/devkitPro/libctru/lib\libcitro3d.a(renderqueue.o) (vramAlloc)
C:/devkitPro/libctru/lib\libctru.a(linear.o)
                              main.o (linearAlloc)
C:/devkitPro/libctru/lib\libctru.a(mem_pool.o)
                              C:/devkitPro/libctru/lib\libctru.a(vram.o) (MemPool::Allocate(MemChunk&, unsigned long, int))
C:/devkitPro/libctru/lib\libctru.a(os.o)
                              C:/devkitPro/libctru/lib\libcitro3d.a(texture.o) (osConvertVirtToPhys)
C:/devkitPro/libctru/lib\libctru.a(gfx.o)
                              main.o (gfxInitDefault)
C:/devkitPro/libctru/lib\libctru.a(shaderProgram.o)
                              main.o (shaderInstanceGetUniformLocation)
C:/devkitPro/libctru/lib\libctru.a(shbin.o)
                              main.o (DVLB_ParseFile)
C:/devkitPro/libctru/lib\libctru.a(gx.o)
                              C:/devkitPro/libctru/lib\libcitro3d.a(renderqueue.o) (GX_BindQueue)
C:/devkitPro/libctru/lib\libctru.a(gxqueue.o)
                              C:/devkitPro/libctru/lib\libcitro3d.a(renderqueue.o) (gxCmdQueueClear)
C:/devkitPro/libctru/lib\libctru.a(gpu.o)
                              C:/devkitPro/libctru/lib\libcitro3d.a(base.o) (gpuCmdBufOffset)
C:/devkitPro/libctru/lib\libctru.a(gspgpu.o)
                              C:/devkitPro/libctru/lib\libctru.a(gfx.o) (gspInit)
C:/devkitPro/libctru/lib\libctru.a(apt.o)
                              C:/devkitPro/libctru/lib\libcitro3d.a(base.o) (aptHook)
C:/devkitPro/libctru/lib\libctru.a(hid.o)
                              main.o (hidScanInput)
C:/devkitPro/libctru/lib\libctru.a(ptmsysm.o)
                              C:/devkitPro/libctru/lib\libctru.a(os.o) (ptmSysmInit)
C:/devkitPro/libctru/lib\libctru.a(decompress.o)
                              C:/devkitPro/libctru/lib\libcitro3d.a(tex3ds.o) (decompressCallback_FD)
C:/devkitPro/libctru/lib\libctru.a(rbtree_init.o)
                              C:/devkitPro/libctru/lib\libctru.a(vram.o) (rbtree_init)
C:/devkitPro/libctru/lib\libctru.a(rbtree_insert.o)
                              C:/devkitPro/libctru/lib\libctru.a(vram.o) (rbtree_insert)
C:/devkitPro/libctru/lib\libctru.a(rbtree_rotate.o)
                              C:/devkitPro/libctru/lib\libctru.a(rbtree_insert.o) (rbtree_rotate)
C:/devkitPro/libctru/lib\libctru.a(rbtree_remove.o)
                              C:/devkitPro/libctru/lib\libctru.a(vram.o) (rbtree_remove)
C:/devkitPro/libctru/lib\libctru.a(rbtree_find.o)
                              C:/devkitPro/libctru/lib\libctru.a(vram.o) (rbtree_find)
C:/devkitPro/libctru/lib\libctru.a(allocateHeaps.o)
                              C:/devkitPro/libctru/lib\libcitro3d.a(renderqueue.o) (__ctru_linear_heap_size)
C:/devkitPro/libctru/lib\libctru.a(ctru_init.o)
                              C:/devkitPro/libctru/lib\libctru.a(apt.o) (__system_retAddr)
[...]
Memory Configuration

Name             Origin             Length             Attributes
*default*        0x0000000000000000 0xffffffffffffffff

Linker script and memory map

                0x0000000000100000                PROVIDE (__start__ = 0x100000)
                0x0000000000100000                . = __start__

.text           0x0000000000100000    0x12740
 *(.crt0)
 .crt0          0x0000000000100000       0x94 c:/devkitpro/devkitarm/bin/../lib/gcc/arm-none-eabi/12.1.0/../../../../arm-none-eabi/lib/armv6k/fpu/3dsx_crt0.o
                0x0000000000100000                _start
                0x0000000000100008                __service_ptr
                0x000000000010000c                __apt_appid
                0x0000000000100010                __heap_size
                0x0000000000100014                __linear_heap_size
                0x0000000000100018                __system_arglist
                0x000000000010001c                __system_runflags
 *(.init)
 .init          0x0000000000100094        0xc c:/devkitpro/devkitarm/bin/../lib/gcc/arm-none-eabi/12.1.0/armv6k/fpu/crti.o
                0x0000000000100094                _init
 .init          0x00000000001000a0        0xc c:/devkitpro/devkitarm/bin/../lib/gcc/arm-none-eabi/12.1.0/armv6k/fpu/crtn.o
                0x00000000001000ac                . = ALIGN (0x4)
 *(.text)
 .text          0x00000000001000ac      0x3c0 c:/devkitpro/devkitarm/bin/../lib/gcc/arm-none-eabi/12.1.0/armv6k/fpu\libgcc.a(_arm_addsubdf3.o)
                0x00000000001000ac                __aeabi_drsub
                0x00000000001000b4                __aeabi_dsub
                0x00000000001000b4                __subdf3
                0x00000000001000b8                __aeabi_dadd
                0x00000000001000b8                __adddf3
                0x0000000000100364                __floatunsidf
                0x0000000000100364                __aeabi_ui2d
                0x0000000000100388                __floatsidf
                0x0000000000100388                __aeabi_i2d
                0x00000000001003b0                __aeabi_f2d
                0x00000000001003b0                __extendsfdf2
                0x00000000001003f8                __floatundidf
                0x00000000001003f8                __aeabi_ul2d
                0x000000000010040c                __floatdidf
                0x000000000010040c                __aeabi_l2d
 .text          0x000000000010046c        0x4 c:/devkitpro/devkitarm/bin/../lib/gcc/arm-none-eabi/12.1.0/armv6k/fpu\libgcc.a(_dvmd_tls.o)
                0x000000000010046c                __aeabi_idiv0
                0x000000000010046c                __aeabi_ldiv0
 *fill*         0x0000000000100470       0x10 
 .text          0x0000000000100480      0x390 c:/devkitpro/devkitarm/bin/../lib/gcc/arm-none-eabi/12.1.0/../../../../arm-none-eabi/lib/armv6k/fpu\libg.a(lib_a-strcmp.o)
                0x0000000000100488                strcmp
 .text          0x0000000000100810      0x20c c:/devkitpro/devkitarm/bin/../lib/gcc/arm-none-eabi/12.1.0/armv6k/fpu\libgcc.a(_udivsi3.o)
                0x0000000000100810                __aeabi_uidiv
                0x0000000000100810                __udivsi3
                0x00000000001009fc                __aeabi_uidivmod
 *(.text.*)
 .text.__do_global_dtors_aux
                0x0000000000100a1c       0x40 c:/devkitpro/devkitarm/bin/../lib/gcc/arm-none-eabi/12.1.0/armv6k/fpu/crtbegin.o
 .text.frame_dummy
                0x0000000000100a5c       0x2c c:/devkitpro/devkitarm/bin/../lib/gcc/arm-none-eabi/12.1.0/armv6k/fpu/crtbegin.o
 .text._Z12initGraphicsv
                0x0000000000100a88      0x158 main.o
                0x0000000000100a88                initGraphics()
 .text._Z14updateUniformsP7C3D_Mtx
                0x0000000000100be0      0x12c main.o
                0x0000000000100be0                updateUniforms(C3D_Mtx*)
 *fill*         0x0000000000100d0c        0x4 
 .text._Z9sceneInitv
                0x0000000000100d10      0x2a4 main.o
                0x0000000000100d10                sceneInit()
 *fill*         0x0000000000100fb4        0x4 
 .text.startup.main
                0x0000000000100fb8      0x278 main.o
                0x0000000000100fb8                main
 .text.C3Di_LightEnvUpdate
                0x0000000000101230        0x4 C:/devkitPro/libctru/lib\libcitro3d.a(base.o)
                0x0000000000101230                C3Di_LightEnvUpdate
 .text.C3Di_LightEnvDirty
                0x0000000000101234        0x4 C:/devkitPro/libctru/lib\libcitro3d.a(base.o)
                0x0000000000101234                C3Di_LightEnvDirty
 .text.C3Di_ProcTexUpdate
                0x0000000000101238        0x4 C:/devkitPro/libctru/lib\libcitro3d.a(base.o)
                0x0000000000101238                C3Di_ProcTexUpdate
 .text.C3Di_ProcTexDirty
                0x000000000010123c        0x4 C:/devkitPro/libctru/lib\libcitro3d.a(base.o)
                0x000000000010123c                C3Di_ProcTexDirty
 .text.C3Di_AptEventHook
                0x0000000000101240       0xb4 C:/devkitPro/libctru/lib\libcitro3d.a(base.o)
 .text.C3Di_GasUpdate
                0x00000000001012f4        0x4 C:/devkitPro/libctru/lib\libcitro3d.a(base.o)
                0x00000000001012f4                C3Di_GasUpdate
 .text.C3D_Init
                0x00000000001012f8      0x1e0 C:/devkitPro/libctru/lib\libcitro3d.a(base.o)
                0x00000000001012f8                C3D_Init
 .text.C3D_SetViewport
                0x00000000001014d8       0x98 C:/devkitPro/libctru/lib\libcitro3d.a(base.o)
                0x00000000001014d8                C3D_SetViewport
 .text.C3Di_UpdateContext
                0x0000000000101570      0x4e8 C:/devkitPro/libctru/lib\libcitro3d.a(base.o)
                0x0000000000101570                C3Di_UpdateContext
 .text.C3Di_SplitFrame
                0x0000000000101a58       0xe0 C:/devkitPro/libctru/lib\libcitro3d.a(base.o)
                0x0000000000101a58                C3Di_SplitFrame
 .text.C3D_Fini
                0x0000000000101b38       0x44 C:/devkitPro/libctru/lib\libcitro3d.a(base.o)
                0x0000000000101b38                C3D_Fini
 .text.C3D_BindProgram
                0x0000000000101b7c      0x114 C:/devkitPro/libctru/lib\libcitro3d.a(base.o)
                0x0000000000101b7c                C3D_BindProgram
 .text.onVBlank0
                0x0000000000101c90       0x4c C:/devkitPro/libctru/lib\libcitro3d.a(renderqueue.o)
 .text.onVBlank1
                0x0000000000101cdc       0x4c C:/devkitPro/libctru/lib\libcitro3d.a(renderqueue.o)
 .text.C3Di_RenderTargetDestroy
                0x0000000000101d28       0x80 C:/devkitPro/libctru/lib\libcitro3d.a(renderqueue.o)
 .text.onQueueFinish
                0x0000000000101da8       0xf4 C:/devkitPro/libctru/lib\libcitro3d.a(renderqueue.o)
 .text.C3Di_RenderQueueEnableVBlank
                0x0000000000101e9c       0x38 C:/devkitPro/libctru/lib\libcitro3d.a(renderqueue.o)
                0x0000000000101e9c                C3Di_RenderQueueEnableVBlank
 .text.C3Di_RenderQueueDisableVBlank
                0x0000000000101ed4       0x30 C:/devkitPro/libctru/lib\libcitro3d.a(renderqueue.o)
                0x0000000000101ed4                C3Di_RenderQueueDisableVBlank
 .text.C3Di_RenderQueueInit
                0x0000000000101f04       0x60 C:/devkitPro/libctru/lib\libcitro3d.a(renderqueue.o)
                0x0000000000101f04                C3Di_RenderQueueInit
 .text.C3Di_RenderQueueExit
                0x0000000000101f64       0xb0 C:/devkitPro/libctru/lib\libcitro3d.a(renderqueue.o)
                0x0000000000101f64                C3Di_RenderQueueExit
 .text.C3Di_RenderQueueWaitDone
                0x0000000000102014       0x34 C:/devkitPro/libctru/lib\libcitro3d.a(renderqueue.o)
                0x0000000000102014                C3Di_RenderQueueWaitDone
 .text.C3D_FrameBegin
                0x0000000000102048       0xe4 C:/devkitPro/libctru/lib\libcitro3d.a(renderqueue.o)
                0x0000000000102048                C3D_FrameBegin
 .text.C3D_FrameDrawOn
                0x000000000010212c       0x48 C:/devkitPro/libctru/lib\libcitro3d.a(renderqueue.o)
                0x000000000010212c                C3D_FrameDrawOn
 .text.C3D_FrameEnd
                0x0000000000102174      0x1d8 C:/devkitPro/libctru/lib\libcitro3d.a(renderqueue.o)
                0x0000000000102174                C3D_FrameEnd
 .text.C3D_RenderTargetCreate
                0x000000000010234c      0x184 C:/devkitPro/libctru/lib\libcitro3d.a(renderqueue.o)
                0x000000000010234c                C3D_RenderTargetCreate
 .text.C3D_RenderTargetSetOutput
                0x00000000001024d0       0xa8 C:/devkitPro/libctru/lib\libcitro3d.a(renderqueue.o)
                0x00000000001024d0                C3D_RenderTargetSetOutput
 .text.C3D_SyncTextureCopy
                0x0000000000102578       0xfc C:/devkitPro/libctru/lib\libcitro3d.a(renderqueue.o)
                0x0000000000102578                C3D_SyncTextureCopy
 .text.C3D_TexInitWithParams
                0x0000000000102674      0x294 C:/devkitPro/libctru/lib\libcitro3d.a(texture.o)
                0x0000000000102674                C3D_TexInitWithParams
 .text.C3D_TexLoadImage
                0x0000000000102908       0xc8 C:/devkitPro/libctru/lib\libcitro3d.a(texture.o)
                0x0000000000102908                C3D_TexLoadImage
 .text.C3D_TexBind
                0x00000000001029d0       0x44 C:/devkitPro/libctru/lib\libcitro3d.a(texture.o)
                0x00000000001029d0                C3D_TexBind
 .text.C3D_TexDelete
                0x0000000000102a14       0x74 C:/devkitPro/libctru/lib\libcitro3d.a(texture.o)
                0x0000000000102a14                C3D_TexDelete
 .text.C3Di_SetTex
                0x0000000000102a88      0x16c C:/devkitPro/libctru/lib\libcitro3d.a(texture.o)
                0x0000000000102a88                C3Di_SetTex
 .text.Tex3DSi_ImportCommon
                0x0000000000102bf4      0x3f4 C:/devkitPro/libctru/lib\libcitro3d.a(tex3ds.o)
 .text.Tex3DS_TextureImport
                0x0000000000102fe8       0x34 C:/devkitPro/libctru/lib\libcitro3d.a(tex3ds.o)
                0x0000000000102fe8                Tex3DS_TextureImport
 .text.Tex3DS_TextureFree
                0x000000000010301c        0x4 C:/devkitPro/libctru/lib\libcitro3d.a(tex3ds.o)
                0x000000000010301c                Tex3DS_TextureFree
 .text.C3D_CalcColorBufSize
                0x0000000000103020       0x1c C:/devkitPro/libctru/lib\libcitro3d.a(framebuffer.o)
                0x0000000000103020                C3D_CalcColorBufSize
 .text.C3D_CalcDepthBufSize
                0x000000000010303c       0x1c C:/devkitPro/libctru/lib\libcitro3d.a(framebuffer.o)
                0x000000000010303c                C3D_CalcDepthBufSize
 .text.C3D_SetFrameBuf
                0x0000000000103058       0x44 C:/devkitPro/libctru/lib\libcitro3d.a(framebuffer.o)
                0x0000000000103058                C3D_SetFrameBuf
 .text.C3Di_FrameBufBind
                0x000000000010309c      0x16c C:/devkitPro/libctru/lib\libcitro3d.a(framebuffer.o)
                0x000000000010309c                C3Di_FrameBufBind
 .text.C3D_FrameBufClear
                0x0000000000103208       0xc8 C:/devkitPro/libctru/lib\libcitro3d.a(framebuffer.o)
                0x0000000000103208                C3D_FrameBufClear
 .text.C3D_FrameBufTransfer
                0x00000000001032d0       0x44 C:/devkitPro/libctru/lib\libcitro3d.a(framebuffer.o)
                0x00000000001032d0                C3D_FrameBufTransfer
 .text.C3D_GetTexEnv
                0x0000000000103314       0x34 C:/devkitPro/libctru/lib\libcitro3d.a(texenv.o)
                0x0000000000103314                C3D_GetTexEnv
 .text.C3Di_TexEnvBind
                0x0000000000103348       0x24 C:/devkitPro/libctru/lib\libcitro3d.a(texenv.o)
                0x0000000000103348                C3Di_TexEnvBind
 .text.BufInfo_Init
                0x000000000010336c       0x24 C:/devkitPro/libctru/lib\libcitro3d.a(buffers.o)
                0x000000000010336c                BufInfo_Init
 .text.BufInfo_Add
                0x0000000000103390       0x80 C:/devkitPro/libctru/lib\libcitro3d.a(buffers.o)
                0x0000000000103390                BufInfo_Add
 .text.C3D_SetBufInfo
                0x0000000000103410       0x40 C:/devkitPro/libctru/lib\libcitro3d.a(buffers.o)
                0x0000000000103410                C3D_SetBufInfo
 .text.C3Di_BufInfoBind
                0x0000000000103450       0x48 C:/devkitPro/libctru/lib\libcitro3d.a(buffers.o)
                0x0000000000103450                C3Di_BufInfoBind
 .text.C3D_DrawArrays
                0x0000000000103498      0x148 C:/devkitPro/libctru/lib\libcitro3d.a(drawArrays.o)
                0x0000000000103498                C3D_DrawArrays
 .text.C3D_DepthMap
                0x00000000001035e0       0x40 C:/devkitPro/libctru/lib\libcitro3d.a(effect.o)
                0x00000000001035e0                C3D_DepthMap
 .text.C3D_CullFace
                0x0000000000103620       0x1c C:/devkitPro/libctru/lib\libcitro3d.a(effect.o)
                0x0000000000103620                C3D_CullFace
 .text.C3D_StencilTest
                0x000000000010363c       0x40 C:/devkitPro/libctru/lib\libcitro3d.a(effect.o)
                0x000000000010363c                C3D_StencilTest
 .text.C3D_StencilOp
                0x000000000010367c       0x24 C:/devkitPro/libctru/lib\libcitro3d.a(effect.o)
                0x000000000010367c                C3D_StencilOp
 .text.C3D_BlendingColor
                0x00000000001036a0       0x1c C:/devkitPro/libctru/lib\libcitro3d.a(effect.o)
                0x00000000001036a0                C3D_BlendingColor
 .text.C3D_EarlyDepthTest
                0x00000000001036bc       0x24 C:/devkitPro/libctru/lib\libcitro3d.a(effect.o)
                0x00000000001036bc                C3D_EarlyDepthTest
 .text.C3D_DepthTest
                0x00000000001036e0       0x2c C:/devkitPro/libctru/lib\libcitro3d.a(effect.o)
                0x00000000001036e0                C3D_DepthTest
 .text.C3D_AlphaTest
                0x000000000010370c       0x2c C:/devkitPro/libctru/lib\libcitro3d.a(effect.o)
                0x000000000010370c                C3D_AlphaTest
 .text.C3D_AlphaBlend
                0x0000000000103738       0x50 C:/devkitPro/libctru/lib\libcitro3d.a(effect.o)
                0x0000000000103738                C3D_AlphaBlend
 .text.C3D_FragOpMode
                0x0000000000103788       0x30 C:/devkitPro/libctru/lib\libcitro3d.a(effect.o)
                0x0000000000103788                C3D_FragOpMode
 .text.C3D_FragOpShadow
                0x00000000001037b8       0x44 C:/devkitPro/libctru/lib\libcitro3d.a(effect.o)
                0x00000000001037b8                C3D_FragOpShadow
 .text.C3Di_EffectBind
                0x00000000001037fc      0x1ac C:/devkitPro/libctru/lib\libcitro3d.a(effect.o)
                0x00000000001037fc                C3Di_EffectBind
 .text.AttrInfo_Init
                0x00000000001039a8       0x28 C:/devkitPro/libctru/lib\libcitro3d.a(attribs.o)
                0x00000000001039a8                AttrInfo_Init
 .text.AttrInfo_AddLoader
                0x00000000001039d0       0x94 C:/devkitPro/libctru/lib\libcitro3d.a(attribs.o)
                0x00000000001039d0                AttrInfo_AddLoader
 .text.C3D_GetAttrInfo
                0x0000000000103a64       0x20 C:/devkitPro/libctru/lib\libcitro3d.a(attribs.o)
                0x0000000000103a64                C3D_GetAttrInfo
 .text.C3Di_AttrInfoBind
                0x0000000000103a84       0x80 C:/devkitPro/libctru/lib\libcitro3d.a(attribs.o)
                0x0000000000103a84                C3Di_AttrInfoBind
 .text.C3D_ImmSendAttrib
                0x0000000000103b04       0xa8 C:/devkitPro/libctru/lib\libcitro3d.a(immediate.o)
                0x0000000000103b04                C3D_ImmSendAttrib
 .text.C3D_UpdateUniforms
                0x0000000000103bac      0x280 C:/devkitPro/libctru/lib\libcitro3d.a(uniforms.o)
                0x0000000000103bac                C3D_UpdateUniforms
 .text.C3Di_DirtyUniforms
                0x0000000000103e2c       0xc0 C:/devkitPro/libctru/lib\libcitro3d.a(uniforms.o)
                0x0000000000103e2c                C3Di_DirtyUniforms
 .text.C3Di_LoadShaderUniforms
                0x0000000000103eec       0xd8 C:/devkitPro/libctru/lib\libcitro3d.a(uniforms.o)
                0x0000000000103eec                C3Di_LoadShaderUniforms
 .text.C3Di_ClearShaderUniforms
                0x0000000000103fc4       0x28 C:/devkitPro/libctru/lib\libcitro3d.a(uniforms.o)
                0x0000000000103fc4                C3Di_ClearShaderUniforms
 .text.Mtx_RotateX
                0x0000000000103fec       0xa4 C:/devkitPro/libctru/lib\libcitro3d.a(mtx_rotatex.o)
                0x0000000000103fec                Mtx_RotateX
 .text.Mtx_PerspTilt
                0x0000000000104090       0x94 C:/devkitPro/libctru/lib\libcitro3d.a(mtx_persptilt.o)
                0x0000000000104090                Mtx_PerspTilt
 .text.Mtx_Translate
                0x0000000000104124       0xa0 C:/devkitPro/libctru/lib\libcitro3d.a(mtx_translate.o)
                0x0000000000104124                Mtx_Translate
 .text.Mtx_RotateY
                0x00000000001041c4       0xa0 C:/devkitPro/libctru/lib\libcitro3d.a(mtx_rotatey.o)
                0x00000000001041c4                Mtx_RotateY
 .text._ZL21addrMapNodeComparatorPK11rbtree_nodeS1_
                0x0000000000104264       0x24 C:/devkitPro/libctru/lib\libctru.a(vram.o)
 .text._ZL21addrMapNodeDestructorP11rbtree_node
                0x0000000000104288        0x4 C:/devkitPro/libctru/lib\libctru.a(vram.o)
 .text.vramMemAlignAt
                0x000000000010428c      0x250 C:/devkitPro/libctru/lib\libctru.a(vram.o)
                0x000000000010428c                vramMemAlignAt
 .text.vramAlloc
                0x00000000001044dc        0xc C:/devkitPro/libctru/lib\libctru.a(vram.o)
                0x00000000001044dc                vramAlloc
 .text.vramAllocAt
                0x00000000001044e8        0xc C:/devkitPro/libctru/lib\libctru.a(vram.o)
                0x00000000001044e8                vramAllocAt
 .text.vramFree
                0x00000000001044f4       0x90 C:/devkitPro/libctru/lib\libctru.a(vram.o)
                0x00000000001044f4                vramFree
 .text._ZL21addrMapNodeComparatorPK11rbtree_nodeS1_
                0x0000000000104584       0x24 C:/devkitPro/libctru/lib\libctru.a(linear.o)
 .text._ZL21addrMapNodeDestructorP11rbtree_node
                0x00000000001045a8        0x4 C:/devkitPro/libctru/lib\libctru.a(linear.o)
 .text.linearMemAlign
                0x00000000001045ac      0x120 C:/devkitPro/libctru/lib\libctru.a(linear.o)
                0x00000000001045ac                linearMemAlign
 .text.linearAlloc
                0x00000000001046cc        0x8 C:/devkitPro/libctru/lib\libctru.a(linear.o)
                0x00000000001046cc                linearAlloc
 .text.linearFree
                0x00000000001046d4       0x5c C:/devkitPro/libctru/lib\libctru.a(linear.o)
                0x00000000001046d4                linearFree
 .text._ZN7MemPool13CoalesceRightEP8MemBlock
                0x0000000000104730       0x80 C:/devkitPro/libctru/lib\libctru.a(mem_pool.o)
                0x0000000000104730                MemPool::CoalesceRight(MemBlock*)
 .text._ZN7MemPool8AllocateER8MemChunkmi
                0x00000000001047b0      0x16c C:/devkitPro/libctru/lib\libctru.a(mem_pool.o)
                0x00000000001047b0                MemPool::Allocate(MemChunk&, unsigned long, int)
 .text._ZN7MemPool10DeallocateERK8MemChunk
                0x000000000010491c       0xfc C:/devkitPro/libctru/lib\libctru.a(mem_pool.o)
                0x000000000010491c                MemPool::Deallocate(MemChunk const&)
 .text._ZN7MemPool12GetFreeSpaceEv
                0x0000000000104a18       0x30 C:/devkitPro/libctru/lib\libctru.a(mem_pool.o)
                0x0000000000104a18                MemPool::GetFreeSpace()
 .text.osConvertVirtToPhys
                0x0000000000104a48       0x74 C:/devkitPro/libctru/lib\libctru.a(os.o)
                0x0000000000104a48                osConvertVirtToPhys
 .text.__ctru_speedup_config
                0x0000000000104abc       0x34 C:/devkitPro/libctru/lib\libctru.a(os.o)
                0x0000000000104abc                __ctru_speedup_config
 .text.gfxPresentFramebuffer
                0x0000000000104af0       0xd0 C:/devkitPro/libctru/lib\libctru.a(gfx.o)
 .text.gfxSetScreenFormat
                0x0000000000104bc0       0xec C:/devkitPro/libctru/lib\libctru.a(gfx.o)
                0x0000000000104bc0                gfxSetScreenFormat
 .text.gfxInit  0x0000000000104cac       0xe0 C:/devkitPro/libctru/lib\libctru.a(gfx.o)
                0x0000000000104cac                gfxInit
 .text.gfxInitDefault
                0x0000000000104d8c       0x10 C:/devkitPro/libctru/lib\libctru.a(gfx.o)
                0x0000000000104d8c                gfxInitDefault
 .text.gfxExit  0x0000000000104d9c       0xb4 C:/devkitPro/libctru/lib\libctru.a(gfx.o)
                0x0000000000104d9c                gfxExit
 .text.gfxGetFramebuffer
                0x0000000000104e50       0xa0 C:/devkitPro/libctru/lib\libctru.a(gfx.o)
                0x0000000000104e50                gfxGetFramebuffer
 .text.gfxScreenSwapBuffers
                0x0000000000104ef0       0x30 C:/devkitPro/libctru/lib\libctru.a(gfx.o)
                0x0000000000104ef0                gfxScreenSwapBuffers
 .text.shaderInstanceInit
                0x0000000000104f20      0x1d4 C:/devkitPro/libctru/lib\libctru.a(shaderProgram.o)
                0x0000000000104f20                shaderInstanceInit
 .text.shaderInstanceGetUniformLocation
                0x00000000001050f4       0x18 C:/devkitPro/libctru/lib\libctru.a(shaderProgram.o)
                0x00000000001050f4                shaderInstanceGetUniformLocation
 .text.shaderProgramInit
                0x000000000010510c       0x1c C:/devkitPro/libctru/lib\libctru.a(shaderProgram.o)
                0x000000000010510c                shaderProgramInit
 .text.shaderProgramFree
                0x0000000000105128       0x64 C:/devkitPro/libctru/lib\libctru.a(shaderProgram.o)
                0x0000000000105128                shaderProgramFree
 .text.shaderProgramSetVsh
                0x000000000010518c       0x80 C:/devkitPro/libctru/lib\libctru.a(shaderProgram.o)
                0x000000000010518c                shaderProgramSetVsh
 .text.shaderProgramConfigure
                0x000000000010520c      0x8e0 C:/devkitPro/libctru/lib\libctru.a(shaderProgram.o)
                0x000000000010520c                shaderProgramConfigure
 .text.DVLE_GenerateOutmap.part.0
                0x0000000000105aec      0x1cc C:/devkitPro/libctru/lib\libctru.a(shbin.o)
 .text.DVLB_ParseFile
                0x0000000000105cb8      0x1b4 C:/devkitPro/libctru/lib\libctru.a(shbin.o)
                0x0000000000105cb8                DVLB_ParseFile
 .text.DVLB_Free
                0x0000000000105e6c       0x38 C:/devkitPro/libctru/lib\libctru.a(shbin.o)
                0x0000000000105e6c                DVLB_Free
 .text.DVLE_GetUniformRegister
                0x0000000000105ea4       0x74 C:/devkitPro/libctru/lib\libctru.a(shbin.o)
                0x0000000000105ea4                DVLE_GetUniformRegister
 .text.GX_BindQueue
                0x0000000000105f18       0x10 C:/devkitPro/libctru/lib\libctru.a(gx.o)
                0x0000000000105f18                GX_BindQueue
 .text.GX_ProcessCommandList
                0x0000000000105f28       0x78 C:/devkitPro/libctru/lib\libctru.a(gx.o)
                0x0000000000105f28                GX_ProcessCommandList
 .text.GX_MemoryFill
                0x0000000000105fa0       0x74 C:/devkitPro/libctru/lib\libctru.a(gx.o)
                0x0000000000105fa0                GX_MemoryFill
 .text.GX_DisplayTransfer
                0x0000000000106014       0x70 C:/devkitPro/libctru/lib\libctru.a(gx.o)
                0x0000000000106014                GX_DisplayTransfer
 .text.GX_TextureCopy
                0x0000000000106084       0x74 C:/devkitPro/libctru/lib\libctru.a(gx.o)
                0x0000000000106084                GX_TextureCopy
 .text.gxCmdQueueDoCommands.part.0
                0x00000000001060f8       0x68 C:/devkitPro/libctru/lib\libctru.a(gxqueue.o)
 .text.gxCmdQueueInterrupt
                0x0000000000106160       0xc8 C:/devkitPro/libctru/lib\libctru.a(gxqueue.o)
                0x0000000000106160                gxCmdQueueInterrupt
 .text.gxCmdQueueClear
                0x0000000000106228       0x4c C:/devkitPro/libctru/lib\libctru.a(gxqueue.o)
                0x0000000000106228                gxCmdQueueClear
 .text.gxCmdQueueAdd
                0x0000000000106274       0xf8 C:/devkitPro/libctru/lib\libctru.a(gxqueue.o)
                0x0000000000106274                gxCmdQueueAdd
 .text.gxCmdQueueRun
                0x000000000010636c       0x80 C:/devkitPro/libctru/lib\libctru.a(gxqueue.o)
                0x000000000010636c                gxCmdQueueRun
 .text.gxCmdQueueStop
                0x00000000001063ec       0x60 C:/devkitPro/libctru/lib\libctru.a(gxqueue.o)
                0x00000000001063ec                gxCmdQueueStop
 .text.gxCmdQueueWait
                0x000000000010644c       0x74 C:/devkitPro/libctru/lib\libctru.a(gxqueue.o)
                0x000000000010644c                gxCmdQueueWait
 .text.GPUCMD_Add
                0x00000000001064c0      0x13c C:/devkitPro/libctru/lib\libctru.a(gpu.o)
                0x00000000001064c0                GPUCMD_Add
 .text.GPUCMD_Split
                0x00000000001065fc       0xb0 C:/devkitPro/libctru/lib\libctru.a(gpu.o)
                0x00000000001065fc                GPUCMD_Split
 .text.f32tof16
                0x00000000001066ac       0x34 C:/devkitPro/libctru/lib\libctru.a(gpu.o)
                0x00000000001066ac                f32tof16
 .text.f32tof24
                0x00000000001066e0       0x34 C:/devkitPro/libctru/lib\libctru.a(gpu.o)
                0x00000000001066e0                f32tof24
 .text.f32tof31
                0x0000000000106714       0x38 C:/devkitPro/libctru/lib\libctru.a(gpu.o)
                0x0000000000106714                f32tof31
 .text.gspHardwareInit
                0x000000000010674c      0xc58 C:/devkitPro/libctru/lib\libctru.a(gspgpu.o)
 .text.gspInit  0x00000000001073a4      0x248 C:/devkitPro/libctru/lib\libctru.a(gspgpu.o)
                0x00000000001073a4                gspInit
 .text.gspExit  0x00000000001075ec       0xf0 C:/devkitPro/libctru/lib\libctru.a(gspgpu.o)
                0x00000000001075ec                gspExit
 .text.gspHasGpuRight
                0x00000000001076dc       0x10 C:/devkitPro/libctru/lib\libctru.a(gspgpu.o)
                0x00000000001076dc                gspHasGpuRight
 .text.gspPresentBuffer
                0x00000000001076ec       0xa0 C:/devkitPro/libctru/lib\libctru.a(gspgpu.o)
                0x00000000001076ec                gspPresentBuffer
 .text.gspSetEventCallback
                0x000000000010778c       0x30 C:/devkitPro/libctru/lib\libctru.a(gspgpu.o)
                0x000000000010778c                gspSetEventCallback
 .text.gspWaitForEvent
                0x00000000001077bc       0x44 C:/devkitPro/libctru/lib\libctru.a(gspgpu.o)
                0x00000000001077bc                gspWaitForEvent
 .text.gspWaitForAnyEvent
                0x0000000000107800       0x4c C:/devkitPro/libctru/lib\libctru.a(gspgpu.o)
                0x0000000000107800                gspWaitForAnyEvent
 .text.gspEventThreadMain
                0x000000000010784c      0x158 C:/devkitPro/libctru/lib\libctru.a(gspgpu.o)
 .text.gspSubmitGxCommand
                0x00000000001079a4      0x130 C:/devkitPro/libctru/lib\libctru.a(gspgpu.o)
                0x00000000001079a4                gspSubmitGxCommand
 .text.GSPGPU_FlushDataCache
                0x0000000000107ad4       0x50 C:/devkitPro/libctru/lib\libctru.a(gspgpu.o)
                0x0000000000107ad4                GSPGPU_FlushDataCache
 .text.GSPGPU_SetLcdForceBlack
                0x0000000000107b24       0x34 C:/devkitPro/libctru/lib\libctru.a(gspgpu.o)
                0x0000000000107b24                GSPGPU_SetLcdForceBlack
 .text.GSPGPU_AcquireRight
                0x0000000000107b58       0x68 C:/devkitPro/libctru/lib\libctru.a(gspgpu.o)
                0x0000000000107b58                GSPGPU_AcquireRight
 .text.GSPGPU_ReleaseRight
                0x0000000000107bc0       0x48 C:/devkitPro/libctru/lib\libctru.a(gspgpu.o)
                0x0000000000107bc0                GSPGPU_ReleaseRight
 .text.GSPGPU_ImportDisplayCaptureInfo
                0x0000000000107c08       0x7c C:/devkitPro/libctru/lib\libctru.a(gspgpu.o)
                0x0000000000107c08                GSPGPU_ImportDisplayCaptureInfo
 .text.GSPGPU_SaveVramSysArea
                0x0000000000107c84       0x2c C:/devkitPro/libctru/lib\libctru.a(gspgpu.o)
                0x0000000000107c84                GSPGPU_SaveVramSysArea
 .text.GSPGPU_RestoreVramSysArea
                0x0000000000107cb0       0x2c C:/devkitPro/libctru/lib\libctru.a(gspgpu.o)
                0x0000000000107cb0                GSPGPU_RestoreVramSysArea
 .text.aptConvertScreenForCapture
                0x0000000000107cdc      0x1a4 C:/devkitPro/libctru/lib\libctru.a(apt.o)
 .text.aptDspSleep
                0x0000000000107e80        0x8 C:/devkitPro/libctru/lib\libctru.a(apt.o)
                0x0000000000107e80                aptDspSleep
 .text.aptDspWakeup
                0x0000000000107e88        0x4 C:/devkitPro/libctru/lib\libctru.a(apt.o)
                0x0000000000107e88                aptDspWakeup
 .text.aptDspCancel
                0x0000000000107e8c        0x4 C:/devkitPro/libctru/lib\libctru.a(apt.o)
                0x0000000000107e8c                aptDspCancel
 .text.aptSendCommand
                0x0000000000107e90      0x158 C:/devkitPro/libctru/lib\libctru.a(apt.o)
                0x0000000000107e90                aptSendCommand
 .text.aptExitProcess
                0x0000000000107fe8       0x44 C:/devkitPro/libctru/lib\libctru.a(apt.o)
 .text.aptExit  0x000000000010802c      0x2f4 C:/devkitPro/libctru/lib\libctru.a(apt.o)
                0x000000000010802c                aptExit
 .text.aptHandleSleep
                0x0000000000108320       0xe0 C:/devkitPro/libctru/lib\libctru.a(apt.o)
                0x0000000000108320                aptHandleSleep
 .text.aptHook  0x0000000000108400       0x30 C:/devkitPro/libctru/lib\libctru.a(apt.o)
                0x0000000000108400                aptHook
 .text.aptUnhook
                0x0000000000108430       0x30 C:/devkitPro/libctru/lib\libctru.a(apt.o)
                0x0000000000108430                aptUnhook
 .text.APT_SleepIfShellClosed
                0x0000000000108460       0x84 C:/devkitPro/libctru/lib\libctru.a(apt.o)
                0x0000000000108460                APT_SleepIfShellClosed
 .text.aptSetSleepAllowed
                0x00000000001084e4       0x84 C:/devkitPro/libctru/lib\libctru.a(apt.o)
                0x00000000001084e4                aptSetSleepAllowed
 .text.APT_UnlockTransition
                0x0000000000108568       0x84 C:/devkitPro/libctru/lib\libctru.a(apt.o)
                0x0000000000108568                APT_UnlockTransition
 *fill*         0x00000000001085ec        0x4 
 .text.aptEventHandler
                0x00000000001085f0      0x4a4 C:/devkitPro/libctru/lib\libctru.a(apt.o)
 .text.APT_ReceiveParameter
                0x0000000000108a94       0xb0 C:/devkitPro/libctru/lib\libctru.a(apt.o)
                0x0000000000108a94                APT_ReceiveParameter
 .text.aptReceiveParameter.constprop.0
                0x0000000000108b44       0xb0 C:/devkitPro/libctru/lib\libctru.a(apt.o)
 *fill*         0x0000000000108bf4        0x4 
 .text.aptScreenTransfer
                0x0000000000108bf8      0x2ac C:/devkitPro/libctru/lib\libctru.a(apt.o)
 .text.aptWaitForWakeUp.isra.0
                0x0000000000108ea4      0x344 C:/devkitPro/libctru/lib\libctru.a(apt.o)
 .text.aptJumpToHomeMenu
                0x00000000001091e8      0x100 C:/devkitPro/libctru/lib\libctru.a(apt.o)
                0x00000000001091e8                aptJumpToHomeMenu
 .text.aptMainLoop
                0x00000000001092e8       0x48 C:/devkitPro/libctru/lib\libctru.a(apt.o)
                0x00000000001092e8                aptMainLoop
 .text.aptInit  0x0000000000109330      0x22c C:/devkitPro/libctru/lib\libctru.a(apt.o)
                0x0000000000109330                aptInit
 .text.APT_CheckNew3DS
                0x000000000010955c       0x7c C:/devkitPro/libctru/lib\libctru.a(apt.o)
                0x000000000010955c                APT_CheckNew3DS
 .text.hidShouldUseIrrst
                0x00000000001095d8       0x24 C:/devkitPro/libctru/lib\libctru.a(hid.o)
                0x00000000001095d8                hidShouldUseIrrst
 .text.hidInit  0x00000000001095fc      0x18c C:/devkitPro/libctru/lib\libctru.a(hid.o)
                0x00000000001095fc                hidInit
 .text.hidExit  0x0000000000109788       0xe8 C:/devkitPro/libctru/lib\libctru.a(hid.o)
                0x0000000000109788                hidExit
 .text.hidScanInput
                0x0000000000109870      0x2a4 C:/devkitPro/libctru/lib\libctru.a(hid.o)
                0x0000000000109870                hidScanInput
 .text.hidKeysDown
                0x0000000000109b14       0x10 C:/devkitPro/libctru/lib\libctru.a(hid.o)
                0x0000000000109b14                hidKeysDown
 .text.ptmSysmInit
                0x0000000000109b24       0x74 C:/devkitPro/libctru/lib\libctru.a(ptmsysm.o)
                0x0000000000109b24                ptmSysmInit
 .text.ptmSysmExit
                0x0000000000109b98       0x3c C:/devkitPro/libctru/lib\libctru.a(ptmsysm.o)
                0x0000000000109b98                ptmSysmExit
 .text.PTMSYSM_ConfigureNew3DSCPU
                0x0000000000109bd4       0x34 C:/devkitPro/libctru/lib\libctru.a(ptmsysm.o)
                0x0000000000109bd4                PTMSYSM_ConfigureNew3DSCPU
 .text.buffer_read
                0x0000000000109c08       0xc4 C:/devkitPro/libctru/lib\libctru.a(decompress.o)
 .text.iov_read
                0x0000000000109ccc       0xd0 C:/devkitPro/libctru/lib\libctru.a(decompress.o)
 .text.iov_memmove
                0x0000000000109d9c      0x138 C:/devkitPro/libctru/lib\libctru.a(decompress.o)
 .text.decompress_rle
                0x0000000000109ed4      0x1dc C:/devkitPro/libctru/lib\libctru.a(decompress.o)
 .text.decompress_lzss
                0x000000000010a0b0      0x244 C:/devkitPro/libctru/lib\libctru.a(decompress.o)
 .text.decompress_lz11
                0x000000000010a2f4      0x424 C:/devkitPro/libctru/lib\libctru.a(decompress.o)
 .text.decompress_huff
                0x000000000010a718      0x2d8 C:/devkitPro/libctru/lib\libctru.a(decompress.o)
 .text.decompressHeader
                0x000000000010a9f0       0xdc C:/devkitPro/libctru/lib\libctru.a(decompress.o)
                0x000000000010a9f0                decompressHeader
 .text.decompressV
                0x000000000010aacc      0x240 C:/devkitPro/libctru/lib\libctru.a(decompress.o)
                0x000000000010aacc                decompressV
 .text.rbtree_init
                0x000000000010ad0c       0x10 C:/devkitPro/libctru/lib\libctru.a(rbtree_init.o)
                0x000000000010ad0c                rbtree_init
 .text.do_insert
                0x000000000010ad1c      0x1b4 C:/devkitPro/libctru/lib\libctru.a(rbtree_insert.o)
 .text.rbtree_insert
                0x000000000010aed0        0x8 C:/devkitPro/libctru/lib\libctru.a(rbtree_insert.o)
                0x000000000010aed0                rbtree_insert
 .text.rbtree_rotate
                0x000000000010aed8       0x90 C:/devkitPro/libctru/lib\libctru.a(rbtree_rotate.o)
                0x000000000010aed8                rbtree_rotate
 .text.rbtree_remove
                0x000000000010af68      0x318 C:/devkitPro/libctru/lib\libctru.a(rbtree_remove.o)
                0x000000000010af68                rbtree_remove
 .text.rbtree_find
                0x000000000010b280       0x74 C:/devkitPro/libctru/lib\libctru.a(rbtree_find.o)
                0x000000000010b280                rbtree_find
 *fill*         0x000000000010b2f4        0x4 
 .text.__system_allocateHeaps
                0x000000000010b2f8      0x1e0 C:/devkitPro/libctru/lib\libctru.a(allocateHeaps.o)
                0x000000000010b2f8                __system_allocateHeaps
 .text.__libctru_init
                0x000000000010b4d8       0x38 C:/devkitPro/libctru/lib\libctru.a(ctru_init.o)
                0x000000000010b4d8                __libctru_init
 .text.__system_initArgv
                0x000000000010b510      0x170 C:/devkitPro/libctru/lib\libctru.a(initArgv.o)
                0x000000000010b510                __system_initArgv
 .text.svcControlMemory
                0x000000000010b680       0x20 C:/devkitPro/libctru/lib\libctru.a(svc.o)
                0x000000000010b680                svcControlMemory
 .text.svcQueryMemory
                0x000000000010b6a0       0x30 C:/devkitPro/libctru/lib\libctru.a(svc.o)
                0x000000000010b6a0                svcQueryMemory
 .text.svcExitProcess
                0x000000000010b6d0        0x8 C:/devkitPro/libctru/lib\libctru.a(svc.o)
                0x000000000010b6d0                svcExitProcess
 .text.svcCreateThread
                0x000000000010b6d8       0x20 C:/devkitPro/libctru/lib\libctru.a(svc.o)
                0x000000000010b6d8                svcCreateThread
 .text.svcExitThread
                0x000000000010b6f8        0x8 C:/devkitPro/libctru/lib\libctru.a(svc.o)
                0x000000000010b6f8                svcExitThread
 .text.svcSleepThread
                0x000000000010b700        0x8 C:/devkitPro/libctru/lib\libctru.a(svc.o)
                0x000000000010b700                svcSleepThread
 .text.svcReleaseMutex
                0x000000000010b708        0x8 C:/devkitPro/libctru/lib\libctru.a(svc.o)
                0x000000000010b708                svcReleaseMutex
 .text.svcCreateEvent
                0x000000000010b710       0x14 C:/devkitPro/libctru/lib\libctru.a(svc.o)
                0x000000000010b710                svcCreateEvent
 .text.svcSignalEvent
                0x000000000010b724        0x8 C:/devkitPro/libctru/lib\libctru.a(svc.o)
                0x000000000010b724                svcSignalEvent
 .text.svcClearEvent
                0x000000000010b72c        0x8 C:/devkitPro/libctru/lib\libctru.a(svc.o)
                0x000000000010b72c                svcClearEvent
 .text.svcMapMemoryBlock
                0x000000000010b734        0x8 C:/devkitPro/libctru/lib\libctru.a(svc.o)
                0x000000000010b734                svcMapMemoryBlock
 .text.svcUnmapMemoryBlock
                0x000000000010b73c        0x8 C:/devkitPro/libctru/lib\libctru.a(svc.o)
                0x000000000010b73c                svcUnmapMemoryBlock
 .text.svcCreateAddressArbiter
                0x000000000010b744       0x14 C:/devkitPro/libctru/lib\libctru.a(svc.o)
                0x000000000010b744                svcCreateAddressArbiter
 .text.svcArbitrateAddressNoTimeout
                0x000000000010b758        0x8 C:/devkitPro/libctru/lib\libctru.a(svc.o)
                0x000000000010b758                svcArbitrateAddressNoTimeout
 .text.svcCloseHandle
                0x000000000010b760        0x8 C:/devkitPro/libctru/lib\libctru.a(svc.o)
                0x000000000010b760                svcCloseHandle
 .text.svcWaitSynchronization
                0x000000000010b768        0x8 C:/devkitPro/libctru/lib\libctru.a(svc.o)
                0x000000000010b768                svcWaitSynchronization
 .text.svcWaitSynchronizationN
                0x000000000010b770       0x28 C:/devkitPro/libctru/lib\libctru.a(svc.o)
                0x000000000010b770                svcWaitSynchronizationN
 .text.svcDuplicateHandle
                0x000000000010b798       0x14 C:/devkitPro/libctru/lib\libctru.a(svc.o)
                0x000000000010b798                svcDuplicateHandle
 .text.svcGetSystemTick
                0x000000000010b7ac        0x8 C:/devkitPro/libctru/lib\libctru.a(svc.o)
                0x000000000010b7ac                svcGetSystemTick
 .text.svcConnectToPort
                0x000000000010b7b4       0x14 C:/devkitPro/libctru/lib\libctru.a(svc.o)
                0x000000000010b7b4                svcConnectToPort
 .text.svcSendSyncRequest
                0x000000000010b7c8        0x8 C:/devkitPro/libctru/lib\libctru.a(svc.o)
                0x000000000010b7c8                svcSendSyncRequest
 .text.svcGetResourceLimit
                0x000000000010b7d0       0x14 C:/devkitPro/libctru/lib\libctru.a(svc.o)
                0x000000000010b7d0                svcGetResourceLimit
 .text.svcGetResourceLimitLimitValues
                0x000000000010b7e4        0x8 C:/devkitPro/libctru/lib\libctru.a(svc.o)
                0x000000000010b7e4                svcGetResourceLimitLimitValues
 .text.svcGetResourceLimitCurrentValues
                0x000000000010b7ec        0x8 C:/devkitPro/libctru/lib\libctru.a(svc.o)
                0x000000000010b7ec                svcGetResourceLimitCurrentValues
 .text.svcBreak
                0x000000000010b7f4        0x8 C:/devkitPro/libctru/lib\libctru.a(svc.o)
                0x000000000010b7f4                svcBreak
 .text.initSystem
                0x000000000010b7fc       0x50 C:/devkitPro/libctru/lib\libctru.a(stack_adjust.o)
                0x000000000010b7fc                initSystem
 .text.__ctru_exit
                0x000000000010b84c       0x18 C:/devkitPro/libctru/lib\libctru.a(stack_adjust.o)
                0x000000000010b84c                __ctru_exit
 .text.__sync_init
                0x000000000010b864        0xc C:/devkitPro/libctru/lib\libctru.a(synchronization.o)
                0x000000000010b864                __sync_init
 .text.__sync_fini
                0x000000000010b870       0x18 C:/devkitPro/libctru/lib\libctru.a(synchronization.o)
                0x000000000010b870                __sync_fini
 .text.syncArbitrateAddress
                0x000000000010b888       0x2c C:/devkitPro/libctru/lib\libctru.a(synchronization.o)
                0x000000000010b888                syncArbitrateAddress
 .text.LightLock_Lock
                0x000000000010b8b4       0xb0 C:/devkitPro/libctru/lib\libctru.a(synchronization.o)
                0x000000000010b8b4                LightLock_Lock
 .text.LightLock_Unlock
                0x000000000010b964       0x40 C:/devkitPro/libctru/lib\libctru.a(synchronization.o)
                0x000000000010b964                LightLock_Unlock
 .text.RecursiveLock_Lock
                0x000000000010b9a4       0x30 C:/devkitPro/libctru/lib\libctru.a(synchronization.o)
                0x000000000010b9a4                RecursiveLock_Lock
 .text.RecursiveLock_Unlock
                0x000000000010b9d4       0x54 C:/devkitPro/libctru/lib\libctru.a(synchronization.o)
                0x000000000010b9d4                RecursiveLock_Unlock
 .text.LightEvent_Init
                0x000000000010ba28       0x40 C:/devkitPro/libctru/lib\libctru.a(synchronization.o)
                0x000000000010ba28                LightEvent_Init
 .text.LightEvent_Clear
                0x000000000010ba68       0xa4 C:/devkitPro/libctru/lib\libctru.a(synchronization.o)
                0x000000000010ba68                LightEvent_Clear
 .text.LightEvent_Signal
                0x000000000010bb0c       0xc8 C:/devkitPro/libctru/lib\libctru.a(synchronization.o)
                0x000000000010bb0c                LightEvent_Signal
 .text.LightEvent_TryWait
                0x000000000010bbd4       0x50 C:/devkitPro/libctru/lib\libctru.a(synchronization.o)
                0x000000000010bbd4                LightEvent_TryWait
 .text.LightEvent_Wait
                0x000000000010bc24       0xb0 C:/devkitPro/libctru/lib\libctru.a(synchronization.o)
                0x000000000010bc24                LightEvent_Wait
 .text.srvInit  0x000000000010bcd4      0x130 C:/devkitPro/libctru/lib\libctru.a(srv.o)
                0x000000000010bcd4                srvInit
 .text.srvExit  0x000000000010be04       0x58 C:/devkitPro/libctru/lib\libctru.a(srv.o)
                0x000000000010be04                srvExit
 .text.srvGetServiceHandleDirect
                0x000000000010be5c       0xa0 C:/devkitPro/libctru/lib\libctru.a(srv.o)
                0x000000000010be5c                srvGetServiceHandleDirect
 .text.srvGetServiceHandle
                0x000000000010befc       0x38 C:/devkitPro/libctru/lib\libctru.a(srv.o)
                0x000000000010befc                srvGetServiceHandle
 .text.srvPublishToSubscriber
                0x000000000010bf34       0x38 C:/devkitPro/libctru/lib\libctru.a(srv.o)
                0x000000000010bf34                srvPublishToSubscriber
 .text.threadCreate
                0x000000000010bf6c      0x178 C:/devkitPro/libctru/lib\libctru.a(thread.o)
                0x000000000010bf6c                threadCreate
 .text.threadFree
                0x000000000010c0e4       0x2c C:/devkitPro/libctru/lib\libctru.a(thread.o)
                0x000000000010c0e4                threadFree
 .text.threadJoin
                0x000000000010c110       0x24 C:/devkitPro/libctru/lib\libctru.a(thread.o)
                0x000000000010c110                threadJoin
 .text.threadGetCurrent
                0x000000000010c134       0x30 C:/devkitPro/libctru/lib\libctru.a(thread.o)
                0x000000000010c134                threadGetCurrent
 .text.threadExit
                0x000000000010c164       0x40 C:/devkitPro/libctru/lib\libctru.a(thread.o)
                0x000000000010c164                threadExit
 .text._thread_begin
                0x000000000010c1a4       0x20 C:/devkitPro/libctru/lib\libctru.a(thread.o)
 .text.mappableFindAddressWithin
                0x000000000010c1c4       0xb4 C:/devkitPro/libctru/lib\libctru.a(mappable.o)
 .text.mappableInit
                0x000000000010c278       0x28 C:/devkitPro/libctru/lib\libctru.a(mappable.o)
                0x000000000010c278                mappableInit
 .text.mappableAlloc
                0x000000000010c2a0       0x80 C:/devkitPro/libctru/lib\libctru.a(mappable.o)
                0x000000000010c2a0                mappableAlloc
 .text.mappableFree
                0x000000000010c320        0x4 C:/devkitPro/libctru/lib\libctru.a(mappable.o)
                0x000000000010c320                mappableFree
 .text.irrstInit
                0x000000000010c324      0x164 C:/devkitPro/libctru/lib\libctru.a(irrst.o)
                0x000000000010c324                irrstInit
 .text.irrstExit
                0x000000000010c488       0xcc C:/devkitPro/libctru/lib\libctru.a(irrst.o)
                0x000000000010c488                irrstExit
 .text.irrstScanInput
                0x000000000010c554       0xb4 C:/devkitPro/libctru/lib\libctru.a(irrst.o)
                0x000000000010c554                irrstScanInput
 .text.irrstKeysHeld
                0x000000000010c608       0x24 C:/devkitPro/libctru/lib\libctru.a(irrst.o)
                0x000000000010c608                irrstKeysHeld
 .text.srvPmGetSessionHandle
                0x000000000010c62c        0xc C:/devkitPro/libctru/lib\libctru.a(srvpm.o)
                0x000000000010c62c                srvPmGetSessionHandle
 .text.rbtree_node_next
                0x000000000010c638       0x5c C:/devkitPro/libctru/lib\libctru.a(rbtree_iterator.o)
                0x000000000010c638                rbtree_node_next
 .text.__appInit
                0x000000000010c694       0x30 C:/devkitPro/libctru/lib\libctru.a(appInit.o)
                0x000000000010c694                __appInit
 .text.__syscall_getreent
                0x000000000010c6c4       0x30 C:/devkitPro/libctru/lib\libctru.a(syscalls.o)
                0x000000000010c6c4                __syscall_getreent
 .text.__syscall_lock_acquire_recursive
                0x000000000010c6f4        0x4 C:/devkitPro/libctru/lib\libctru.a(syscalls.o)
                0x000000000010c6f4                __syscall_lock_acquire_recursive
 .text.__syscall_lock_release_recursive
                0x000000000010c6f8        0x4 C:/devkitPro/libctru/lib\libctru.a(syscalls.o)
                0x000000000010c6f8                __syscall_lock_release_recursive
 .text.__syscall_exit
                0x000000000010c6fc        0x4 C:/devkitPro/libctru/lib\libctru.a(syscalls.o)
                0x000000000010c6fc                __syscall_exit
 .text.initThreadVars
                0x000000000010c700       0x50 C:/devkitPro/libctru/lib\libctru.a(syscalls.o)
                0x000000000010c700                initThreadVars
 .text.__system_initSyscalls
                0x000000000010c750       0x68 C:/devkitPro/libctru/lib\libctru.a(syscalls.o)
                0x000000000010c750                __system_initSyscalls
 .text.__appExit
                0x000000000010c7b8       0x30 C:/devkitPro/libctru/lib\libctru.a(appExit.o)
                0x000000000010c7b8                __appExit
 .text.__libctru_exit
                0x000000000010c7e8       0x90 C:/devkitPro/libctru/lib\libctru.a(ctru_exit.o)
                0x000000000010c7e8                __libctru_exit
 .text.envGetHandle
                0x000000000010c878       0x84 C:/devkitPro/libctru/lib\libctru.a(env.o)
                0x000000000010c878                envGetHandle
 .text.envDestroyHandles
                0x000000000010c8fc       0x50 C:/devkitPro/libctru/lib\libctru.a(env.o)
                0x000000000010c8fc                envDestroyHandles
 .text.archive_link
                0x000000000010c94c       0x14 C:/devkitPro/libctru/lib\libctru.a(archive_dev.o)
 .text.archive_dirreset
                0x000000000010c960       0x14 C:/devkitPro/libctru/lib\libctru.a(archive_dev.o)
 .text.archive_chmod
                0x000000000010c974       0x14 C:/devkitPro/libctru/lib\libctru.a(archive_dev.o)
 .text.error_cmp
                0x000000000010c988       0x24 C:/devkitPro/libctru/lib\libctru.a(archive_dev.o)
 .text.archive_translate_error
                0x000000000010c9ac       0x50 C:/devkitPro/libctru/lib\libctru.a(archive_dev.o)
 .text.archive_seek
                0x000000000010c9fc       0xc8 C:/devkitPro/libctru/lib\libctru.a(archive_dev.o)
 .text._archiveInit.part.0
                0x000000000010cac4       0x7c C:/devkitPro/libctru/lib\libctru.a(archive_dev.o)
 .text.archiveFindDevice.part.0
                0x000000000010cb40       0xc4 C:/devkitPro/libctru/lib\libctru.a(archive_dev.o)
 .text.archive_utf16path
                0x000000000010cc04      0x25c C:/devkitPro/libctru/lib\libctru.a(archive_dev.o)
 .text._archiveUnmountDeviceStruct.part.0
                0x000000000010ce60       0xa0 C:/devkitPro/libctru/lib\libctru.a(archive_dev.o)
 .text.archive_fchmod
                0x000000000010cf00       0x14 C:/devkitPro/libctru/lib\libctru.a(archive_dev.o)
 .text.archive_statvfs
                0x000000000010cf14       0x14 C:/devkitPro/libctru/lib\libctru.a(archive_dev.o)
 .text._archiveMountDevice
                0x000000000010cf28      0x164 C:/devkitPro/libctru/lib\libctru.a(archive_dev.o)
 .text.archive_diropen
                0x000000000010d08c       0xe8 C:/devkitPro/libctru/lib\libctru.a(archive_dev.o)
 .text.archive_fstat
                0x000000000010d174       0xa4 C:/devkitPro/libctru/lib\libctru.a(archive_dev.o)
 .text.archive_close
                0x000000000010d218       0x6c C:/devkitPro/libctru/lib\libctru.a(archive_dev.o)
 .text.archive_fsync
                0x000000000010d284       0x6c C:/devkitPro/libctru/lib\libctru.a(archive_dev.o)
 .text.archive_dirclose
                0x000000000010d2f0       0x70 C:/devkitPro/libctru/lib\libctru.a(archive_dev.o)
 .text.sdmc_statvfs
                0x000000000010d360       0xe8 C:/devkitPro/libctru/lib\libctru.a(archive_dev.o)
 .text.archive_chdir
                0x000000000010d448       0xec C:/devkitPro/libctru/lib\libctru.a(archive_dev.o)
 .text.archive_ftruncate
                0x000000000010d534       0x7c C:/devkitPro/libctru/lib\libctru.a(archive_dev.o)
 .text.archive_read
                0x000000000010d5b0       0xac C:/devkitPro/libctru/lib\libctru.a(archive_dev.o)
 .text.archive_unlink
                0x000000000010d65c       0xa4 C:/devkitPro/libctru/lib\libctru.a(archive_dev.o)
 .text.archive_rmdir
                0x000000000010d700       0xbc C:/devkitPro/libctru/lib\libctru.a(archive_dev.o)
 .text.archive_mkdir
                0x000000000010d7bc       0xdc C:/devkitPro/libctru/lib\libctru.a(archive_dev.o)
 .text.archive_stat
                0x000000000010d898      0x19c C:/devkitPro/libctru/lib\libctru.a(archive_dev.o)
 .text.archive_dirnext
                0x000000000010da34      0x15c C:/devkitPro/libctru/lib\libctru.a(archive_dev.o)
 .text.archive_write
                0x000000000010db90       0xec C:/devkitPro/libctru/lib\libctru.a(archive_dev.o)
 .text.archive_open
                0x000000000010dc7c      0x1d4 C:/devkitPro/libctru/lib\libctru.a(archive_dev.o)
 .text.archive_rename
                0x000000000010de50      0x278 C:/devkitPro/libctru/lib\libctru.a(archive_dev.o)
 .text.archiveMountSdmc
                0x000000000010e0c8      0x19c C:/devkitPro/libctru/lib\libctru.a(archive_dev.o)
                0x000000000010e0c8                archiveMountSdmc
 .text.archiveUnmountAll
                0x000000000010e264       0x54 C:/devkitPro/libctru/lib\libctru.a(archive_dev.o)
                0x000000000010e264                archiveUnmountAll
 .text.fsInit   0x000000000010e2b8       0xcc C:/devkitPro/libctru/lib\libctru.a(fs.o)
                0x000000000010e2b8                fsInit
 .text.fsExit   0x000000000010e384       0x3c C:/devkitPro/libctru/lib\libctru.a(fs.o)
                0x000000000010e384                fsExit
 .text.fsExemptFromSession
                0x000000000010e3c0       0x60 C:/devkitPro/libctru/lib\libctru.a(fs.o)
                0x000000000010e3c0                fsExemptFromSession
 .text.fsUnexemptFromSession
                0x000000000010e420       0x50 C:/devkitPro/libctru/lib\libctru.a(fs.o)
                0x000000000010e420                fsUnexemptFromSession
 .text.FSUSER_OpenFile
                0x000000000010e470       0xcc C:/devkitPro/libctru/lib\libctru.a(fs.o)
                0x000000000010e470                FSUSER_OpenFile
 .text.FSUSER_DeleteFile
                0x000000000010e53c       0xbc C:/devkitPro/libctru/lib\libctru.a(fs.o)
                0x000000000010e53c                FSUSER_DeleteFile
 .text.FSUSER_RenameFile
                0x000000000010e5f8       0xf8 C:/devkitPro/libctru/lib\libctru.a(fs.o)
                0x000000000010e5f8                FSUSER_RenameFile
 .text.FSUSER_DeleteDirectory
                0x000000000010e6f0       0xbc C:/devkitPro/libctru/lib\libctru.a(fs.o)
                0x000000000010e6f0                FSUSER_DeleteDirectory
 .text.FSUSER_CreateFile
                0x000000000010e7ac       0xd4 C:/devkitPro/libctru/lib\libctru.a(fs.o)
                0x000000000010e7ac                FSUSER_CreateFile
 .text.FSUSER_CreateDirectory
                0x000000000010e880       0xc4 C:/devkitPro/libctru/lib\libctru.a(fs.o)
                0x000000000010e880                FSUSER_CreateDirectory
 .text.FSUSER_RenameDirectory
                0x000000000010e944       0xf8 C:/devkitPro/libctru/lib\libctru.a(fs.o)
                0x000000000010e944                FSUSER_RenameDirectory
 .text.FSUSER_OpenDirectory
                0x000000000010ea3c       0xb4 C:/devkitPro/libctru/lib\libctru.a(fs.o)
                0x000000000010ea3c                FSUSER_OpenDirectory
 .text.FSUSER_OpenArchive
                0x000000000010eaf0       0x98 C:/devkitPro/libctru/lib\libctru.a(fs.o)
                0x000000000010eaf0                FSUSER_OpenArchive
 .text.FSUSER_CloseArchive
                0x000000000010eb88       0x8c C:/devkitPro/libctru/lib\libctru.a(fs.o)
                0x000000000010eb88                FSUSER_CloseArchive
 .text.FSUSER_GetSdmcArchiveResource
                0x000000000010ec14       0x74 C:/devkitPro/libctru/lib\libctru.a(fs.o)
                0x000000000010ec14                FSUSER_GetSdmcArchiveResource
 .text.FSUSER_IsSdmcWritable
                0x000000000010ec88       0x64 C:/devkitPro/libctru/lib\libctru.a(fs.o)
                0x000000000010ec88                FSUSER_IsSdmcWritable
 .text.FSFILE_Read
                0x000000000010ecec       0x58 C:/devkitPro/libctru/lib\libctru.a(fs.o)
                0x000000000010ecec                FSFILE_Read
 .text.FSFILE_Write
                0x000000000010ed44       0x60 C:/devkitPro/libctru/lib\libctru.a(fs.o)
                0x000000000010ed44                FSFILE_Write
 .text.FSFILE_GetSize
                0x000000000010eda4       0x3c C:/devkitPro/libctru/lib\libctru.a(fs.o)
                0x000000000010eda4                FSFILE_GetSize
 .text.FSFILE_SetSize
                0x000000000010ede0       0x28 C:/devkitPro/libctru/lib\libctru.a(fs.o)
                0x000000000010ede0                FSFILE_SetSize
 .text.FSFILE_Close
                0x000000000010ee08       0x3c C:/devkitPro/libctru/lib\libctru.a(fs.o)
                0x000000000010ee08                FSFILE_Close
 .text.FSFILE_Flush
                0x000000000010ee44       0x24 C:/devkitPro/libctru/lib\libctru.a(fs.o)
                0x000000000010ee44                FSFILE_Flush
 .text.FSDIR_Read
                0x000000000010ee68       0x50 C:/devkitPro/libctru/lib\libctru.a(fs.o)
                0x000000000010ee68                FSDIR_Read
 .text.FSDIR_Close
                0x000000000010eeb8       0x3c C:/devkitPro/libctru/lib\libctru.a(fs.o)
                0x000000000010eeb8                FSDIR_Close
 .text.utf16_to_utf8
                0x000000000010eef4       0xe8 C:/devkitPro/libctru/lib\libctru.a(utf16_to_utf8.o)
                0x000000000010eef4                utf16_to_utf8
 .text.decode_utf16
                0x000000000010efdc       0x64 C:/devkitPro/libctru/lib\libctru.a(decode_utf16.o)
                0x000000000010efdc                decode_utf16
 .text.decode_utf8
                0x000000000010f040      0x13c C:/devkitPro/libctru/lib\libctru.a(decode_utf8.o)
                0x000000000010f040                decode_utf8
 .text.utf8_to_utf16
                0x000000000010f17c       0xc0 C:/devkitPro/libctru/lib\libctru.a(utf8_to_utf16.o)
                0x000000000010f17c                utf8_to_utf16
 .text.__aeabi_read_tp
                0x000000000010f23c        0xc C:/devkitPro/libctru/lib\libctru.a(readtp.o)
                0x000000000010f23c                __aeabi_read_tp
 .text.encode_utf16
                0x000000000010f248       0x54 C:/devkitPro/libctru/lib\libctru.a(encode_utf16.o)
                0x000000000010f248                encode_utf16
 .text.encode_utf8
                0x000000000010f29c       0xe0 C:/devkitPro/libctru/lib\libctru.a(encode_utf8.o)
                0x000000000010f29c                encode_utf8
 *fill*         0x000000000010f37c        0x4 
 .text.cosf     0x000000000010f380      0x22c c:/devkitpro/devkitarm/bin/../lib/gcc/arm-none-eabi/12.1.0/../../../../arm-none-eabi/lib/armv6k/fpu\libm.a(lib_a-cosf.o)
                0x000000000010f380                cosf
 .text.with_errnof
                0x000000000010f5ac       0x24 c:/devkitpro/devkitarm/bin/../lib/gcc/arm-none-eabi/12.1.0/../../../../arm-none-eabi/lib/armv6k/fpu\libm.a(lib_a-math_errf.o)
 .text.__math_invalidf
                0x000000000010f5d0       0x1c c:/devkitpro/devkitarm/bin/../lib/gcc/arm-none-eabi/12.1.0/../../../../arm-none-eabi/lib/armv6k/fpu\libm.a(lib_a-math_errf.o)
                0x000000000010f5d0                __math_invalidf
 .text.tanf     0x000000000010f5ec       0x70 c:/devkitpro/devkitarm/bin/../lib/gcc/arm-none-eabi/12.1.0/../../../../arm-none-eabi/lib/armv6k/fpu\libm.a(lib_a-sf_tan.o)
                0x000000000010f5ec                tanf
 *fill*         0x000000000010f65c        0x4 
 .text.sinf     0x000000000010f660      0x24c c:/devkitpro/devkitarm/bin/../lib/gcc/arm-none-eabi/12.1.0/../../../../arm-none-eabi/lib/armv6k/fpu\libm.a(lib_a-sinf.o)
                0x000000000010f660                sinf
 .text.__ieee754_rem_pio2f
                0x000000000010f8ac      0x2c8 c:/devkitpro/devkitarm/bin/../lib/gcc/arm-none-eabi/12.1.0/../../../../arm-none-eabi/lib/armv6k/fpu\libm.a(lib_a-ef_rem_pio2.o)
                0x000000000010f8ac                __ieee754_rem_pio2f
 .text.__kernel_rem_pio2f
                0x000000000010fb74      0x880 c:/devkitpro/devkitarm/bin/../lib/gcc/arm-none-eabi/12.1.0/../../../../arm-none-eabi/lib/armv6k/fpu\libm.a(lib_a-kf_rem_pio2.o)
                0x000000000010fb74                __kernel_rem_pio2f
 .text.__kernel_tanf
                0x00000000001103f4      0x208 c:/devkitpro/devkitarm/bin/../lib/gcc/arm-none-eabi/12.1.0/../../../../arm-none-eabi/lib/armv6k/fpu\libm.a(lib_a-kf_tan.o)
                0x00000000001103f4                __kernel_tanf
 .text.fabsf    0x00000000001105fc       0x10 c:/devkitpro/devkitarm/bin/../lib/gcc/arm-none-eabi/12.1.0/../../../../arm-none-eabi/lib/armv6k/fpu\libm.a(lib_a-sf_fabs.o)
                0x00000000001105fc                fabsf
 .text.floorf   0x000000000011060c       0xc0 c:/devkitpro/devkitarm/bin/../lib/gcc/arm-none-eabi/12.1.0/../../../../arm-none-eabi/lib/armv6k/fpu\libm.a(lib_a-sf_floor.o)
                0x000000000011060c                floorf
 .text.scalbnf  0x00000000001106cc      0x12c c:/devkitpro/devkitarm/bin/../lib/gcc/arm-none-eabi/12.1.0/../../../../arm-none-eabi/lib/armv6k/fpu\libm.a(lib_a-sf_scalbn.o)
                0x00000000001106cc                scalbnf
 .text.bsearch  0x00000000001107f8       0x78 c:/devkitpro/devkitarm/bin/../lib/gcc/arm-none-eabi/12.1.0/../../../../arm-none-eabi/lib/armv6k/fpu\libg.a(lib_a-bsearch.o)
                0x00000000001107f8                bsearch
 .text.calloc   0x0000000000110870       0x20 c:/devkitpro/devkitarm/bin/../lib/gcc/arm-none-eabi/12.1.0/../../../../arm-none-eabi/lib/armv6k/fpu\libg.a(lib_a-calloc.o)
                0x0000000000110870                calloc
 .text._calloc_r
                0x0000000000110890       0xc0 c:/devkitpro/devkitarm/bin/../lib/gcc/arm-none-eabi/12.1.0/../../../../arm-none-eabi/lib/armv6k/fpu\libg.a(lib_a-callocr.o)
                0x0000000000110890                _calloc_r
 .text.__errno  0x0000000000110950        0xc c:/devkitpro/devkitarm/bin/../lib/gcc/arm-none-eabi/12.1.0/../../../../arm-none-eabi/lib/armv6k/fpu\libg.a(lib_a-errno.o)
                0x0000000000110950                __errno
 .text.exit     0x000000000011095c       0x34 c:/devkitpro/devkitarm/bin/../lib/gcc/arm-none-eabi/12.1.0/../../../../arm-none-eabi/lib/armv6k/fpu\libg.a(lib_a-exit.o)
                0x000000000011095c                exit
 .text.__libc_fini_array
                0x0000000000110990       0x3c c:/devkitpro/devkitarm/bin/../lib/gcc/arm-none-eabi/12.1.0/../../../../arm-none-eabi/lib/armv6k/fpu\libg.a(lib_a-fini.o)
                0x0000000000110990                __libc_fini_array
 .text._malloc_trim_r
                0x00000000001109cc       0xf8 c:/devkitpro/devkitarm/bin/../lib/gcc/arm-none-eabi/12.1.0/../../../../arm-none-eabi/lib/armv6k/fpu\libg.a(lib_a-freer.o)
                0x00000000001109cc                _malloc_trim_r
 .text._free_r  0x0000000000110ac4      0x2e8 c:/devkitpro/devkitarm/bin/../lib/gcc/arm-none-eabi/12.1.0/../../../../arm-none-eabi/lib/armv6k/fpu\libg.a(lib_a-freer.o)
                0x0000000000110ac4                _free_r
 .text.__libc_init_array
                0x0000000000110dac       0x84 c:/devkitpro/devkitarm/bin/../lib/gcc/arm-none-eabi/12.1.0/../../../../arm-none-eabi/lib/armv6k/fpu\libg.a(lib_a-init.o)
                0x0000000000110dac                __libc_init_array
 .text.memalign
                0x0000000000110e30       0x20 c:/devkitpro/devkitarm/bin/../lib/gcc/arm-none-eabi/12.1.0/../../../../arm-none-eabi/lib/armv6k/fpu\libg.a(lib_a-malign.o)
                0x0000000000110e30                memalign
 .text._memalign_r
                0x0000000000110e50      0x14c c:/devkitpro/devkitarm/bin/../lib/gcc/arm-none-eabi/12.1.0/../../../../arm-none-eabi/lib/armv6k/fpu\libg.a(lib_a-malignr.o)
                0x0000000000110e50                _memalign_r
 .text.malloc   0x0000000000110f9c       0x18 c:/devkitpro/devkitarm/bin/../lib/gcc/arm-none-eabi/12.1.0/../../../../arm-none-eabi/lib/armv6k/fpu\libg.a(lib_a-malloc.o)
                0x0000000000110f9c                malloc
 .text.free     0x0000000000110fb4       0x18 c:/devkitpro/devkitarm/bin/../lib/gcc/arm-none-eabi/12.1.0/../../../../arm-none-eabi/lib/armv6k/fpu\libg.a(lib_a-malloc.o)
                0x0000000000110fb4                free
 .text._malloc_r
                0x0000000000110fcc      0x7e4 c:/devkitpro/devkitarm/bin/../lib/gcc/arm-none-eabi/12.1.0/../../../../arm-none-eabi/lib/armv6k/fpu\libg.a(lib_a-mallocr.o)
                0x0000000000110fcc                _malloc_r
 .text.memcpy   0x00000000001117b0      0x118 c:/devkitpro/devkitarm/bin/../lib/gcc/arm-none-eabi/12.1.0/../../../../arm-none-eabi/lib/armv6k/fpu\libg.a(lib_a-memcpy-stub.o)
                0x00000000001117b0                memcpy
 .text.memset   0x00000000001118c8       0xf4 c:/devkitpro/devkitarm/bin/../lib/gcc/arm-none-eabi/12.1.0/../../../../arm-none-eabi/lib/armv6k/fpu\libg.a(lib_a-memset.o)
                0x00000000001118c8                memset
 .text.__malloc_lock
                0x00000000001119bc        0xc c:/devkitpro/devkitarm/bin/../lib/gcc/arm-none-eabi/12.1.0/../../../../arm-none-eabi/lib/armv6k/fpu\libg.a(lib_a-mlock.o)
                0x00000000001119bc                __malloc_lock
 .text.__malloc_unlock
                0x00000000001119c8        0xc c:/devkitpro/devkitarm/bin/../lib/gcc/arm-none-eabi/12.1.0/../../../../arm-none-eabi/lib/armv6k/fpu\libg.a(lib_a-mlock.o)
                0x00000000001119c8                __malloc_unlock
 .text.strlen   0x00000000001119d4       0x5c c:/devkitpro/devkitarm/bin/../lib/gcc/arm-none-eabi/12.1.0/../../../../arm-none-eabi/lib/armv6k/fpu\libg.a(lib_a-strlen-stub.o)
                0x00000000001119d4                strlen
 .text.strncat  0x0000000000111a30       0xe4 c:/devkitpro/devkitarm/bin/../lib/gcc/arm-none-eabi/12.1.0/../../../../arm-none-eabi/lib/armv6k/fpu\libg.a(lib_a-strncat.o)
                0x0000000000111a30                strncat
 .text.strncmp  0x0000000000111b14       0xe4 c:/devkitpro/devkitarm/bin/../lib/gcc/arm-none-eabi/12.1.0/../../../../arm-none-eabi/lib/armv6k/fpu\libg.a(lib_a-strncmp.o)
                0x0000000000111b14                strncmp
 .text.strncpy  0x0000000000111bf8       0xc4 c:/devkitpro/devkitarm/bin/../lib/gcc/arm-none-eabi/12.1.0/../../../../arm-none-eabi/lib/armv6k/fpu\libg.a(lib_a-strncpy.o)
                0x0000000000111bf8                strncpy
 .text.strnlen  0x0000000000111cbc       0x48 c:/devkitpro/devkitarm/bin/../lib/gcc/arm-none-eabi/12.1.0/../../../../arm-none-eabi/lib/armv6k/fpu\libg.a(lib_a-strnlen.o)
                0x0000000000111cbc                strnlen
 .text._strtoul_l.constprop.0
                0x0000000000111d04      0x1c4 c:/devkitpro/devkitarm/bin/../lib/gcc/arm-none-eabi/12.1.0/../../../../arm-none-eabi/lib/armv6k/fpu\libg.a(lib_a-strtoul.o)
 .text.strtoul  0x0000000000111ec8       0x28 c:/devkitpro/devkitarm/bin/../lib/gcc/arm-none-eabi/12.1.0/../../../../arm-none-eabi/lib/armv6k/fpu\libg.a(lib_a-strtoul.o)
                0x0000000000111ec8                strtoul
 .text.__call_exitprocs
                0x0000000000111ef0      0x114 c:/devkitpro/devkitarm/bin/../lib/gcc/arm-none-eabi/12.1.0/../../../../arm-none-eabi/lib/armv6k/fpu\libg.a(lib_a-__call_atexit.o)
                0x0000000000111ef0                __call_exitprocs
 .text.null_write
                0x0000000000112004        0x8 c:/devkitpro/devkitarm/bin/../lib/gcc/arm-none-eabi/12.1.0/../../../../arm-none-eabi/lib/armv6k/fpu\libsysbase.a(iosupport.o)
 .text.setDefaultDevice
                0x000000000011200c       0x18 c:/devkitpro/devkitarm/bin/../lib/gcc/arm-none-eabi/12.1.0/../../../../arm-none-eabi/lib/armv6k/fpu\libsysbase.a(iosupport.o)
                0x000000000011200c                setDefaultDevice
 .text.FindDevice
                0x0000000000112024       0xc8 c:/devkitpro/devkitarm/bin/../lib/gcc/arm-none-eabi/12.1.0/../../../../arm-none-eabi/lib/armv6k/fpu\libsysbase.a(iosupport.o)
                0x0000000000112024                FindDevice
 .text.RemoveDevice
                0x00000000001120ec       0x28 c:/devkitpro/devkitarm/bin/../lib/gcc/arm-none-eabi/12.1.0/../../../../arm-none-eabi/lib/armv6k/fpu\libsysbase.a(iosupport.o)
                0x00000000001120ec                RemoveDevice
 .text.AddDevice
                0x0000000000112114       0x9c c:/devkitpro/devkitarm/bin/../lib/gcc/arm-none-eabi/12.1.0/../../../../arm-none-eabi/lib/armv6k/fpu\libsysbase.a(iosupport.o)
                0x0000000000112114                AddDevice
 .text.GetDeviceOpTab
                0x00000000001121b0       0x20 c:/devkitpro/devkitarm/bin/../lib/gcc/arm-none-eabi/12.1.0/../../../../arm-none-eabi/lib/armv6k/fpu\libsysbase.a(iosupport.o)
                0x00000000001121b0                GetDeviceOpTab
 .text._sbrk_r  0x00000000001121d0       0x78 c:/devkitpro/devkitarm/bin/../lib/gcc/arm-none-eabi/12.1.0/../../../../arm-none-eabi/lib/armv6k/fpu\libsysbase.a(sbrk.o)
                0x00000000001121d0                _sbrk_r
 .text._exit    0x0000000000112248       0x20 c:/devkitpro/devkitarm/bin/../lib/gcc/arm-none-eabi/12.1.0/../../../../arm-none-eabi/lib/armv6k/fpu\libsysbase.a(_exit.o)
                0x0000000000112248                _exit
 .text._concatenate_path
                0x0000000000112268      0x1a4 c:/devkitpro/devkitarm/bin/../lib/gcc/arm-none-eabi/12.1.0/../../../../arm-none-eabi/lib/armv6k/fpu\libsysbase.a(chdir.o)
                0x0000000000112268                _concatenate_path
 .text.chdir    0x000000000011240c      0x140 c:/devkitpro/devkitarm/bin/../lib/gcc/arm-none-eabi/12.1.0/../../../../arm-none-eabi/lib/armv6k/fpu\libsysbase.a(chdir.o)
                0x000000000011240c                chdir
 .text.__getreent
                0x000000000011254c       0x2c c:/devkitpro/devkitarm/bin/../lib/gcc/arm-none-eabi/12.1.0/../../../../arm-none-eabi/lib/armv6k/fpu\libsysbase.a(getreent.o)
                0x000000000011254c                __getreent
 .text.__libc_lock_acquire_recursive
                0x0000000000112578       0x1c c:/devkitpro/devkitarm/bin/../lib/gcc/arm-none-eabi/12.1.0/../../../../arm-none-eabi/lib/armv6k/fpu\libsysbase.a(syscall_support.o)
                0x0000000000112578                __libc_lock_acquire_recursive
 .text.__libc_lock_release_recursive
                0x0000000000112594       0x1c c:/devkitpro/devkitarm/bin/../lib/gcc/arm-none-eabi/12.1.0/../../../../arm-none-eabi/lib/armv6k/fpu\libsysbase.a(syscall_support.o)
                0x0000000000112594                __libc_lock_release_recursive
 .text.strchr   0x00000000001125b0      0x130 c:/devkitpro/devkitarm/bin/../lib/gcc/arm-none-eabi/12.1.0/../../../../arm-none-eabi/lib/armv6k/fpu\libg.a(lib_a-strchr.o)
                0x00000000001125b0                strchr
 .text.strrchr  0x00000000001126e0       0x48 c:/devkitpro/devkitarm/bin/../lib/gcc/arm-none-eabi/12.1.0/../../../../arm-none-eabi/lib/armv6k/fpu\libg.a(lib_a-strrchr.o)
                0x00000000001126e0                strrchr
 *(.glue_7)
 .glue_7        0x0000000000112728        0x0 linker stubs
 *(.glue_7t)
 .glue_7t       0x0000000000112728        0x0 linker stubs
 *(.stub)
 *(.gnu.warning)
 *(.gnu.linkonce.t*)
                0x0000000000112728                . = ALIGN (0x4)
 *(.fini)
 .fini          0x0000000000112728        0xc c:/devkitpro/devkitarm/bin/../lib/gcc/arm-none-eabi/12.1.0/armv6k/fpu/crti.o
                0x0000000000112728                _fini
 .fini          0x0000000000112734        0xc c:/devkitpro/devkitarm/bin/../lib/gcc/arm-none-eabi/12.1.0/armv6k/fpu/crtn.o
                0x0000000000112740                . = ALIGN (0x4)

.vfp11_veneer   0x0000000000112740        0x0
 .vfp11_veneer  0x0000000000112740        0x0 linker stubs

.v4_bx          0x0000000000112740        0x0
 .v4_bx         0x0000000000112740        0x0 linker stubs

.iplt           0x0000000000112740        0x0
 .iplt          0x0000000000112740        0x0 c:/devkitpro/devkitarm/bin/../lib/gcc/arm-none-eabi/12.1.0/../../../../arm-none-eabi/lib/armv6k/fpu/3dsx_crt0.o
                0x0000000000113000                . = ALIGN (0x1000)

.rodata         0x0000000000113000     0x65ac
 *(.rodata)
 .rodata        0x0000000000113000     0x5100 main.o
 .rodata        0x0000000000118100        0x3 C:/devkitPro/libctru/lib\libctru.a(apt.o)
 *fill*         0x0000000000118103        0x1 
 .rodata        0x0000000000118104        0xc C:/devkitPro/libctru/lib\libctru.a(archive_dev.o)
 *(.roda)
 *(.rodata.*)
 .rodata.vshader_shbin
                0x0000000000118110      0x20c vshader.shbin.o
                0x0000000000118110                vshader_shbin
                0x0000000000118318                vshader_shbin_size
                0x0000000000118318                vshader_shbin_end
 .rodata.eye_t3x
                0x000000000011831c       0xb5 eye.t3x.o
                0x000000000011831c                eye_t3x
                0x00000000001183d1                eye_t3x_end
 *fill*         0x00000000001183d1        0x3 
 .rodata.kitten_t3x
                0x00000000001183d4      0x975 kitten.t3x.o
                0x00000000001183d4                kitten_t3x
                0x0000000000118d49                kitten_t3x_end
 *fill*         0x0000000000118d49        0x3 
 .rodata.str1.4
                0x0000000000118d4c       0x49 main.o
 *fill*         0x0000000000118d95        0x3 
 .rodata.CSWTCH.19
                0x0000000000118d98       0x38 C:/devkitPro/libctru/lib\libcitro3d.a(texture.o)
 .rodata.colorFmtSizes
                0x0000000000118dd0        0x5 C:/devkitPro/libctru/lib\libcitro3d.a(framebuffer.o)
 *fill*         0x0000000000118dd5        0x3 
 .rodata.depthFmtSizes
                0x0000000000118dd8        0x4 C:/devkitPro/libctru/lib\libcitro3d.a(framebuffer.o)
 .rodata.gspInit.str1.4
                0x0000000000118ddc        0x9 C:/devkitPro/libctru/lib\libctru.a(gspgpu.o)
 *fill*         0x0000000000118de5        0x3 
 .rodata.aptSendCommand.str1.4
                0x0000000000118de8       0x16 C:/devkitPro/libctru/lib\libctru.a(apt.o)
 *fill*         0x0000000000118dfe        0x2 
 .rodata.morton_y.2
                0x0000000000118e00        0x8 C:/devkitPro/libctru/lib\libctru.a(apt.o)
 .rodata.morton_x.3
                0x0000000000118e08        0x8 C:/devkitPro/libctru/lib\libctru.a(apt.o)
 .rodata.s_sleepWakeEvents.4
                0x0000000000118e10        0x8 C:/devkitPro/libctru/lib\libctru.a(apt.o)
 .rodata.hidInit.str1.4
                0x0000000000118e18       0x15 C:/devkitPro/libctru/lib\libctru.a(hid.o)
 *fill*         0x0000000000118e2d        0x3 
 .rodata.ptmSysmInit.str1.4
                0x0000000000118e30        0x9 C:/devkitPro/libctru/lib\libctru.a(ptmsysm.o)
 *fill*         0x0000000000118e39        0x3 
 .rodata.__system_initArgv.str1.4
                0x0000000000118e3c        0xa C:/devkitPro/libctru/lib\libctru.a(initArgv.o)
 *fill*         0x0000000000118e46        0x2 
 .rodata.srvInit.str1.4
                0x0000000000118e48        0x5 C:/devkitPro/libctru/lib\libctru.a(srv.o)
 *fill*         0x0000000000118e4d        0x3 
 .rodata.irrstInit.str1.4
                0x0000000000118e50        0x7 C:/devkitPro/libctru/lib\libctru.a(irrst.o)
 *fill*         0x0000000000118e57        0x1 
 .rodata._archiveUnmountDeviceStruct.part.0.str1.4
                0x0000000000118e58        0x2 C:/devkitPro/libctru/lib\libctru.a(archive_dev.o)
 *fill*         0x0000000000118e5a        0x2 
 .rodata._archiveMountDevice.str1.4
                0x0000000000118e5c        0x8 C:/devkitPro/libctru/lib\libctru.a(archive_dev.o)
                                          0xc (size before relaxing)
 .rodata.archiveMountSdmc.str1.4
                0x0000000000118e64        0x5 C:/devkitPro/libctru/lib\libctru.a(archive_dev.o)
 *fill*         0x0000000000118e69        0x3 
 .rodata.error_table
                0x0000000000118e6c       0x30 C:/devkitPro/libctru/lib\libctru.a(archive_dev.o)
 .rodata.str1.4
                0x0000000000118e9c        0x8 C:/devkitPro/libctru/lib\libctru.a(archive_dev.o)
 .rodata.archive_devoptab
                0x0000000000118ea4       0x70 C:/devkitPro/libctru/lib\libctru.a(archive_dev.o)
 .rodata.fsInit.str1.4
                0x0000000000118f14        0x8 C:/devkitPro/libctru/lib\libctru.a(fs.o)
 .rodata.__inv_pio4
                0x0000000000118f1c       0x60 c:/devkitpro/devkitarm/bin/../lib/gcc/arm-none-eabi/12.1.0/../../../../arm-none-eabi/lib/armv6k/fpu\libm.a(lib_a-sincosf_data.o)
                0x0000000000118f1c                __inv_pio4
 *fill*         0x0000000000118f7c        0x4 
 .rodata.__sincosf_table
                0x0000000000118f80       0xe0 c:/devkitpro/devkitarm/bin/../lib/gcc/arm-none-eabi/12.1.0/../../../../arm-none-eabi/lib/armv6k/fpu\libm.a(lib_a-sincosf_data.o)
                0x0000000000118f80                __sincosf_table
 .rodata.npio2_hw
                0x0000000000119060       0x80 c:/devkitpro/devkitarm/bin/../lib/gcc/arm-none-eabi/12.1.0/../../../../arm-none-eabi/lib/armv6k/fpu\libm.a(lib_a-ef_rem_pio2.o)
 .rodata.two_over_pi
                0x00000000001190e0      0x318 c:/devkitpro/devkitarm/bin/../lib/gcc/arm-none-eabi/12.1.0/../../../../arm-none-eabi/lib/armv6k/fpu\libm.a(lib_a-ef_rem_pio2.o)
 .rodata.PIo2   0x00000000001193f8       0x2c c:/devkitpro/devkitarm/bin/../lib/gcc/arm-none-eabi/12.1.0/../../../../arm-none-eabi/lib/armv6k/fpu\libm.a(lib_a-kf_rem_pio2.o)
 .rodata.init_jk
                0x0000000000119424        0xc c:/devkitpro/devkitarm/bin/../lib/gcc/arm-none-eabi/12.1.0/../../../../arm-none-eabi/lib/armv6k/fpu\libm.a(lib_a-kf_rem_pio2.o)
 .rodata._global_impure_ptr
                0x0000000000119430        0x4 c:/devkitpro/devkitarm/bin/../lib/gcc/arm-none-eabi/12.1.0/../../../../arm-none-eabi/lib/armv6k/fpu\libg.a(lib_a-impure.o)
                0x0000000000119430                _global_impure_ptr
 .rodata._ctype_
                0x0000000000119434      0x101 c:/devkitpro/devkitarm/bin/../lib/gcc/arm-none-eabi/12.1.0/../../../../arm-none-eabi/lib/armv6k/fpu\libg.a(lib_a-ctype_.o)
                0x0000000000119434                _ctype_
 .rodata.AddDevice.str1.4
                0x0000000000119535        0x8 c:/devkitpro/devkitarm/bin/../lib/gcc/arm-none-eabi/12.1.0/../../../../arm-none-eabi/lib/armv6k/fpu\libsysbase.a(iosupport.o)
 *fill*         0x0000000000119535        0x3 
 .rodata.dotab_stdnull
                0x0000000000119538       0x70 c:/devkitpro/devkitarm/bin/../lib/gcc/arm-none-eabi/12.1.0/../../../../arm-none-eabi/lib/armv6k/fpu\libsysbase.a(iosupport.o)
                0x0000000000119538                dotab_stdnull
 *all.rodata*(*)
 *(.gnu.linkonce.r*)
                0x00000000001195a8                . = ALIGN (0x4)
                0x00000000001195a8                __tdata_align = .
                0x00000000001195a8        0x4 LONG 0x1 ALIGNOF (.tdata)
                0x00000000001195ac                . = ALIGN (0x4)

.eh_frame       0x00000000001195ac        0x0
 .eh_frame      0x00000000001195ac        0x0 c:/devkitpro/devkitarm/bin/../lib/gcc/arm-none-eabi/12.1.0/armv6k/fpu/crtbegin.o

.rel.dyn        0x00000000001195ac        0x0
 .rel.iplt      0x00000000001195ac        0x0 c:/devkitpro/devkitarm/bin/../lib/gcc/arm-none-eabi/12.1.0/../../../../arm-none-eabi/lib/armv6k/fpu/3dsx_crt0.o
 .rel.got       0x00000000001195ac        0x0 c:/devkitpro/devkitarm/bin/../lib/gcc/arm-none-eabi/12.1.0/../../../../arm-none-eabi/lib/armv6k/fpu/3dsx_crt0.o

.ARM.extab
 *(.ARM.extab* .gnu.linkonce.armextab.*)
                0x00000000001195ac                __exidx_start = .

ARM.exidx
 *(.ARM.exidx* .gnu.linkonce.armexidx.*)
                0x00000000001195ac                __exidx_end = .
                0x000000000011a000                . = ALIGN (0x1000)

.data           0x000000000011a000      0xd68
 *(.data)
 .data          0x000000000011a000       0x40 main.o
                0x000000000011a000                material
 *(.data.*)
 .data.framerate
                0x000000000011a040        0x4 C:/devkitPro/libctru/lib\libcitro3d.a(renderqueue.o)
 .data.framerateCounter
                0x000000000011a044        0x8 C:/devkitPro/libctru/lib\libcitro3d.a(renderqueue.o)
 .data.queueLock
                0x000000000011a04c        0x4 C:/devkitPro/libctru/lib\libctru.a(gxqueue.o)
 .data.kCount   0x000000000011a050        0x4 C:/devkitPro/libctru/lib\libctru.a(hid.o)
 .data.kInterval
                0x000000000011a054        0x4 C:/devkitPro/libctru/lib\libctru.a(hid.o)
 .data.kDelay   0x000000000011a058        0x4 C:/devkitPro/libctru/lib\libctru.a(hid.o)
 .data.__stacksize__
                0x000000000011a05c        0x4 C:/devkitPro/libctru/lib\libctru.a(stack_adjust.o)
                0x000000000011a05c                __stacksize__
 .data._impure_ptr
                0x000000000011a060        0x4 c:/devkitpro/devkitarm/bin/../lib/gcc/arm-none-eabi/12.1.0/../../../../arm-none-eabi/lib/armv6k/fpu\libg.a(lib_a-impure.o)
                0x000000000011a060                _impure_ptr
 *fill*         0x000000000011a064        0x4 
 .data.impure_data
                0x000000000011a068      0x460 c:/devkitpro/devkitarm/bin/../lib/gcc/arm-none-eabi/12.1.0/../../../../arm-none-eabi/lib/armv6k/fpu\libg.a(lib_a-impure.o)
 .data.__malloc_sbrk_base
                0x000000000011a4c8        0x4 c:/devkitpro/devkitarm/bin/../lib/gcc/arm-none-eabi/12.1.0/../../../../arm-none-eabi/lib/armv6k/fpu\libg.a(lib_a-mallocr.o)
                0x000000000011a4c8                __malloc_sbrk_base
 .data.__malloc_trim_threshold
                0x000000000011a4cc        0x4 c:/devkitpro/devkitarm/bin/../lib/gcc/arm-none-eabi/12.1.0/../../../../arm-none-eabi/lib/armv6k/fpu\libg.a(lib_a-mallocr.o)
                0x000000000011a4cc                __malloc_trim_threshold
 .data.__malloc_av_
                0x000000000011a4d0      0x408 c:/devkitpro/devkitarm/bin/../lib/gcc/arm-none-eabi/12.1.0/../../../../arm-none-eabi/lib/armv6k/fpu\libg.a(lib_a-mallocr.o)
                0x000000000011a4d0                __malloc_av_
 .data.devoptab_list
                0x000000000011a8d8       0x8c c:/devkitpro/devkitarm/bin/../lib/gcc/arm-none-eabi/12.1.0/../../../../arm-none-eabi/lib/armv6k/fpu\libsysbase.a(iosupport.o)
                0x000000000011a8d8                devoptab_list
 .data.defaultDevice
                0x000000000011a964        0x4 c:/devkitpro/devkitarm/bin/../lib/gcc/arm-none-eabi/12.1.0/../../../../arm-none-eabi/lib/armv6k/fpu\libsysbase.a(iosupport.o)
 .data._current_working_directory
                0x000000000011a968      0x400 c:/devkitpro/devkitarm/bin/../lib/gcc/arm-none-eabi/12.1.0/../../../../arm-none-eabi/lib/armv6k/fpu\libsysbase.a(chdir.o)
 *(.gnu.linkonce.d*)
                0x000000000011ad68                . = ALIGN (0x4)

.igot.plt       0x000000000011ad68        0x0
 .igot.plt      0x000000000011ad68        0x0 c:/devkitpro/devkitarm/bin/../lib/gcc/arm-none-eabi/12.1.0/../../../../arm-none-eabi/lib/armv6k/fpu/3dsx_crt0.o

.got            0x000000000011ad68        0x8
 .got           0x000000000011ad68        0x8 c:/devkitpro/devkitarm/bin/../lib/gcc/arm-none-eabi/12.1.0/../../../../arm-none-eabi/lib/armv6k/fpu/3dsx_crt0.o

.got.plt        0x000000000011ad70        0xc
 .got.plt       0x000000000011ad70        0xc c:/devkitpro/devkitarm/bin/../lib/gcc/arm-none-eabi/12.1.0/../../../../arm-none-eabi/lib/armv6k/fpu/3dsx_crt0.o
                0x000000000011ad70                _GLOBAL_OFFSET_TABLE_

.tdata          0x000000000011ad7c        0x0
                0x000000000011ad7c                __tdata_lma = .
 *(.tdata)
 *(.tdata.*)
 *(.gnu.linkonce.td.*)
                0x000000000011ad7c                . = ALIGN (0x4)
                0x000000000011ad7c                __tdata_lma_end = .

.tbss           0x000000000011ad7c      0xc08
 *(.tbss)
 *(.tbss.*)
 .tbss.__ctru_dev_utf16_buf
                0x000000000011ad7c      0x802 C:/devkitPro/libctru/lib\libctru.a(path_buf.o)
                0x000000000011ad7c                __ctru_dev_utf16_buf
 *fill*         0x000000000011b57e        0x2 
 .tbss.__ctru_dev_path_buf
                0x000000000011b580      0x401 C:/devkitPro/libctru/lib\libctru.a(path_buf.o)
                0x000000000011b580                __ctru_dev_path_buf
 *(.gnu.linkonce.tb.*)
 *(.tcommon)
                0x000000000011b984                . = ALIGN (0x4)
 *fill*         0x000000000011b981        0x3 

.preinit_array  0x000000000011ad7c        0x0
                0x000000000011ad7c                PROVIDE (__preinit_array_start = .)
 *(.preinit_array)
                0x000000000011ad7c                PROVIDE (__preinit_array_end = .)

.init_array     0x000000000011ad7c        0x4
                0x000000000011ad7c                PROVIDE (__init_array_start = .)
 *(SORT_BY_NAME(.init_array.*))
 *(.init_array)
 .init_array    0x000000000011ad7c        0x4 c:/devkitpro/devkitarm/bin/../lib/gcc/arm-none-eabi/12.1.0/armv6k/fpu/crtbegin.o
                0x000000000011ad80                PROVIDE (__init_array_end = .)

.fini_array     0x000000000011ad80        0x4
                0x000000000011ad80                PROVIDE (__fini_array_start = .)
 *(.fini_array)
 .fini_array    0x000000000011ad80        0x4 c:/devkitpro/devkitarm/bin/../lib/gcc/arm-none-eabi/12.1.0/armv6k/fpu/crtbegin.o
 *(SORT_BY_NAME(.fini_array.*))
                0x000000000011ad84                PROVIDE (__fini_array_end = .)

.ctors
 *crtbegin.o(.ctors)
 *(EXCLUDE_FILE(*crtend.o) .ctors)
 *(SORT_BY_NAME(.ctors.*))
 *(.ctors)

.dtors
 *crtbegin.o(.dtors)
 *(EXCLUDE_FILE(*crtend.o) .dtors)
 *(SORT_BY_NAME(.dtors.*))
 *(.dtors)
                0x000000000011ad84                __bss_start__ = .

.bss            0x000000000011ad84    0x1eb64
 *(.dynbss)
 *(.bss)
 .bss           0x000000000011ad84    0x1b1e0 main.o
                0x000000000011ad84                vshader_dvlb
                0x000000000011ad88                shaderProgram
                0x000000000011ad9c                uLoc_projection
                0x000000000011ada0                uLoc_modelView
                0x000000000011ada4                uLoc_lightVec
                0x000000000011ada8                uLoc_lightHalfVec
                0x000000000011adac                uLoc_lightClr
                0x000000000011adb0                uLoc_material
                0x000000000011adb4                projection
                0x000000000011adf4                vbo1Data
                0x000000000011adf8                buf1Info
                0x000000000011ae90                vbo2Data
                0x000000000011ae94                buf2Info
                0x000000000011af2c                kitten_tex
                0x000000000011af44                eyeTexture
                0x000000000011af5c                angleX
                0x000000000011af60                angleY
                0x000000000011af64                teapot2VertexList
                0x0000000000128764                teapot1VertexList
 *(.bss.*)
 .bss.completed.1
                0x0000000000135f64        0x1 c:/devkitpro/devkitarm/bin/../lib/gcc/arm-none-eabi/12.1.0/armv6k/fpu/crtbegin.o
 *fill*         0x0000000000135f65        0x3 
 .bss.object.0  0x0000000000135f68       0x18 c:/devkitpro/devkitarm/bin/../lib/gcc/arm-none-eabi/12.1.0/armv6k/fpu/crtbegin.o
 .bss.__C3D_Context
                0x0000000000135f80      0x2d0 C:/devkitPro/libctru/lib\libcitro3d.a(base.o)
                0x0000000000135f80                __C3D_Context
 .bss.hookCookie
                0x0000000000136250        0xc C:/devkitPro/libctru/lib\libcitro3d.a(base.o)
 *fill*         0x000000000013625c        0x4 
 .bss.cpuTime   0x0000000000136260       0x10 C:/devkitPro/libctru/lib\libcitro3d.a(renderqueue.o)
 .bss.firstTarget
                0x0000000000136270        0x4 C:/devkitPro/libctru/lib\libcitro3d.a(renderqueue.o)
 .bss.frameCounter
                0x0000000000136274        0x8 C:/devkitPro/libctru/lib\libcitro3d.a(renderqueue.o)
 .bss.frameEndCb
                0x000000000013627c        0x4 C:/devkitPro/libctru/lib\libcitro3d.a(renderqueue.o)
 .bss.frameEndCbData
                0x0000000000136280        0x4 C:/devkitPro/libctru/lib\libcitro3d.a(renderqueue.o)
 *fill*         0x0000000000136284        0x4 
 .bss.gpuTime   0x0000000000136288       0x10 C:/devkitPro/libctru/lib\libcitro3d.a(renderqueue.o)
 .bss.inFrame   0x0000000000136298        0x1 C:/devkitPro/libctru/lib\libcitro3d.a(renderqueue.o)
 .bss.inSafeTransfer
                0x0000000000136299        0x1 C:/devkitPro/libctru/lib\libcitro3d.a(renderqueue.o)
 .bss.isTopStereo
                0x000000000013629a        0x1 C:/devkitPro/libctru/lib\libcitro3d.a(renderqueue.o)
 *fill*         0x000000000013629b        0x1 
 .bss.lastTarget
                0x000000000013629c        0x4 C:/devkitPro/libctru/lib\libcitro3d.a(renderqueue.o)
 .bss.linkedTarget
                0x00000000001362a0        0xc C:/devkitPro/libctru/lib\libcitro3d.a(renderqueue.o)
 .bss.measureGpuTime
                0x00000000001362ac        0x1 C:/devkitPro/libctru/lib\libcitro3d.a(renderqueue.o)
 .bss.needSwapBot
                0x00000000001362ad        0x1 C:/devkitPro/libctru/lib\libcitro3d.a(renderqueue.o)
 .bss.needSwapTop
                0x00000000001362ae        0x1 C:/devkitPro/libctru/lib\libcitro3d.a(renderqueue.o)
 *fill*         0x00000000001362af        0x1 
 .bss.C3D_BoolUnifs
                0x00000000001362b0        0x4 C:/devkitPro/libctru/lib\libcitro3d.a(uniforms.o)
                0x00000000001362b0                C3D_BoolUnifs
 .bss.C3D_BoolUnifsDirty
                0x00000000001362b4        0x2 C:/devkitPro/libctru/lib\libcitro3d.a(uniforms.o)
                0x00000000001362b4                C3D_BoolUnifsDirty
 *fill*         0x00000000001362b6        0x2 
 .bss.C3D_FVUnif
                0x00000000001362b8      0xc00 C:/devkitPro/libctru/lib\libcitro3d.a(uniforms.o)
                0x00000000001362b8                C3D_FVUnif
 .bss.C3D_FVUnifDirty
                0x0000000000136eb8       0xc0 C:/devkitPro/libctru/lib\libcitro3d.a(uniforms.o)
                0x0000000000136eb8                C3D_FVUnifDirty
 .bss.C3D_IVUnif
                0x0000000000136f78       0x20 C:/devkitPro/libctru/lib\libcitro3d.a(uniforms.o)
                0x0000000000136f78                C3D_IVUnif
 .bss.C3D_IVUnifDirty
                0x0000000000136f98        0x8 C:/devkitPro/libctru/lib\libcitro3d.a(uniforms.o)
                0x0000000000136f98                C3D_IVUnifDirty
 .bss.C3Di_FVUnifEverDirty
                0x0000000000136fa0       0xc0 C:/devkitPro/libctru/lib\libcitro3d.a(uniforms.o)
 .bss.C3Di_IVUnifEverDirty
                0x0000000000137060        0x8 C:/devkitPro/libctru/lib\libcitro3d.a(uniforms.o)
 .bss.C3Di_ShaderFVecData
                0x0000000000137068       0x18 C:/devkitPro/libctru/lib\libcitro3d.a(uniforms.o)
 .bss._ZL10sVramPoolB
                0x0000000000137080        0x8 C:/devkitPro/libctru/lib\libctru.a(vram.o)
 .bss._ZL10sVramPoolA
                0x0000000000137088        0x8 C:/devkitPro/libctru/lib\libctru.a(vram.o)
 .bss._ZL8sAddrMap
                0x0000000000137090        0xc C:/devkitPro/libctru/lib\libctru.a(vram.o)
 *fill*         0x000000000013709c        0x4 
 .bss._ZL11sLinearPool
                0x00000000001370a0        0x8 C:/devkitPro/libctru/lib\libctru.a(linear.o)
 .bss._ZL8sAddrMap
                0x00000000001370a8        0xc C:/devkitPro/libctru/lib\libctru.a(linear.o)
 .bss.__ctru_speedup
                0x00000000001370b4        0x1 C:/devkitPro/libctru/lib\libctru.a(os.o)
                0x00000000001370b4                __ctru_speedup
 *fill*         0x00000000001370b5        0x3 
 .bss.screenAlloc
                0x00000000001370b8        0x4 C:/devkitPro/libctru/lib\libctru.a(gfx.o)
 .bss.screenFree
                0x00000000001370bc        0x4 C:/devkitPro/libctru/lib\libctru.a(gfx.o)
 .bss.gfxIsDoubleBuf
                0x00000000001370c0        0x2 C:/devkitPro/libctru/lib\libctru.a(gfx.o)
 *fill*         0x00000000001370c2        0x2 
 .bss.gfxCurBuf
                0x00000000001370c4        0x2 C:/devkitPro/libctru/lib\libctru.a(gfx.o)
 .bss.gfxIsVram
                0x00000000001370c6        0x1 C:/devkitPro/libctru/lib\libctru.a(gfx.o)
 .bss.gfxTopMode
                0x00000000001370c7        0x1 C:/devkitPro/libctru/lib\libctru.a(gfx.o)
 .bss.gfxFramebufferFormats